BL51 BANKED LINKER/LOCATER V6.22                                                        10/19/2020  14:26:54  PAGE 1


BL51 BANKED LINKER/LOCATER V6.22, INVOKED BY:
C:\PROGRAM_LIST\KEIL\C51\BIN\BL51.EXE .\Objects\STARTUP.obj, .\Objects\main.obj, .\Objects\delay.obj, .\Objects\adc.obj,
>>  .\Objects\flash.obj, .\Objects\uart.obj, .\Objects\key.obj, .\Objects\pwm.obj, .\Objects\wdt.obj, .\Objects\timer.ob
>> j, .\Objects\lcddisplay.obj, .\Objects\PID.obj, .\Objects\mcu_api.obj, .\Objects\protocol.obj, .\Objects\system.obj T
>> O .\Objects\K8105_hex PRINT (.\Listings\K8105_hex.m51) RAMSIZE (256)


MEMORY MODEL: LARGE WITH FLOATING POINT ARITHMETIC


INPUT MODULES INCLUDED:
  .\Objects\STARTUP.obj (?C_STARTUP)
  .\Objects\main.obj (MAIN)
  .\Objects\delay.obj (DELAY)
  .\Objects\adc.obj (ADC)
  .\Objects\flash.obj (FLASH)
  .\Objects\uart.obj (UART)
  .\Objects\key.obj (KEY)
  .\Objects\pwm.obj (PWM)
  .\Objects\wdt.obj (WDT)
  .\Objects\timer.obj (TIMER)
  .\Objects\lcddisplay.obj (LCDDISPLAY)
  .\Objects\PID.obj (PID)
  .\Objects\mcu_api.obj (MCU_API)
  .\Objects\protocol.obj (PROTOCOL)
  .\Objects\system.obj (SYSTEM)
  C:\PROGRAM_LIST\KEIL\C51\LIB\C51FPL.LIB (?C?FPADD)
  C:\PROGRAM_LIST\KEIL\C51\LIB\C51FPL.LIB (?C?FPMUL)
  C:\PROGRAM_LIST\KEIL\C51\LIB\C51FPL.LIB (?C?FPDIV)
  C:\PROGRAM_LIST\KEIL\C51\LIB\C51FPL.LIB (?C?FPCMP)
  C:\PROGRAM_LIST\KEIL\C51\LIB\C51FPL.LIB (?C?FCAST)
  C:\PROGRAM_LIST\KEIL\C51\LIB\C51FPL.LIB (?C?CASTF)
  C:\PROGRAM_LIST\KEIL\C51\LIB\C51FPL.LIB (PRINTF)
  C:\PROGRAM_LIST\KEIL\C51\LIB\C51FPL.LIB (?C?FPGETOPN)
  C:\PROGRAM_LIST\KEIL\C51\LIB\C51FPL.LIB (?C?FPROUND)
  C:\PROGRAM_LIST\KEIL\C51\LIB\C51FPL.LIB (?C?FPCONVERT)
  C:\PROGRAM_LIST\KEIL\C51\LIB\C51FPL.LIB (?C?FTNPWR)
  C:\PROGRAM_LIST\KEIL\C51\LIB\C51L.LIB (?C_INIT)
  C:\PROGRAM_LIST\KEIL\C51\LIB\C51L.LIB (?C?COPY)
  C:\PROGRAM_LIST\KEIL\C51\LIB\C51L.LIB (?C?CLDPTR)
  C:\PROGRAM_LIST\KEIL\C51\LIB\C51L.LIB (?C?CLDOPTR)
  C:\PROGRAM_LIST\KEIL\C51\LIB\C51L.LIB (?C?CSTPTR)
  C:\PROGRAM_LIST\KEIL\C51\LIB\C51L.LIB (?C?CSTOPTR)
  C:\PROGRAM_LIST\KEIL\C51\LIB\C51L.LIB (?C?IMUL)
  C:\PROGRAM_LIST\KEIL\C51\LIB\C51L.LIB (?C?IILDX)
  C:\PROGRAM_LIST\KEIL\C51\LIB\C51L.LIB (?C?ILDIX)
  C:\PROGRAM_LIST\KEIL\C51\LIB\C51L.LIB (?C?ISTPTR)
  C:\PROGRAM_LIST\KEIL\C51\LIB\C51L.LIB (?C?LMUL)
  C:\PROGRAM_LIST\KEIL\C51\LIB\C51L.LIB (?C?ULDIV)
  C:\PROGRAM_LIST\KEIL\C51\LIB\C51L.LIB (?C?LNEG)
  C:\PROGRAM_LIST\KEIL\C51\LIB\C51L.LIB (?C?SLCMP)
  C:\PROGRAM_LIST\KEIL\C51\LIB\C51L.LIB (?C?ULCMP)
  C:\PROGRAM_LIST\KEIL\C51\LIB\C51L.LIB (?C?ULSHR)
  C:\PROGRAM_LIST\KEIL\C51\LIB\C51L.LIB (?C?LSHL)
  C:\PROGRAM_LIST\KEIL\C51\LIB\C51L.LIB (?C?LSTXDATA)
  C:\PROGRAM_LIST\KEIL\C51\LIB\C51L.LIB (?C?LSTKXDATA)
  C:\PROGRAM_LIST\KEIL\C51\LIB\C51L.LIB (?C?PLDIXDATA)
  C:\PROGRAM_LIST\KEIL\C51\LIB\C51L.LIB (?C?PSTXDATA)
BL51 BANKED LINKER/LOCATER V6.22                                                      10/19/2020  14:26:54  PAGE 2


  C:\PROGRAM_LIST\KEIL\C51\LIB\C51L.LIB (?C?CCASE)
  C:\PROGRAM_LIST\KEIL\C51\LIB\C51L.LIB (?C?LIMUL)


LINK MAP OF MODULE:  .\Objects\K8105_hex (?C_STARTUP)


            TYPE    BASE      LENGTH    RELOCATION   SEGMENT NAME
            -----------------------------------------------------

            * * * * * * *   D A T A   M E M O R Y   * * * * * * *
            REG     0000H     0008H     ABSOLUTE     "REG BANK 0"
            DATA    0008H     0005H     UNIT         _DATA_GROUP_
                    000DH     0013H                  *** GAP ***
            BIT     0020H.0   0001H.1   UNIT         _BIT_GROUP_
                    0021H.1   0000H.7                *** GAP ***
            IDATA   0022H     0001H     UNIT         ?STACK

            * * * * * * *  X D A T A   M E M O R Y  * * * * * * *
            XDATA   0000H     0078H     UNIT         ?XD?SYSTEM
            XDATA   0078H     0036H     UNIT         _XDATA_GROUP_
            XDATA   00AEH     0021H     UNIT         ?XD?UART
            XDATA   00CFH     0019H     UNIT         ?XD?PID
            XDATA   00E8H     0018H     UNIT         ?XD?TIMER
            XDATA   0100H     0012H     UNIT         ?XD?PROTOCOL
            XDATA   0112H     000CH     UNIT         ?XD?FLASH
            XDATA   011EH     000AH     UNIT         ?XD?KEY
            XDATA   0128H     0009H     UNIT         ?XD?_MY_MEMSET?MCU_API
            XDATA   0131H     0009H     UNIT         ?XD?_MY_STRCPY?MCU_API
            XDATA   013AH     0006H     UNIT         ?XD?LCDDISPLAY
            XDATA   0140H     0006H     UNIT         ?XD?_MY_STRCMP?MCU_API
            XDATA   0146H     0006H     UNIT         ?XD?_MCU_DP_RAW_UPDATE?MCU_API
            XDATA   014CH     0006H     UNIT         ?XD?_MCU_DP_STRING_UPDATE?MCU_API
            XDATA   0152H     0004H     UNIT         ?XD?MAIN
            XDATA   0156H     0004H     UNIT         ?XD?_INT_TO_BYTE?MCU_API
            XDATA   015AH     0002H     UNIT         ?XD?MCU_API
            XDATA   015CH     0001H     UNIT         ?XD?PWM
                    015DH     FD17H                  *** GAP ***
            XDATA   FE74H     0001H     ABSOLUTE     
            XDATA   FE75H     0001H     ABSOLUTE     
            XDATA   FE76H     0001H     ABSOLUTE     
            XDATA   FE77H     0001H     ABSOLUTE     
                    FE78H     0008H                  *** GAP ***
            XDATA   FE80H     0001H     ABSOLUTE     
                    FE81H     0004H                  *** GAP ***
            XDATA   FE85H     0001H     ABSOLUTE     
                    FE86H     0002H                  *** GAP ***
            XDATA   FE88H     0001H     ABSOLUTE     
            XDATA   FE89H     0001H     ABSOLUTE     
            XDATA   FE8AH     0001H     ABSOLUTE     
                    FE8BH     0006H                  *** GAP ***
            XDATA   FE91H     0001H     ABSOLUTE     
            XDATA   FE92H     0001H     ABSOLUTE     
            XDATA   FE93H     0001H     ABSOLUTE     
            XDATA   FE94H     0001H     ABSOLUTE     
            XDATA   FE95H     0001H     ABSOLUTE     
                    FE96H     0005H                  *** GAP ***
BL51 BANKED LINKER/LOCATER V6.22                                                      10/19/2020  14:26:54  PAGE 3


            XDATA   FE9BH     0001H     ABSOLUTE     
                    FE9CH     0004H                  *** GAP ***
            XDATA   FEA0H     0001H     ABSOLUTE     
                    FEA1H     0001H                  *** GAP ***
            XDATA   FEA2H     0001H     ABSOLUTE     
                    FEA3H     0001H                  *** GAP ***
            XDATA   FEA4H     0001H     ABSOLUTE     
            XDATA   FEA5H     0001H     ABSOLUTE     
                    FEA6H     0001H                  *** GAP ***
            XDATA   FEA7H     0001H     ABSOLUTE     
                    FEA8H     0002H                  *** GAP ***
            XDATA   FEAAH     0001H     ABSOLUTE     
                    FEABH     0005H                  *** GAP ***
            XDATA   FEB0H     0001H     ABSOLUTE     
            XDATA   FEB1H     0001H     ABSOLUTE     
            XDATA   FEB2H     0001H     ABSOLUTE     
            XDATA   FEB3H     0001H     ABSOLUTE     
            XDATA   FEB4H     0001H     ABSOLUTE     
                    FEB5H     0003H                  *** GAP ***
            XDATA   FEB8H     0001H     ABSOLUTE     
            XDATA   FEB9H     0001H     ABSOLUTE     
            XDATA   FEBAH     0001H     ABSOLUTE     
                    FEBBH     0001H                  *** GAP ***
            XDATA   FEBCH     0001H     ABSOLUTE     
            XDATA   FEBDH     0001H     ABSOLUTE     
            XDATA   FEBEH     0001H     ABSOLUTE     
                    FEBFH     0001H                  *** GAP ***
            XDATA   FEC0H     0001H     ABSOLUTE     
                    FEC1H     000FH                  *** GAP ***
            XDATA   FED0H     0001H     ABSOLUTE     
            XDATA   FED1H     0001H     ABSOLUTE     
            XDATA   FED2H     0001H     ABSOLUTE     
            XDATA   FED3H     0001H     ABSOLUTE     
                    FED4H     000CH                  *** GAP ***
            XDATA   FEE0H     0002H     ABSOLUTE     
            XDATA   FEE2H     0002H     ABSOLUTE     
            XDATA   FEE4H     0002H     ABSOLUTE     
            XDATA   FEE6H     0002H     ABSOLUTE     
            XDATA   FEE8H     0002H     ABSOLUTE     
            XDATA   FEEAH     0002H     ABSOLUTE     
            XDATA   FEECH     0002H     ABSOLUTE     
            XDATA   FEEEH     0002H     ABSOLUTE     
                    FEF0H     0010H                  *** GAP ***
            XDATA   FF00H     0001H     ABSOLUTE     
            XDATA   FF01H     0001H     ABSOLUTE     
            XDATA   FF02H     0001H     ABSOLUTE     
            XDATA   FF03H     0001H     ABSOLUTE     
            XDATA   FF04H     0001H     ABSOLUTE     
            XDATA   FF05H     0001H     ABSOLUTE     
            XDATA   FF06H     0001H     ABSOLUTE     
            XDATA   FF07H     0001H     ABSOLUTE     
            XDATA   FF08H     0001H     ABSOLUTE     
            XDATA   FF09H     0001H     ABSOLUTE     
            XDATA   FF0AH     0001H     ABSOLUTE     
            XDATA   FF0BH     0001H     ABSOLUTE     
            XDATA   FF0CH     0001H     ABSOLUTE     
            XDATA   FF0DH     0001H     ABSOLUTE     
BL51 BANKED LINKER/LOCATER V6.22                                                      10/19/2020  14:26:54  PAGE 4


            XDATA   FF0EH     0001H     ABSOLUTE     
            XDATA   FF0FH     0001H     ABSOLUTE     
            XDATA   FF10H     0001H     ABSOLUTE     
            XDATA   FF11H     0001H     ABSOLUTE     
            XDATA   FF12H     0001H     ABSOLUTE     
            XDATA   FF13H     0001H     ABSOLUTE     
            XDATA   FF14H     0001H     ABSOLUTE     
            XDATA   FF15H     0001H     ABSOLUTE     
            XDATA   FF16H     0001H     ABSOLUTE     
            XDATA   FF17H     0001H     ABSOLUTE     
            XDATA   FF18H     0001H     ABSOLUTE     
            XDATA   FF19H     0001H     ABSOLUTE     
            XDATA   FF1AH     0001H     ABSOLUTE     
            XDATA   FF1BH     0001H     ABSOLUTE     
            XDATA   FF1CH     0001H     ABSOLUTE     
            XDATA   FF1DH     0001H     ABSOLUTE     
                    FF1EH     0022H                  *** GAP ***
            XDATA   FF40H     0001H     ABSOLUTE     
            XDATA   FF41H     0001H     ABSOLUTE     
            XDATA   FF42H     0001H     ABSOLUTE     
                    FF43H     001DH                  *** GAP ***
            XDATA   FF60H     0001H     ABSOLUTE     
            XDATA   FF61H     0001H     ABSOLUTE     
            XDATA   FF62H     0001H     ABSOLUTE     
            XDATA   FF63H     0001H     ABSOLUTE     
                    FF64H     0004H                  *** GAP ***
            XDATA   FF68H     0001H     ABSOLUTE     
            XDATA   FF69H     0001H     ABSOLUTE     
            XDATA   FF6AH     0001H     ABSOLUTE     
            XDATA   FF6BH     0001H     ABSOLUTE     
                    FF6CH     0014H                  *** GAP ***
            XDATA   FF80H     0001H     ABSOLUTE     
            XDATA   FF81H     0001H     ABSOLUTE     
                    FF82H     0001H                  *** GAP ***
            XDATA   FF83H     0001H     ABSOLUTE     
            XDATA   FF84H     0001H     ABSOLUTE     
            XDATA   FF85H     0001H     ABSOLUTE     
                    FF86H     0009H                  *** GAP ***
            XDATA   FF8FH     0001H     ABSOLUTE     
            XDATA   FF90H     0001H     ABSOLUTE     
            XDATA   FF91H     0001H     ABSOLUTE     
                    FF92H     0002H                  *** GAP ***
            XDATA   FF94H     0001H     ABSOLUTE     
            XDATA   FF95H     0001H     ABSOLUTE     
                    FF96H     0002H                  *** GAP ***
            XDATA   FF98H     0001H     ABSOLUTE     
            XDATA   FF99H     0001H     ABSOLUTE     
                    FF9AH     0002H                  *** GAP ***
            XDATA   FF9CH     0001H     ABSOLUTE     
                    FF9DH     0003H                  *** GAP ***
            XDATA   FFA0H     0001H     ABSOLUTE     
            XDATA   FFA1H     0001H     ABSOLUTE     
            XDATA   FFA2H     0001H     ABSOLUTE     
            XDATA   FFA3H     0001H     ABSOLUTE     
            XDATA   FFA4H     0001H     ABSOLUTE     
            XDATA   FFA5H     0001H     ABSOLUTE     
            XDATA   FFA6H     0001H     ABSOLUTE     
BL51 BANKED LINKER/LOCATER V6.22                                                      10/19/2020  14:26:54  PAGE 5


            XDATA   FFA7H     0001H     ABSOLUTE     
            XDATA   FFA8H     0001H     ABSOLUTE     
            XDATA   FFA9H     0001H     ABSOLUTE     

            * * * * * * *   C O D E   M E M O R Y   * * * * * * *
            CODE    0000H     0003H     ABSOLUTE     
            CODE    0003H     0008H     UNIT         ?PR?_FLASH_READ_ADDR?FLASH
            CODE    000BH     0003H     ABSOLUTE     
            CODE    000EH     0014H     UNIT         ?PR?TIME0_INIT?TIMER
            CODE    0022H     0001H     UNIT         ?PR?_PUTCHAR?UART
            CODE    0023H     0003H     ABSOLUTE     
            CODE    0026H     097DH     UNIT         ?C?LIB_CODE
            CODE    09A3H     0483H     UNIT         ?PR?PRINTF?PRINTF
            CODE    0E26H     0428H     UNIT         ?PR?PID_OPERATION?PID
            CODE    124EH     02B3H     UNIT         ?PR?_SET_GAP?LCDDISPLAY
            CODE    1501H     024AH     UNIT         ?PR?WIFI_UART_SERVICE?MCU_API
            CODE    174BH     01E3H     UNIT         ?PR?_SET_TIME?LCDDISPLAY
            CODE    192EH     017DH     UNIT         ?PR?_TEMP_CALC?MAIN
            CODE    1AABH     0167H     UNIT         ?PR?_MY_MEMCPY?MCU_API
            CODE    1C12H     015EH     UNIT         ?PR?_MCU_DP_FAULT_UPDATE?MCU_API
            CODE    1D70H     0159H     UNIT         ?PR?_DATA_HANDLE?SYSTEM
            CODE    1EC9H     0139H     UNIT         ?PR?FLASH_INIT?FLASH
            CODE    2002H     0139H     UNIT         ?PR?TIMER0_RPT?TIMER
            CODE    213BH     0138H     UNIT         ?PR?_BYTE_TO_INT?MCU_API
            CODE    2273H     0135H     UNIT         ?PR?_GET_VOLTAGE?ADC
            CODE    23A8H     0125H     UNIT         ?PR?TEMPERATURE_HANDLE?MAIN
            CODE    24CDH     0119H     UNIT         ?PR?PRODUCT_INFO_UPDATE?SYSTEM
            CODE    25E6H     0106H     UNIT         ?CO?FLASH
            CODE    26ECH     00EEH     UNIT         ?C_INITSEG
            CODE    27DAH     00E5H     UNIT         ?PR?MAIN?MAIN
            CODE    28BFH     00E1H     UNIT         ?PR?LCD_DISPLAY?LCDDISPLAY
            CODE    29A0H     00D9H     UNIT         ?PR?KEY_HANDLE?MAIN
            CODE    2A79H     00BBH     UNIT         ?PR?_CALIBRATION_TEMPERATURE?MAIN
            CODE    2B34H     00B7H     UNIT         ?PR?KEY_DRIVER?KEY
            CODE    2BEBH     00B7H     UNIT         ?PR?CALIBRATION_KEY_DRIVER?KEY
            CODE    2CA2H     00B3H     UNIT         ?PR?_DP_DOWNLOAD_HANDLE?PROTOCOL
            CODE    2D55H     00AEH     UNIT         ?PR?_UART_RECEIVE_INPUT?MCU_API
            CODE    2E03H     00A6H     UNIT         ?PR?_MCU_DP_VALUE_UPDATE?MCU_API
            CODE    2EA9H     00A1H     UNIT         ?CO?MAIN
            CODE    2F4AH     0091H     UNIT         ?PR?DETECTION_INPUT_VOLTAGE?ADC
            CODE    2FDBH     008CH     UNIT         ?C_C51STARTUP
            CODE    3067H     008CH     UNIT         ?PR?SET_TIME_SEC?TIMER
            CODE    30F3H     0086H     UNIT         ?PR?_DATA_POINT_HANDLE?SYSTEM
            CODE    3179H     007FH     UNIT         ?PR?SET_TEMP?MAIN
            CODE    31F8H     007EH     UNIT         ?PR?UART1_RPT?UART
            CODE    3276H     0075H     UNIT         ?PR?_MY_STRLEN?MCU_API
            CODE    32EBH     0073H     UNIT         ?PR?_MY_STRCMP?MCU_API
            CODE    335EH     0071H     UNIT         ?PR?_HEAT_OPERATION?TIMER
            CODE    33CFH     0071H     UNIT         ?PR?_HEX_TO_BCD?MCU_API
            CODE    3440H     006DH     UNIT         ?PR?_FLASH_WRITEARR?FLASH
            CODE    34ADH     006CH     UNIT         ?PR?_SET_WIFI_UART_BUFFER?SYSTEM
            CODE    3519H     0069H     UNIT         ?PR?_MY_STRCPY?MCU_API
            CODE    3582H     0069H     UNIT         ?PR?_WIFI_UART_WRITE_FRAME?SYSTEM
            CODE    35EBH     0068H     UNIT         ?PR?KEY_SCAN?KEY
            CODE    3653H     0065H     UNIT         ?PR?ALL_DATA_UPDATE?PROTOCOL
            CODE    36B8H     0063H     UNIT         ?PR?TAKE_BYTE_RXBUFF?SYSTEM
            CODE    371BH     0060H     UNIT         ?PR?_INT_TO_BYTE?MCU_API
BL51 BANKED LINKER/LOCATER V6.22                                                      10/19/2020  14:26:54  PAGE 6


            CODE    377BH     005AH     UNIT         ?PR?_MCU_DP_RAW_UPDATE?MCU_API
            CODE    37D5H     005AH     UNIT         ?PR?_MCU_DP_STRING_UPDATE?MCU_API
            CODE    382FH     0058H     UNIT         ?PR?_MY_MEMSET?MCU_API
            CODE    3887H     0057H     UNIT         ?PR?_SET_CORRECT_TIME?TIMER
            CODE    38DEH     0054H     UNIT         ?PR?_WIFI_UART_WRITE_DATA?SYSTEM
            CODE    3932H     004AH     UNIT         ?PR?_GET_CHECK_SUM?SYSTEM
            CODE    397CH     0043H     UNIT         ?PR?_MCU_DP_BOOL_UPDATE?MCU_API
            CODE    39BFH     0040H     UNIT         ?PR?_FLASH_READARR?FLASH
            CODE    39FFH     003DH     UNIT         ?PR?_MCU_DP_ENUM_UPDATE?MCU_API
            CODE    3A3CH     003BH     UNIT         ?CO?SYSTEM
            CODE    3A77H     0035H     UNIT         ?PR?WITH_DATA_RXBUFF?SYSTEM
            CODE    3AACH     0033H     UNIT         ?PR?CHECK_FLASH?FLASH
            CODE    3ADFH     0033H     UNIT         ?PR?_PWM_CONTROL?TIMER
            CODE    3B12H     0030H     UNIT         ?PR?SET_HEAT_VAL?TIMER
            CODE    3B42H     002FH     UNIT         ?PR?_GET_DOWMLOAD_DPID_INDEX?SYSTEM
            CODE    3B71H     002DH     UNIT         ?PR?_PRODUCTE_COM_SEND_DATA?UART
            CODE    3B9EH     002CH     UNIT         ?PR?_DP_DOWNLOAD_TEMP_SET_HANDLE?PROTOCOL
            CODE    3BCAH     002CH     UNIT         ?PR?_SET_WIFI_UART_BYTE?SYSTEM
            CODE    3BF6H     002AH     UNIT         ?PR?LCD_INIT?LCDDISPLAY
            CODE    3C20H     0029H     UNIT         ?PR?UART_INIT?UART
            CODE    3C49H     0028H     UNIT         ?PR?_FLASH_WRITEDATA?FLASH
            CODE    3C71H     0027H     UNIT         ?CO?TIMER
            CODE    3C98H     0027H     UNIT         ?PR?_DP_DOWNLOAD_SWITCH_HANDLE?PROTOCOL
            CODE    3CBFH     0027H     UNIT         ?PR?HEAT_BEAT_CHECK?SYSTEM
            CODE    3CE6H     0026H     UNIT         ?PR?FLAH_SAVE_DATA?FLASH
            CODE    3D0CH     0026H     UNIT         ?PR?LCD_ERROR?LCDDISPLAY
            CODE    3D32H     0026H     UNIT         ?PR?LCD_CAILBRATION?LCDDISPLAY
            CODE    3D58H     0026H     UNIT         ?CO?MCU_API
            CODE    3D7EH     0023H     UNIT         ?PR?WIFI_PROTOCOL_INIT?MCU_API
            CODE    3DA1H     0022H     UNIT         ?PR?_FLASH_ERASEBLOCK?FLASH
            CODE    3DC3H     0020H     UNIT         ?PR?PID_INIT?PID
            CODE    3DE3H     001FH     UNIT         ?PR?ADC_INIT?ADC
            CODE    3E02H     001FH     UNIT         ?PR?_PRODUCTE_SEND_CMD?UART
            CODE    3E21H     001EH     UNIT         ?PR?DETECTION_INPUT?MAIN
            CODE    3E3FH     001EH     UNIT         ?PR?_SET_TIME_SEC_VAL?TIMER
            CODE    3E5DH     0018H     UNIT         ?PR?_SET_PWM?PWM
            CODE    3E75H     0017H     UNIT         ?PR?_DELAY_MS?DELAY
            CODE    3E8CH     0017H     UNIT         ?PR?_MCU_SET_WIFI_MODE?MCU_API
            CODE    3EA3H     0016H     UNIT         ?PR?GET_ADC_VAL_P07?ADC
            CODE    3EB9H     0016H     UNIT         ?PR?GET_ADC_VAL_P03?ADC
            CODE    3ECFH     0016H     UNIT         ?PR?GET_ADC_VAL_P02?ADC
            CODE    3EE5H     0014H     UNIT         ?PR?_DP_DOWNLOAD_LEVEL_HANDLE?PROTOCOL
            CODE    3EF9H     0014H     UNIT         ?PR?_DP_DOWNLOAD_COUNTDOWN_SET_HANDLE?PROTOCOL
            CODE    3F0DH     0014H     UNIT         ?PR?_DP_DOWNLOAD_PREHEAT_HANDLE?PROTOCOL
            CODE    3F21H     0014H     UNIT         ?PR?_DP_DOWNLOAD_PREHEAT_1_HANDLE?PROTOCOL
            CODE    3F35H     000FH     UNIT         ?PR?KEY_INIT?KEY
            CODE    3F44H     000EH     UNIT         ?PR?_DELAY_US?DELAY
            CODE    3F52H     000EH     UNIT         ?PR?MCU_RESET_WIFI?MCU_API
            CODE    3F60H     000DH     UNIT         ?PR?_WDT_INIT?WDT
            CODE    3F6DH     000DH     UNIT         ?PR?_MCU_GET_DP_DOWNLOAD_BOOL?MCU_API
            CODE    3F7AH     000DH     UNIT         ?PR?_MCU_GET_DP_DOWNLOAD_ENUM?MCU_API
            CODE    3F87H     000CH     UNIT         ?PR?_HAL_UART_PUTCHAR?UART
            CODE    3F93H     000CH     UNIT         ?CO?PID
            CODE    3F9FH     000CH     UNIT         ?PR?_MCU_GET_DP_DOWNLOAD_VALUE?MCU_API
            CODE    3FABH     000AH     UNIT         ?PR?CLOCK?MAIN
            CODE    3FB5H     000AH     UNIT         ?PR?MCU_START_WIFITEST?MCU_API
            CODE    3FBFH     000AH     UNIT         ?PR?GET_MCU_WIFI_MODE?SYSTEM
BL51 BANKED LINKER/LOCATER V6.22                                                      10/19/2020  14:26:54  PAGE 7


            CODE    3FC9H     0009H     UNIT         ?PR?PWM_INIT?PWM
            CODE    3FD2H     0009H     UNIT         ?PR?LCD_CLEAR_ALL?LCDDISPLAY
            CODE    3FDBH     0009H     UNIT         ?PR?LCD_DISPLAY_ON?LCDDISPLAY
            CODE    3FE4H     0009H     UNIT         ?PR?_WIFI_TEST_RESULT?PROTOCOL
            CODE    3FEDH     0006H     UNIT         ?PR?GET_DEVICE_STATE?FLASH
            CODE    3FF3H     0006H     UNIT         ?PR?_SET_DEVICE_STATE?FLASH
            CODE    3FF9H     0006H     UNIT         ?PR?_LCD_OFF?LCDDISPLAY
            CODE    3FFFH     0006H     UNIT         ?PR?_LCD_DISPLAY_TIME?LCDDISPLAY
            CODE    4005H     0006H     UNIT         ?PR?_LCD_DISPLAY_GAP?LCDDISPLAY
            CODE    400BH     0006H     UNIT         ?PR?MCU_GET_RESET_WIFI_FLAG?MCU_API
            CODE    4011H     0006H     UNIT         ?PR?MCU_GET_WIFIMODE_FLAG?MCU_API
            CODE    4017H     0006H     UNIT         ?PR?MCU_GET_WIFI_WORK_STATE?MCU_API
            CODE    401DH     0004H     UNIT         ?PR?CLEAR_WDT?WDT
            CODE    4021H     0003H     UNIT         ?PR?_PRODUCTE_COM_SEND_ONE_BIT?UART
            CODE    4024H     0003H     UNIT         ?PR?_UART_TRANSMIT_OUTPUT?PROTOCOL
            CODE    4027H     0003H     UNIT         ?PR?GET_DOWNLOAD_CMD_TOTAL?PROTOCOL



OVERLAY MAP OF MODULE:   .\Objects\K8105_hex (?C_STARTUP)


SEGMENT                                             BIT_GROUP          DATA_GROUP          XDATA_GROUP
  +--> CALLED SEGMENT                            START    LENGTH     START    LENGTH     START    LENGTH
--------------------------------------------------------------------------------------------------------
?C_C51STARTUP                                    -----    -----      -----    -----      -----    -----
  +--> ?PR?MAIN?MAIN
  +--> ?C_INITSEG

?PR?MAIN?MAIN                                    -----    -----      -----    -----      -----    -----
  +--> ?PR?CLOCK?MAIN
  +--> ?PR?UART_INIT?UART
  +--> ?PR?ADC_INIT?ADC
  +--> ?PR?TIME0_INIT?TIMER
  +--> ?PR?KEY_INIT?KEY
  +--> ?PR?FLASH_INIT?FLASH
  +--> ?PR?PID_INIT?PID
  +--> ?PR?PWM_INIT?PWM
  +--> ?PR?_WDT_INIT?WDT
  +--> ?PR?LCD_INIT?LCDDISPLAY
  +--> ?PR?LCD_DISPLAY_ON?LCDDISPLAY
  +--> ?PR?_DELAY_MS?DELAY
  +--> ?PR?_LCD_DISPLAY_TIME?LCDDISPLAY
  +--> ?PR?_LCD_DISPLAY_GAP?LCDDISPLAY
  +--> ?PR?LCD_CLEAR_ALL?LCDDISPLAY
  +--> ?PR?DETECTION_INPUT?MAIN
  +--> ?PR?WIFI_PROTOCOL_INIT?MCU_API
  +--> ?CO?MAIN
  +--> ?PR?PRINTF?PRINTF
  +--> ?PR?TEMPERATURE_HANDLE?MAIN
  +--> ?PR?KEY_HANDLE?MAIN
  +--> ?PR?_HEAT_OPERATION?TIMER
  +--> ?PR?WIFI_UART_SERVICE?MCU_API
  +--> ?PR?CLEAR_WDT?WDT

?PR?ADC_INIT?ADC                                 -----    -----      -----    -----      -----    -----
  +--> ?PR?_DELAY_US?DELAY
BL51 BANKED LINKER/LOCATER V6.22                                                      10/19/2020  14:26:54  PAGE 8



?PR?FLASH_INIT?FLASH                             -----    -----      -----    -----      0078H    0001H
  +--> ?PR?CHECK_FLASH?FLASH
  +--> ?CO?FLASH
  +--> ?PR?PRINTF?PRINTF
  +--> ?PR?_FLASH_READARR?FLASH
  +--> ?PR?_FLASH_ERASEBLOCK?FLASH
  +--> ?PR?_FLASH_WRITEARR?FLASH

?PR?CHECK_FLASH?FLASH                            -----    -----      -----    -----      -----    -----
  +--> ?PR?_FLASH_READ_ADDR?FLASH

?PR?PRINTF?PRINTF                                0020H.0  0001H.1    0008H    0005H      007CH    0030H
  +--> ?PR?_PUTCHAR?UART

?PR?_FLASH_READARR?FLASH                         -----    -----      -----    -----      0080H    0005H

?PR?_FLASH_WRITEARR?FLASH                        -----    -----      -----    -----      0080H    0007H
  +--> ?PR?_FLASH_WRITEDATA?FLASH

?PR?DETECTION_INPUT?MAIN                         -----    -----      -----    -----      -----    -----
  +--> ?PR?DETECTION_INPUT_VOLTAGE?ADC

?PR?DETECTION_INPUT_VOLTAGE?ADC                  -----    -----      -----    -----      0078H    0005H
  +--> ?PR?GET_ADC_VAL_P02?ADC

?PR?TEMPERATURE_HANDLE?MAIN                      -----    -----      -----    -----      0078H    0006H
  +--> ?PR?_GET_VOLTAGE?ADC
  +--> ?PR?_TEMP_CALC?MAIN
  +--> ?PR?_CALIBRATION_TEMPERATURE?MAIN
  +--> ?PR?GET_DEVICE_STATE?FLASH
  +--> ?PR?_LCD_OFF?LCDDISPLAY
  +--> ?PR?PID_OPERATION?PID
  +--> ?PR?_LCD_DISPLAY_TIME?LCDDISPLAY
  +--> ?PR?_LCD_DISPLAY_GAP?LCDDISPLAY
  +--> ?PR?_PWM_CONTROL?TIMER
  +--> ?PR?LCD_CLEAR_ALL?LCDDISPLAY
  +--> ?PR?LCD_CAILBRATION?LCDDISPLAY
  +--> ?PR?LCD_ERROR?LCDDISPLAY

?PR?_GET_VOLTAGE?ADC                             -----    -----      -----    -----      007EH    000BH
  +--> ?PR?GET_ADC_VAL_P03?ADC
  +--> ?PR?_DELAY_US?DELAY
  +--> ?PR?GET_ADC_VAL_P07?ADC

?PR?_TEMP_CALC?MAIN                              -----    -----      -----    -----      007EH    000EH

?PR?_CALIBRATION_TEMPERATURE?MAIN                -----    -----      -----    -----      007EH    0002H
  +--> ?PR?_HAL_UART_PUTCHAR?UART
  +--> ?PR?FLAH_SAVE_DATA?FLASH
  +--> ?PR?_PRODUCTE_SEND_CMD?UART

?PR?FLAH_SAVE_DATA?FLASH                         -----    -----      -----    -----      -----    -----
  +--> ?PR?_FLASH_ERASEBLOCK?FLASH
  +--> ?PR?_FLASH_WRITEARR?FLASH
  +--> ?PR?_FLASH_READARR?FLASH

BL51 BANKED LINKER/LOCATER V6.22                                                      10/19/2020  14:26:54  PAGE 9


?PR?_PRODUCTE_SEND_CMD?UART                      -----    -----      -----    -----      0080H    0005H
  +--> ?PR?_PRODUCTE_COM_SEND_DATA?UART

?PR?_PRODUCTE_COM_SEND_DATA?UART                 -----    -----      -----    -----      0085H    0003H
  +--> ?PR?_PRODUCTE_COM_SEND_ONE_BIT?UART

?PR?_PRODUCTE_COM_SEND_ONE_BIT?UART              -----    -----      -----    -----      -----    -----
  +--> ?PR?_HAL_UART_PUTCHAR?UART

?PR?PID_OPERATION?PID                            -----    -----      -----    -----      007EH    0014H
  +--> ?CO?PID

?PR?KEY_HANDLE?MAIN                              -----    -----      -----    -----      0078H    0001H
  +--> ?PR?KEY_SCAN?KEY
  +--> ?PR?GET_DEVICE_STATE?FLASH
  +--> ?PR?_SET_DEVICE_STATE?FLASH
  +--> ?PR?SET_TIME_SEC?TIMER
  +--> ?PR?_SET_CORRECT_TIME?TIMER
  +--> ?PR?SET_TEMP?MAIN
  +--> ?PR?_LCD_DISPLAY_GAP?LCDDISPLAY
  +--> ?PR?_LCD_DISPLAY_TIME?LCDDISPLAY
  +--> ?PR?FLAH_SAVE_DATA?FLASH

?PR?KEY_SCAN?KEY                                 -----    -----      -----    -----      -----    -----
  +--> ?PR?KEY_DRIVER?KEY
  +--> ?PR?CALIBRATION_KEY_DRIVER?KEY
  +--> ?PR?GET_DEVICE_STATE?FLASH
  +--> ?PR?FLAH_SAVE_DATA?FLASH
  +--> ?PR?_DELAY_MS?DELAY

?PR?KEY_DRIVER?KEY                               -----    -----      -----    -----      0079H    0002H
  +--> ?PR?_DELAY_MS?DELAY

?PR?CALIBRATION_KEY_DRIVER?KEY                   -----    -----      -----    -----      0079H    0002H
  +--> ?PR?_DELAY_MS?DELAY

?PR?SET_TIME_SEC?TIMER                           -----    -----      -----    -----      -----    -----
  +--> ?CO?TIMER
  +--> ?PR?PRINTF?PRINTF

?PR?_HEAT_OPERATION?TIMER                        -----    -----      -----    -----      0078H    0002H
  +--> ?PR?GET_DEVICE_STATE?FLASH

?PR?WIFI_UART_SERVICE?MCU_API                    -----    -----      -----    -----      0078H    0004H
  +--> ?PR?WITH_DATA_RXBUFF?SYSTEM
  +--> ?PR?TAKE_BYTE_RXBUFF?SYSTEM
  +--> ?PR?_GET_CHECK_SUM?SYSTEM
  +--> ?CO?MCU_API
  +--> ?PR?PRINTF?PRINTF
  +--> ?PR?_DATA_HANDLE?SYSTEM
  +--> ?PR?_MY_MEMCPY?MCU_API

?PR?_GET_CHECK_SUM?SYSTEM                        -----    -----      -----    -----      009EH    0006H

?PR?_DATA_HANDLE?SYSTEM                          -----    -----      -----    -----      007CH    0009H
  +--> ?PR?HEAT_BEAT_CHECK?SYSTEM
  +--> ?PR?PRODUCT_INFO_UPDATE?SYSTEM
BL51 BANKED LINKER/LOCATER V6.22                                                      10/19/2020  14:26:54  PAGE 10


  +--> ?PR?GET_MCU_WIFI_MODE?SYSTEM
  +--> ?PR?_WIFI_UART_WRITE_FRAME?SYSTEM
  +--> ?PR?_DATA_POINT_HANDLE?SYSTEM
  +--> ?PR?ALL_DATA_UPDATE?PROTOCOL
  +--> ?PR?_WIFI_TEST_RESULT?PROTOCOL

?PR?HEAT_BEAT_CHECK?SYSTEM                       -----    -----      -----    -----      -----    -----
  +--> ?PR?_SET_WIFI_UART_BYTE?SYSTEM
  +--> ?PR?_WIFI_UART_WRITE_FRAME?SYSTEM

?PR?_SET_WIFI_UART_BYTE?SYSTEM                   -----    -----      -----    -----      009CH    0002H

?PR?_WIFI_UART_WRITE_FRAME?SYSTEM                -----    -----      -----    -----      009CH    0002H
  +--> ?PR?_GET_CHECK_SUM?SYSTEM
  +--> ?PR?_WIFI_UART_WRITE_DATA?SYSTEM

?PR?_WIFI_UART_WRITE_DATA?SYSTEM                 -----    -----      -----    -----      009EH    0005H
  +--> ?PR?_UART_TRANSMIT_OUTPUT?PROTOCOL

?PR?_UART_TRANSMIT_OUTPUT?PROTOCOL               -----    -----      -----    -----      -----    -----
  +--> ?PR?_HAL_UART_PUTCHAR?UART

?PR?PRODUCT_INFO_UPDATE?SYSTEM                   -----    -----      -----    -----      0085H    000BH
  +--> ?CO?SYSTEM
  +--> ?PR?_MY_STRLEN?MCU_API
  +--> ?PR?_SET_WIFI_UART_BUFFER?SYSTEM
  +--> ?PR?_WIFI_UART_WRITE_FRAME?SYSTEM

?PR?_MY_STRLEN?MCU_API                           -----    -----      -----    -----      0090H    0007H

?PR?_SET_WIFI_UART_BUFFER?SYSTEM                 -----    -----      -----    -----      0090H    0007H
  +--> ?PR?_MY_MEMCPY?MCU_API

?PR?_MY_MEMCPY?MCU_API                           -----    -----      -----    -----      0097H    0010H

?PR?GET_MCU_WIFI_MODE?SYSTEM                     -----    -----      -----    -----      -----    -----
  +--> ?PR?_WIFI_UART_WRITE_FRAME?SYSTEM

?PR?_DATA_POINT_HANDLE?SYSTEM                    -----    -----      -----    -----      0085H    0007H
  +--> ?PR?_GET_DOWMLOAD_DPID_INDEX?SYSTEM
  +--> ?PR?_DP_DOWNLOAD_HANDLE?PROTOCOL

?PR?_GET_DOWMLOAD_DPID_INDEX?SYSTEM              -----    -----      -----    -----      008CH    0001H
  +--> ?PR?GET_DOWNLOAD_CMD_TOTAL?PROTOCOL

?PR?_DP_DOWNLOAD_HANDLE?PROTOCOL                 -----    -----      -----    -----      008CH    0007H
  +--> ?PR?_DP_DOWNLOAD_SWITCH_HANDLE?PROTOCOL
  +--> ?PR?_DP_DOWNLOAD_TEMP_SET_HANDLE?PROT...
  +--> ?PR?_DP_DOWNLOAD_LEVEL_HANDLE?PROTOCOL
  +--> ?PR?_DP_DOWNLOAD_COUNTDOWN_SET_HANDLE...
  +--> ?PR?_DP_DOWNLOAD_PREHEAT_HANDLE?PROTOCOL
  +--> ?PR?_DP_DOWNLOAD_PREHEAT_1_HANDLE?PRO...

?PR?_DP_DOWNLOAD_SWITCH_HANDLE?PROTOCOL          -----    -----      -----    -----      0093H    0001H
  +--> ?PR?_MCU_GET_DP_DOWNLOAD_BOOL?MCU_API
  +--> ?PR?_SET_DEVICE_STATE?FLASH
  +--> ?PR?_MCU_DP_BOOL_UPDATE?MCU_API
BL51 BANKED LINKER/LOCATER V6.22                                                      10/19/2020  14:26:54  PAGE 11



?PR?_MCU_GET_DP_DOWNLOAD_BOOL?MCU_API            -----    -----      -----    -----      0094H    0002H

?PR?_MCU_DP_BOOL_UPDATE?MCU_API                  -----    -----      -----    -----      0094H    0001H
  +--> ?PR?_SET_WIFI_UART_BYTE?SYSTEM
  +--> ?PR?_WIFI_UART_WRITE_FRAME?SYSTEM

?PR?_DP_DOWNLOAD_TEMP_SET_HANDLE?PROT...         -----    -----      -----    -----      0093H    0004H
  +--> ?PR?_MCU_GET_DP_DOWNLOAD_VALUE?MCU_API
  +--> ?PR?_MCU_DP_VALUE_UPDATE?MCU_API

?PR?_MCU_GET_DP_DOWNLOAD_VALUE?MCU_API           -----    -----      -----    -----      0097H    0002H
  +--> ?PR?_BYTE_TO_INT?MCU_API

?PR?_BYTE_TO_INT?MCU_API                         -----    -----      -----    -----      0099H    0007H

?PR?_MCU_DP_VALUE_UPDATE?MCU_API                 -----    -----      -----    -----      0097H    0005H
  +--> ?PR?_SET_WIFI_UART_BYTE?SYSTEM
  +--> ?PR?_WIFI_UART_WRITE_FRAME?SYSTEM

?PR?_DP_DOWNLOAD_LEVEL_HANDLE?PROTOCOL           -----    -----      -----    -----      -----    -----
  +--> ?PR?_MCU_GET_DP_DOWNLOAD_ENUM?MCU_API
  +--> ?PR?_MCU_DP_ENUM_UPDATE?MCU_API

?PR?_MCU_GET_DP_DOWNLOAD_ENUM?MCU_API            -----    -----      -----    -----      0093H    0002H

?PR?_MCU_DP_ENUM_UPDATE?MCU_API                  -----    -----      -----    -----      0093H    0001H
  +--> ?PR?_SET_WIFI_UART_BYTE?SYSTEM
  +--> ?PR?_WIFI_UART_WRITE_FRAME?SYSTEM

?PR?_DP_DOWNLOAD_COUNTDOWN_SET_HANDLE...         -----    -----      -----    -----      -----    -----
  +--> ?PR?_MCU_GET_DP_DOWNLOAD_ENUM?MCU_API
  +--> ?PR?_MCU_DP_ENUM_UPDATE?MCU_API

?PR?_DP_DOWNLOAD_PREHEAT_HANDLE?PROTOCOL         -----    -----      -----    -----      -----    -----
  +--> ?PR?_MCU_GET_DP_DOWNLOAD_BOOL?MCU_API
  +--> ?PR?_MCU_DP_BOOL_UPDATE?MCU_API

?PR?_DP_DOWNLOAD_PREHEAT_1_HANDLE?PRO...         -----    -----      -----    -----      -----    -----
  +--> ?PR?_MCU_GET_DP_DOWNLOAD_BOOL?MCU_API
  +--> ?PR?_MCU_DP_BOOL_UPDATE?MCU_API

?PR?ALL_DATA_UPDATE?PROTOCOL                     -----    -----      -----    -----      -----    -----
  +--> ?PR?GET_DEVICE_STATE?FLASH
  +--> ?PR?_MCU_DP_BOOL_UPDATE?MCU_API
  +--> ?PR?_MCU_DP_VALUE_UPDATE?MCU_API
  +--> ?PR?_MCU_DP_ENUM_UPDATE?MCU_API
  +--> ?PR?_MCU_DP_FAULT_UPDATE?MCU_API

?PR?_MCU_DP_FAULT_UPDATE?MCU_API                 -----    -----      -----    -----      0085H    0007H
  +--> ?PR?_SET_WIFI_UART_BYTE?SYSTEM
  +--> ?PR?_WIFI_UART_WRITE_FRAME?SYSTEM

?PR?_WIFI_TEST_RESULT?PROTOCOL                   -----    -----      -----    -----      0085H    0002H

*** NEW ROOT ***************************************************

BL51 BANKED LINKER/LOCATER V6.22                                                      10/19/2020  14:26:54  PAGE 12


?PR?UART1_RPT?UART                               -----    -----      -----    -----      00ACH    0001H
  +--> ?PR?_UART_RECEIVE_INPUT?MCU_API

?PR?_UART_RECEIVE_INPUT?MCU_API                  -----    -----      -----    -----      00ADH    0001H

*** NEW ROOT ***************************************************

?PR?TIMER0_RPT?TIMER                             -----    -----      -----    -----      -----    -----
  +--> ?PR?GET_DEVICE_STATE?FLASH
  +--> ?PR?SET_HEAT_VAL?TIMER
  +--> ?PR?_SET_DEVICE_STATE?FLASH
  +--> ?PR?LCD_DISPLAY?LCDDISPLAY

?PR?LCD_DISPLAY?LCDDISPLAY                       -----    -----      -----    -----      -----    -----
  +--> ?PR?_SET_TIME?LCDDISPLAY
  +--> ?PR?_SET_GAP?LCDDISPLAY



SYMBOL TABLE OF MODULE:  .\Objects\K8105_hex (?C_STARTUP)

  VALUE           TYPE          NAME
  ----------------------------------

  -------         MODULE        ?C_STARTUP
  C:2FDBH         SEGMENT       ?C_C51STARTUP
  I:0022H         SEGMENT       ?STACK
  C:0000H         PUBLIC        ?C_STARTUP
  D:00E0H         SYMBOL        ACC
  D:00F0H         SYMBOL        B
  D:0083H         SYMBOL        DPH
  D:0082H         SYMBOL        DPL
  N:0000H         SYMBOL        IBPSTACK
  N:0100H         SYMBOL        IBPSTACKTOP
  N:0080H         SYMBOL        IDATALEN
  C:2FDEH         SYMBOL        IDATALOOP
  N:0000H         SYMBOL        PBPSTACK
  N:0100H         SYMBOL        PBPSTACKTOP
  N:0000H         SYMBOL        PDATALEN
  N:0000H         SYMBOL        PDATASTART
  N:0000H         SYMBOL        PPAGE
  N:0000H         SYMBOL        PPAGEENABLE
  D:00A0H         SYMBOL        PPAGE_SFR
  D:0081H         SYMBOL        SP
  C:2FDBH         SYMBOL        STARTUP1
  N:0000H         SYMBOL        XBPSTACK
  N:0000H         SYMBOL        XBPSTACKTOP
  N:0000H         SYMBOL        XDATALEN
  N:0000H         SYMBOL        XDATASTART
  C:0000H         LINE#         126
  C:2FDBH         LINE#         133
  C:2FDDH         LINE#         134
  C:2FDEH         LINE#         135
  C:2FDFH         LINE#         136
  C:2FE1H         LINE#         185
  C:2FE4H         LINE#         196
  -------         ENDMOD        ?C_STARTUP
BL51 BANKED LINKER/LOCATER V6.22                                                      10/19/2020  14:26:54  PAGE 13



  -------         MODULE        MAIN
  C:0000H         SYMBOL        _ICE_DUMMY_
  X:FF08H         PUBLIC        P1M0
  X:FF01H         PUBLIC        P0M1
  X:FF10H         PUBLIC        P2M0
  X:FF09H         PUBLIC        P1M1
  X:FF02H         PUBLIC        P0M2
  D:0080H         PUBLIC        P0
  X:FF18H         PUBLIC        P3M0
  X:FF11H         PUBLIC        P2M1
  X:FF0AH         PUBLIC        P1M2
  X:FF03H         PUBLIC        P0M3
  D:0090H         PUBLIC        P1
  X:FF19H         PUBLIC        P3M1
  X:FF12H         PUBLIC        P2M2
  X:FF0BH         PUBLIC        P1M3
  X:FF04H         PUBLIC        P0M4
  D:00A0H         PUBLIC        P2
  X:FF1AH         PUBLIC        P3M2
  X:FF13H         PUBLIC        P2M3
  X:FF0CH         PUBLIC        P1M4
  X:FF05H         PUBLIC        P0M5
  D:00B0H         PUBLIC        P3
  X:FF1BH         PUBLIC        P3M3
  X:FF14H         PUBLIC        P2M4
  X:FF0DH         PUBLIC        P1M5
  X:FF06H         PUBLIC        P0M6
  X:FF1CH         PUBLIC        P3M4
  X:FF15H         PUBLIC        P2M5
  X:FF0EH         PUBLIC        P1M6
  X:FF07H         PUBLIC        P0M7
  X:FF1DH         PUBLIC        P3M5
  X:FF16H         PUBLIC        P2M6
  X:FF0FH         PUBLIC        P1M7
  B:00A8H.7       PUBLIC        EA
  C:23A8H         PUBLIC        temperature_handle
  X:FF17H         PUBLIC        P2M7
  X:FEC0H         PUBLIC        SCANCON
  X:FEBDH         PUBLIC        TRMEN
  X:FE94H         PUBLIC        XTALCFG
  X:FE75H         PUBLIC        CTKVS
  D:00A8H         PUBLIC        IE
  D:00F8H         PUBLIC        RSTFR
  X:FF91H         PUBLIC        PWM01_MAP
  X:FF95H         PUBLIC        PWM11_MAP
  X:FFA3H         PUBLIC        SDA_MAP
  X:FF99H         PUBLIC        PWM21_MAP
  B:00B0H.5       PUBLIC        P3_5
  C:3E21H         PUBLIC        Detection_Input
  X:FEE0H         PUBLIC        SCR0
  X:FE89H         PUBLIC        S2CON2
  X:FEE2H         PUBLIC        SCR1
  C:29A0H         SYMBOL        key_handle
  X:FEE4H         PUBLIC        SCR2
  X:FEE6H         PUBLIC        SCR3
  X:FEA2H         PUBLIC        CRCC
BL51 BANKED LINKER/LOCATER V6.22                                                      10/19/2020  14:26:54  PAGE 14


  X:FE85H         PUBLIC        T5CON1
  X:FEE8H         PUBLIC        SCR4
  X:FEEAH         PUBLIC        SCR5
  X:FEECH         PUBLIC        SCR6
  X:FEEEH         PUBLIC        SCR7
  X:FFA5H         PUBLIC        SCK_MAP
  X:FFA2H         PUBLIC        SCL_MAP
  C:3179H         PUBLIC        Set_Temp
  C:27DAH         PUBLIC        main
  C:2A79H         PUBLIC        _calibration_temperature
  X:FEA4H         PUBLIC        BORC
  X:FE77H         PUBLIC        DSCR
  C:192EH         PUBLIC        _temp_calc
  X:FFA1H         PUBLIC        RXD_MAP
  X:FEA5H         PUBLIC        BORDBC
  X:FFA0H         PUBLIC        TXD_MAP
  X:FEA7H         PUBLIC        LVDDBC
  X:FEB8H         PUBLIC        PINTE0
  X:FEB9H         PUBLIC        PINTE1
  X:FEBCH         PUBLIC        P2INTE
  X:FEBAH         PUBLIC        PINTE2
  D:0098H         PUBLIC        SCON
  D:0088H         PUBLIC        TCON
  X:FE95H         PUBLIC        SPOV_RSTEN
  X:FE74H         PUBLIC        RBCSEL
  X:FE9BH         PUBLIC        ADCC2
  X:FE76H         PUBLIC        CTKCLK
  X:FE91H         PUBLIC        CLKDIV
  D:00B8H         PUBLIC        IE1
  D:00D8H         PUBLIC        IE2
  X:FF80H         PUBLIC        T0_MAP
  X:FF81H         PUBLIC        T1_MAP
  X:FEAAH         PUBLIC        RSTDBC
  X:FF83H         PUBLIC        T3_MAP
  X:FF84H         PUBLIC        T4_MAP
  X:FF85H         PUBLIC        T5_MAP
  X:FEA0H         PUBLIC        WDTCCR
  X:FEBEH         PUBLIC        TRMV
  X:0152H         PUBLIC        adc_cnt
  X:FED0H         PUBLIC        SCCH0
  X:FED1H         PUBLIC        SCCH1
  X:FED2H         PUBLIC        SCCH2
  X:FE93H         PUBLIC        CLKOUT
  X:FED3H         PUBLIC        SCCH3
  D:008EH         PUBLIC        CLKSWR
  X:0154H         PUBLIC        error_std
  X:0155H         PUBLIC        first_heat_std
  X:FFA9H         PUBLIC        RXD2_MAP
  X:FFA8H         PUBLIC        TXD2_MAP
  X:FE8AH         PUBLIC        S2BUF
  X:FF90H         PUBLIC        PWM0_MAP
  X:FFA4H         PUBLIC        SS_MAP
  X:FF94H         PUBLIC        PWM1_MAP
  X:FF98H         PUBLIC        PWM2_MAP
  X:FE88H         PUBLIC        S2CON
  X:FE80H         PUBLIC        TCON1
  X:FF9CH         PUBLIC        PWM3_MAP
BL51 BANKED LINKER/LOCATER V6.22                                                      10/19/2020  14:26:54  PAGE 15


  X:FF8FH         PUBLIC        CLKO_MAP
  X:FE92H         PUBLIC        FREQ_CLK
  C:3FABH         PUBLIC        Clock
  X:FEB0H         PUBLIC        PITS0
  X:FEB1H         PUBLIC        PITS1
  X:FEB2H         PUBLIC        PITS2
  X:FF6BH         PUBLIC        SEGP0EN
  X:FF63H         PUBLIC        COMP0EN
  X:FEB3H         PUBLIC        PITS3
  X:FF6AH         PUBLIC        SEGP1EN
  X:FF62H         PUBLIC        COMP1EN
  X:FEB4H         PUBLIC        PITS4
  X:FF69H         PUBLIC        SEGP2EN
  X:FF61H         PUBLIC        COMP2EN
  X:FF68H         PUBLIC        SEGP3EN
  X:FF60H         PUBLIC        COMP3EN
  X:FFA7H         PUBLIC        MISO_MAP
  X:FFA6H         PUBLIC        MOSI_MAP
  X:FF40H         PUBLIC        P00DBC
  D:00D0H         PUBLIC        PSW
  X:FF41H         PUBLIC        P01DBC
  X:FF42H         PUBLIC        P02DBC
  X:FF00H         PUBLIC        P0M0
  -------         PROC          KEY_HANDLE
  -------         DO            
  X:0078H         SYMBOL        key_val
  -------         ENDDO         
  C:29A0H         LINE#         50
  C:29A0H         LINE#         51
  C:29A0H         LINE#         52
  C:29A5H         LINE#         54
  C:29ABH         LINE#         56
  C:29ABH         LINE#         57
  C:29B3H         LINE#         58
  C:29B5H         LINE#         60
  C:29B5H         LINE#         61
  C:29BAH         LINE#         62
  C:29BAH         LINE#         63
  C:29C8H         LINE#         64
  C:29C8H         LINE#         66
  C:29CEH         LINE#         67
  C:29CEH         LINE#         68
  C:29D3H         LINE#         70
  C:29D5H         LINE#         72
  C:29D6H         LINE#         74
  C:29D6H         LINE#         75
  C:29DBH         LINE#         76
  C:29DEH         LINE#         77
  C:29E6H         LINE#         78
  C:29E9H         LINE#         80
  C:29EFH         LINE#         82
  C:29EFH         LINE#         83
  C:29F0H         LINE#         84
  C:29F9H         LINE#         85
  C:29F9H         LINE#         89
  C:2A01H         LINE#         90
  C:2A01H         LINE#         93
BL51 BANKED LINKER/LOCATER V6.22                                                      10/19/2020  14:26:54  PAGE 16


  C:2A0AH         LINE#         94
  C:2A0AH         LINE#         95
  C:2A0DH         LINE#         97
  C:2A0FH         LINE#         99
  C:2A0FH         LINE#         100
  C:2A15H         LINE#         101
  C:2A15H         LINE#         104
  C:2A1BH         LINE#         105
  C:2A23H         LINE#         106
  C:2A26H         LINE#         108
  C:2A2EH         LINE#         110
  C:2A2EH         LINE#         111
  C:2A30H         LINE#         112
  C:2A38H         LINE#         113
  C:2A38H         LINE#         115
  C:2A41H         LINE#         116
  C:2A41H         LINE#         117
  C:2A44H         LINE#         118
  C:2A46H         LINE#         120
  C:2A46H         LINE#         121
  C:2A4BH         LINE#         122
  C:2A4BH         LINE#         123
  C:2A54H         LINE#         124
  C:2A54H         LINE#         125
  C:2A59H         LINE#         126
  C:2A59H         LINE#         127
  C:2A5CH         LINE#         128
  C:2A5EH         LINE#         129
  C:2A64H         LINE#         130
  C:2A64H         LINE#         131
  C:2A6AH         LINE#         132
  C:2A6AH         LINE#         133
  C:2A6AH         LINE#         135
  C:2A72H         LINE#         136
  C:2A75H         LINE#         137
  C:2A78H         LINE#         138
  C:2A78H         LINE#         139
  C:2A78H         LINE#         140
  -------         ENDPROC       KEY_HANDLE
  -------         PROC          _CALIBRATION_TEMPERATURE
  X:007EH         SYMBOL        temper
  -------         DO            
  D:0007H         SYMBOL        temp1
  -------         ENDDO         
  C:2A79H         LINE#         143
  C:2A81H         LINE#         144
  C:2A81H         LINE#         145
  C:2A81H         LINE#         146
  C:2A91H         LINE#         147
  C:2A91H         LINE#         148
  C:2A97H         LINE#         149
  C:2A9CH         LINE#         150
  C:2AA1H         LINE#         151
  C:2AABH         LINE#         152
  C:2AABH         LINE#         153
  C:2AB0H         LINE#         154
  C:2AB0H         LINE#         155
BL51 BANKED LINKER/LOCATER V6.22                                                      10/19/2020  14:26:54  PAGE 17


  C:2AB6H         LINE#         156
  C:2ABAH         LINE#         157
  C:2ABCH         LINE#         159
  C:2ABCH         LINE#         160
  C:2AC9H         LINE#         162
  C:2ACCH         LINE#         163
  C:2AD2H         LINE#         164
  C:2AD2H         LINE#         165
  C:2AE2H         LINE#         166
  C:2AE2H         LINE#         167
  C:2AE7H         LINE#         168
  C:2AE9H         LINE#         169
  C:2AE9H         LINE#         170
  C:2AECH         LINE#         171
  C:2AF3H         LINE#         172
  C:2AF3H         LINE#         173
  C:2AF3H         LINE#         174
  C:2AFBH         LINE#         175
  C:2AFBH         LINE#         176
  C:2B0FH         LINE#         177
  C:2B0FH         LINE#         178
  C:2B13H         LINE#         179
  C:2B13H         LINE#         180
  C:2B2BH         LINE#         181
  C:2B2BH         LINE#         182
  C:2B33H         LINE#         184
  -------         ENDPROC       _CALIBRATION_TEMPERATURE
  -------         PROC          _TEMP_CALC
  D:0002H         SYMBOL        uRt
  X:007EH         SYMBOL        uRw
  -------         DO            
  X:0080H         SYMBOL        i
  X:0082H         SYMBOL        basi_tmp
  X:0084H         SYMBOL        u1
  X:0088H         SYMBOL        u3
  -------         ENDDO         
  C:192EH         LINE#         188
  C:193AH         LINE#         189
  C:193AH         LINE#         190
  C:193FH         LINE#         191
  C:1945H         LINE#         193
  C:194DH         LINE#         194
  C:1957H         LINE#         195
  C:1960H         LINE#         196
  C:1960H         LINE#         197
  C:1963H         LINE#         198
  C:1963H         LINE#         200
  C:197FH         LINE#         201
  C:199BH         LINE#         202
  C:19DAH         LINE#         203
  C:19F2H         LINE#         204
  C:19F2H         LINE#         205
  C:19F7H         LINE#         206
  C:19F7H         LINE#         210
  C:1A14H         LINE#         211
  C:1A14H         LINE#         212
  C:1A43H         LINE#         214
BL51 BANKED LINKER/LOCATER V6.22                                                      10/19/2020  14:26:54  PAGE 18


  C:1A4FH         LINE#         215
  C:1A51H         LINE#         218
  C:1A51H         LINE#         219
  C:1A80H         LINE#         221
  C:1A8DH         LINE#         222
  C:1A8DH         LINE#         225
  C:1A94H         LINE#         226
  C:1A94H         LINE#         227
  C:1AA2H         LINE#         228
  C:1AA2H         LINE#         230
  C:1AAAH         LINE#         231
  -------         ENDPROC       _TEMP_CALC
  -------         PROC          TEMPERATURE_HANDLE
  -------         DO            
  X:0078H         SYMBOL        temp
  X:007AH         SYMBOL        adc_val1
  X:007CH         SYMBOL        adc_val2
  -------         ENDDO         
  C:23A8H         LINE#         244
  C:23A8H         LINE#         245
  C:23A8H         LINE#         246
  C:23AFH         LINE#         247
  C:23B7H         LINE#         249
  C:23C5H         LINE#         251
  C:23DFH         LINE#         252
  C:23DFH         LINE#         253
  C:23E6H         LINE#         254
  C:23FCH         LINE#         257
  C:2415H         LINE#         259
  C:2420H         LINE#         262
  C:2432H         LINE#         263
  C:2432H         LINE#         264
  C:2438H         LINE#         265
  C:2438H         LINE#         266
  C:243CH         LINE#         267
  C:2443H         LINE#         268
  C:2443H         LINE#         269
  C:2445H         LINE#         270
  C:2454H         LINE#         271
  C:2454H         LINE#         272
  C:2458H         LINE#         273
  C:2458H         LINE#         275
  C:245AH         LINE#         277
  C:245AH         LINE#         278
  C:2460H         LINE#         279
  C:2464H         LINE#         281
  C:2464H         LINE#         282
  C:2464H         LINE#         284
  C:247BH         LINE#         285
  C:247EH         LINE#         286
  C:2486H         LINE#         287
  C:248EH         LINE#         288
  C:2496H         LINE#         289
  C:2498H         LINE#         291
  C:2498H         LINE#         293
  C:249FH         LINE#         294
  C:249FH         LINE#         296
BL51 BANKED LINKER/LOCATER V6.22                                                      10/19/2020  14:26:54  PAGE 19


  C:24A1H         LINE#         298
  C:24A4H         LINE#         300
  C:24A7H         LINE#         301
  C:24A9H         LINE#         303
  C:24A9H         LINE#         305
  C:24AEH         LINE#         307
  C:24B0H         LINE#         309
  C:24B3H         LINE#         311
  C:24B3H         LINE#         313
  C:24B3H         LINE#         314
  C:24B8H         LINE#         315
  C:24B9H         LINE#         317
  C:24B9H         LINE#         319
  C:24BEH         LINE#         320
  C:24C3H         LINE#         321
  C:24C6H         LINE#         322
  C:24CCH         LINE#         323
  C:24CCH         LINE#         326
  C:24CCH         LINE#         329
  -------         ENDPROC       TEMPERATURE_HANDLE
  -------         PROC          MAIN
  C:27DAH         LINE#         338
  C:27DAH         LINE#         339
  C:27DAH         LINE#         340
  C:27DDH         LINE#         341
  C:27E0H         LINE#         342
  C:27E3H         LINE#         343
  C:27E5H         LINE#         344
  C:27E8H         LINE#         345
  C:27EBH         LINE#         346
  C:27EEH         LINE#         347
  C:27F1H         LINE#         348
  C:27F4H         LINE#         349
  C:27F9H         LINE#         350
  C:27FCH         LINE#         351
  C:27FFH         LINE#         352
  C:2806H         LINE#         353
  C:280BH         LINE#         354
  C:2810H         LINE#         355
  C:2817H         LINE#         356
  C:281AH         LINE#         357
  C:281DH         LINE#         358
  C:2820H         LINE#         359
  C:2829H         LINE#         360
  C:283CH         LINE#         361
  C:2853H         LINE#         362
  C:2869H         LINE#         363
  C:287FH         LINE#         364
  C:2897H         LINE#         365
  C:28A0H         LINE#         367
  C:28A0H         LINE#         368
  C:28A0H         LINE#         371
  C:28A3H         LINE#         372
  C:28A6H         LINE#         373
  C:28ACH         LINE#         374
  C:28B7H         LINE#         375
  C:28BAH         LINE#         376
BL51 BANKED LINKER/LOCATER V6.22                                                      10/19/2020  14:26:54  PAGE 20


  C:28BDH         LINE#         378
  -------         ENDPROC       MAIN
  -------         PROC          CLOCK
  C:3FABH         LINE#         383
  C:3FABH         LINE#         384
  C:3FABH         LINE#         386
  C:3FAEH         LINE#         387
  C:3FB4H         LINE#         388
  -------         ENDPROC       CLOCK
  -------         PROC          SET_TEMP
  C:3179H         LINE#         401
  C:3179H         LINE#         402
  C:3179H         LINE#         405
  C:31ACH         LINE#         406
  C:31ACH         LINE#         407
  C:31ACH         LINE#         409
  C:31ACH         LINE#         410
  C:31ACH         LINE#         411
  C:31B6H         LINE#         412
  C:31B7H         LINE#         413
  C:31B7H         LINE#         414
  C:31C1H         LINE#         415
  C:31C2H         LINE#         416
  C:31C2H         LINE#         417
  C:31CCH         LINE#         418
  C:31CDH         LINE#         419
  C:31CDH         LINE#         420
  C:31D7H         LINE#         421
  C:31D8H         LINE#         422
  C:31D8H         LINE#         425
  C:31D8H         LINE#         426
  C:31E1H         LINE#         427
  C:31E2H         LINE#         428
  C:31E2H         LINE#         429
  C:31E2H         LINE#         430
  C:31E2H         LINE#         431
  C:31ECH         LINE#         433
  C:31EDH         LINE#         434
  C:31EDH         LINE#         435
  C:31F7H         LINE#         436
  C:31F7H         LINE#         437
  C:31F7H         LINE#         438
  -------         ENDPROC       SET_TEMP
  -------         PROC          DETECTION_INPUT
  -------         DO            
  D:0006H         SYMBOL        input
  -------         ENDDO         
  C:3E21H         LINE#         463
  C:3E21H         LINE#         464
  C:3E21H         LINE#         465
  C:3E24H         LINE#         466
  C:3E27H         LINE#         467
  C:3E34H         LINE#         468
  C:3E34H         LINE#         470
  C:3E39H         LINE#         471
  C:3E3AH         LINE#         473
  C:3E3AH         LINE#         475
BL51 BANKED LINKER/LOCATER V6.22                                                      10/19/2020  14:26:54  PAGE 21


  C:3E3EH         LINE#         476
  C:3E3EH         LINE#         477
  -------         ENDPROC       DETECTION_INPUT
  -------         ENDMOD        MAIN

  -------         MODULE        DELAY
  C:0000H         SYMBOL        _ICE_DUMMY_
  D:0080H         PUBLIC        P0
  D:0090H         PUBLIC        P1
  D:00A0H         PUBLIC        P2
  D:00B0H         PUBLIC        P3
  D:00A8H         PUBLIC        IE
  D:00F8H         PUBLIC        RSTFR
  D:0098H         PUBLIC        SCON
  D:0088H         PUBLIC        TCON
  D:00B8H         PUBLIC        IE1
  D:00D8H         PUBLIC        IE2
  C:3E75H         PUBLIC        _delay_ms
  C:3F44H         PUBLIC        _delay_us
  D:00D0H         PUBLIC        PSW
  -------         PROC          _DELAY_US
  D:0006H         SYMBOL        us
  C:3F44H         LINE#         4
  C:3F44H         LINE#         5
  C:3F44H         LINE#         6
  C:3F4DH         LINE#         7
  C:3F4DH         LINE#         8
  C:3F4FH         LINE#         9
  C:3F51H         LINE#         10
  -------         ENDPROC       _DELAY_US
  -------         PROC          _DELAY_MS
  D:0006H         SYMBOL        ms
  -------         DO            
  D:0004H         SYMBOL        i
  -------         ENDDO         
  C:3E75H         LINE#         12
  C:3E75H         LINE#         13
  C:3E75H         LINE#         15
  C:3E75H         LINE#         16
  C:3E79H         LINE#         17
  C:3E82H         LINE#         18
  C:3E8BH         LINE#         19
  -------         ENDPROC       _DELAY_MS
  -------         ENDMOD        DELAY

  -------         MODULE        ADC
  C:0000H         SYMBOL        _ICE_DUMMY_
  D:0080H         PUBLIC        P0
  D:0090H         PUBLIC        P1
  D:00A0H         PUBLIC        P2
  D:00B0H         PUBLIC        P3
  C:3ECFH         PUBLIC        get_adc_val_P02
  C:3EB9H         PUBLIC        get_adc_val_P03
  C:3EA3H         PUBLIC        get_adc_val_P07
  D:00A8H         PUBLIC        IE
  D:00F8H         PUBLIC        RSTFR
  C:2273H         PUBLIC        _get_voltage
BL51 BANKED LINKER/LOCATER V6.22                                                      10/19/2020  14:26:54  PAGE 22


  D:00B6H         PUBLIC        ADCR
  D:0098H         PUBLIC        SCON
  D:0088H         PUBLIC        TCON
  D:00B4H         PUBLIC        ADCC0
  D:00B5H         PUBLIC        ADCC1
  D:00B8H         PUBLIC        IE1
  C:3DE3H         PUBLIC        adc_init
  D:00D8H         PUBLIC        IE2
  C:2F4AH         PUBLIC        Detection_Input_Voltage
  D:00D0H         PUBLIC        PSW
  -------         PROC          ADC_INIT
  C:3DE3H         LINE#         5
  C:3DE3H         LINE#         6
  C:3DE3H         LINE#         7
  C:3DE9H         LINE#         8
  C:3DEDH         LINE#         9
  C:3DF1H         LINE#         10
  C:3DF4H         LINE#         19
  C:3DFBH         LINE#         22
  C:3E01H         LINE#         23
  -------         ENDPROC       ADC_INIT
  -------         PROC          GET_ADC_VAL_P07
  -------         DO            
  D:0006H         SYMBOL        adc_val
  -------         ENDDO         
  C:3EA3H         LINE#         25
  C:3EA3H         LINE#         26
  C:3EA3H         LINE#         27
  C:3EA6H         LINE#         28
  C:3EA9H         LINE#         29
  C:3EACH         LINE#         30
  C:3EB1H         LINE#         31
  C:3EB4H         LINE#         32
  C:3EB8H         LINE#         34
  C:3EB8H         LINE#         35
  -------         ENDPROC       GET_ADC_VAL_P07
  -------         PROC          GET_ADC_VAL_P03
  -------         DO            
  D:0006H         SYMBOL        adc_val
  -------         ENDDO         
  C:3EB9H         LINE#         37
  C:3EB9H         LINE#         38
  C:3EB9H         LINE#         39
  C:3EBCH         LINE#         40
  C:3EBFH         LINE#         41
  C:3EC2H         LINE#         42
  C:3EC7H         LINE#         43
  C:3ECAH         LINE#         44
  C:3ECEH         LINE#         46
  C:3ECEH         LINE#         47
  -------         ENDPROC       GET_ADC_VAL_P03
  -------         PROC          GET_ADC_VAL_P02
  -------         DO            
  D:0006H         SYMBOL        adc_val
  -------         ENDDO         
  C:3ECFH         LINE#         49
  C:3ECFH         LINE#         50
BL51 BANKED LINKER/LOCATER V6.22                                                      10/19/2020  14:26:54  PAGE 23


  C:3ECFH         LINE#         51
  C:3ED2H         LINE#         52
  C:3ED5H         LINE#         53
  C:3ED8H         LINE#         54
  C:3EDDH         LINE#         55
  C:3EE0H         LINE#         56
  C:3EE4H         LINE#         58
  C:3EE4H         LINE#         59
  -------         ENDPROC       GET_ADC_VAL_P02
  -------         PROC          _GET_VOLTAGE
  X:007EH         SYMBOL        u1_voltage
  X:0081H         SYMBOL        u3_voltage
  -------         DO            
  X:0084H         SYMBOL        temp
  X:0088H         SYMBOL        i
  -------         ENDDO         
  C:2273H         LINE#         61
  C:227EH         LINE#         62
  C:227EH         LINE#         63
  C:2288H         LINE#         64
  C:228DH         LINE#         66
  C:228EH         LINE#         67
  C:228EH         LINE#         68
  C:22B4H         LINE#         69
  C:22C0H         LINE#         70
  C:22DDH         LINE#         71
  C:2310H         LINE#         73
  C:2317H         LINE#         74
  C:2321H         LINE#         75
  C:2326H         LINE#         76
  C:2326H         LINE#         77
  C:234CH         LINE#         78
  C:2358H         LINE#         79
  C:2375H         LINE#         80
  -------         ENDPROC       _GET_VOLTAGE
  -------         PROC          DETECTION_INPUT_VOLTAGE
  -------         DO            
  X:0078H         SYMBOL        tep
  X:007CH         SYMBOL        i
  -------         ENDDO         
  C:2F4AH         LINE#         84
  C:2F4AH         LINE#         85
  C:2F4AH         LINE#         87
  C:2F54H         LINE#         88
  C:2F59H         LINE#         90
  C:2F5AH         LINE#         91
  C:2F5AH         LINE#         92
  C:2F80H         LINE#         93
  C:2F8CH         LINE#         94
  C:2FA9H         LINE#         95
  C:2FD0H         LINE#         97
  C:2FDAH         LINE#         98
  -------         ENDPROC       DETECTION_INPUT_VOLTAGE
  -------         ENDMOD        ADC

  -------         MODULE        FLASH
  C:0000H         SYMBOL        _ICE_DUMMY_
BL51 BANKED LINKER/LOCATER V6.22                                                      10/19/2020  14:26:54  PAGE 24


  D:0080H         PUBLIC        P0
  D:0090H         PUBLIC        P1
  D:00A0H         PUBLIC        P2
  D:00B0H         PUBLIC        P3
  B:00A8H.7       PUBLIC        EA
  C:344CH         PUBLIC        _Flash_WriteArr
  C:0003H         PUBLIC        _flash_read_addr
  D:00A8H         PUBLIC        IE
  D:00FCH         PUBLIC        IAP_CMD
  D:00F8H         PUBLIC        RSTFR
  C:3FEDH         PUBLIC        get_device_state
  X:0112H         PUBLIC        flash_info
  C:3FF3H         PUBLIC        _set_device_state
  C:1EC9H         PUBLIC        flash_init
  C:3CE6H         PUBLIC        flah_save_data
  C:3DA1H         PUBLIC        _Flash_EraseBlock
  D:0098H         PUBLIC        SCON
  D:0088H         PUBLIC        TCON
  D:00B8H         PUBLIC        IE1
  D:00D8H         PUBLIC        IE2
  D:00FBH         PUBLIC        IAP_DATA
  D:00F9H         PUBLIC        IAP_ADDR
  C:3C49H         PUBLIC        _FLASH_WriteData
  C:3AACH         SYMBOL        check_flash
  X:0117H         PUBLIC        flash_check
  C:39BFH         PUBLIC        _Flash_ReadArr
  X:011BH         PUBLIC        Input_Voltage_std
  X:011DH         PUBLIC        device_state
  D:00D0H         PUBLIC        PSW
  -------         PROC          GET_DEVICE_STATE
  C:3FEDH         LINE#         10
  C:3FEDH         LINE#         11
  C:3FEDH         LINE#         12
  C:3FF2H         LINE#         13
  -------         ENDPROC       GET_DEVICE_STATE
  -------         PROC          _SET_DEVICE_STATE
  D:0007H         SYMBOL        state
  C:3FF3H         LINE#         15
  C:3FF3H         LINE#         16
  C:3FF3H         LINE#         17
  C:3FF8H         LINE#         18
  -------         ENDPROC       _SET_DEVICE_STATE
  -------         PROC          _FLASH_ERASEBLOCK
  D:0006H         SYMBOL        addr
  C:3DA1H         LINE#         28
  C:3DA8H         LINE#         29
  C:3DA8H         LINE#         30
  C:3DAEH         LINE#         31
  C:3DB2H         LINE#         32
  C:3DB8H         LINE#         33
  C:3DBEH         LINE#         34
  -------         ENDPROC       _FLASH_ERASEBLOCK
  -------         PROC          _FLASH_WRITEDATA
  D:0007H         SYMBOL        fuc_SaveData
  D:0004H         SYMBOL        addr
  C:3C49H         LINE#         44
  C:3C50H         LINE#         45
BL51 BANKED LINKER/LOCATER V6.22                                                      10/19/2020  14:26:54  PAGE 25


  C:3C50H         LINE#         46
  C:3C52H         LINE#         47
  C:3C58H         LINE#         48
  C:3C60H         LINE#         49
  C:3C66H         LINE#         50
  C:3C6CH         LINE#         51
  -------         ENDPROC       _FLASH_WRITEDATA
  -------         PROC          L?0030
  -------         ENDPROC       L?0030
  -------         PROC          _FLASH_WRITEARR
  X:0080H         SYMBOL        fui_Address
  X:0082H         SYMBOL        len
  X:0083H         SYMBOL        fucp_SaveArr
  -------         DO            
  X:0086H         SYMBOL        i
  -------         ENDDO         
  C:344CH         LINE#         63
  C:3467H         LINE#         64
  C:3467H         LINE#         65
  C:346AH         LINE#         67
  C:346CH         LINE#         68
  C:347AH         LINE#         69
  C:347AH         LINE#         70
  C:349EH         LINE#         71
  C:34A6H         LINE#         72
  C:34A8H         LINE#         73
  -------         ENDPROC       _FLASH_WRITEARR
  -------         PROC          _FLASH_READ_ADDR
  D:0082H         SYMBOL        address
  -------         DO            
  D:0007H         SYMBOL        val
  -------         ENDDO         
  C:0003H         LINE#         75
  C:0007H         LINE#         76
  C:0007H         LINE#         77
  C:0008H         LINE#         78
  C:000AH         LINE#         79
  C:000AH         LINE#         80
  -------         ENDPROC       _FLASH_READ_ADDR
  -------         PROC          _FLASH_READARR
  X:0080H         SYMBOL        fui_Address
  D:0005H         SYMBOL        fuc_Length
  X:0082H         SYMBOL        fucp_SaveArr
  C:39BFH         LINE#         92
  C:39D0H         LINE#         93
  C:39D0H         LINE#         94
  C:39D6H         LINE#         95
  C:39FEH         LINE#         96
  -------         ENDPROC       _FLASH_READARR
  -------         PROC          CHECK_FLASH
  -------         DO            
  D:0005H         SYMBOL        i
  D:0004H         SYMBOL        cnt
  -------         ENDDO         
  C:3AACH         LINE#         98
  C:3AACH         LINE#         99
  C:3AACH         LINE#         100
BL51 BANKED LINKER/LOCATER V6.22                                                      10/19/2020  14:26:54  PAGE 26


  C:3AAFH         LINE#         102
  C:3AAFH         LINE#         103
  C:3AAFH         LINE#         104
  C:3AC8H         LINE#         105
  C:3AC8H         LINE#         106
  C:3AC9H         LINE#         107
  C:3ACBH         LINE#         108
  C:3ACEH         LINE#         109
  C:3AD3H         LINE#         110
  C:3AD9H         LINE#         111
  C:3ADCH         LINE#         112
  C:3ADEH         LINE#         113
  -------         ENDPROC       CHECK_FLASH
  -------         PROC          FLASH_INIT
  -------         DO            
  X:0078H         SYMBOL        init_flag
  -------         ENDDO         
  C:1EC9H         LINE#         116
  C:1EC9H         LINE#         117
  C:1EC9H         LINE#         118
  C:1ECEH         LINE#         121
  C:1ED4H         LINE#         123
  C:1EDAH         LINE#         124
  C:1EDAH         LINE#         125
  C:1EDFH         LINE#         126
  C:1EE1H         LINE#         128
  C:1EE1H         LINE#         129
  C:1EEAH         LINE#         130
  C:1EF9H         LINE#         131
  C:1F1CH         LINE#         132
  C:1F3FH         LINE#         133
  C:1F48H         LINE#         134
  C:1F57H         LINE#         135
  C:1F5DH         LINE#         136
  C:1F5DH         LINE#         137
  C:1F65H         LINE#         138
  C:1F65H         LINE#         139
  C:1F6EH         LINE#         140
  C:1F74H         LINE#         141
  C:1F76H         LINE#         142
  C:1F7DH         LINE#         143
  C:1F87H         LINE#         144
  C:1F8AH         LINE#         145
  C:1F99H         LINE#         146
  C:1FD6H         LINE#         147
  C:1FDFH         LINE#         148
  C:1FDFH         LINE#         149
  -------         ENDPROC       FLASH_INIT
  -------         PROC          FLAH_SAVE_DATA
  C:3CE6H         LINE#         153
  C:3CE6H         LINE#         154
  C:3CE6H         LINE#         156
  C:3CEDH         LINE#         157
  C:3CFAH         LINE#         158
  C:3CFDH         LINE#         159
  -------         ENDPROC       FLAH_SAVE_DATA
  -------         ENDMOD        FLASH
BL51 BANKED LINKER/LOCATER V6.22                                                      10/19/2020  14:26:54  PAGE 27



  -------         MODULE        UART
  C:0000H         SYMBOL        _ICE_DUMMY_
  D:0080H         PUBLIC        P0
  D:0090H         PUBLIC        P1
  D:00A0H         PUBLIC        P2
  D:00B0H         PUBLIC        P3
  C:31F8H         PUBLIC        UART1_Rpt
  D:00A8H         PUBLIC        IE
  C:3E02H         PUBLIC        _producte_send_cmd
  D:00F8H         PUBLIC        RSTFR
  C:3B71H         SYMBOL        _producte_com_send_data
  B:0098H.1       PUBLIC        TI
  X:00AEH         PUBLIC        usart_rx_cnt
  D:0099H         PUBLIC        SBUF
  C:3F87H         PUBLIC        _hal_uart_putchar
  D:0098H         PUBLIC        SCON
  D:0088H         PUBLIC        TCON
  X:00AFH         PUBLIC        temper_val
  D:00B8H         PUBLIC        IE1
  D:00D8H         PUBLIC        IE2
  B:00A8H.4       PUBLIC        ES1
  D:00CEH         PUBLIC        TH4
  D:00CDH         PUBLIC        TL4
  C:3C20H         PUBLIC        uart_init
  X:00B0H         PUBLIC        usart_rx_buffer
  C:4021H         SYMBOL        _producte_com_send_one_bit
  D:009EH         PUBLIC        SCON2
  D:00CCH         PUBLIC        T4CON
  X:00CEH         PUBLIC        usart_rx_flag
  D:00D0H         PUBLIC        PSW
  C:0022H         PUBLIC        _putchar
  -------         PROC          UART_INIT
  C:3C20H         LINE#         29
  C:3C20H         LINE#         30
  C:3C20H         LINE#         32
  C:3C26H         LINE#         33
  C:3C2CH         LINE#         34
  C:3C32H         LINE#         35
  C:3C37H         LINE#         49
  C:3C3AH         LINE#         50
  C:3C3DH         LINE#         51
  C:3C40H         LINE#         52
  C:3C43H         LINE#         53
  C:3C46H         LINE#         54
  C:3C48H         LINE#         56
  -------         ENDPROC       UART_INIT
  -------         PROC          _HAL_UART_PUTCHAR
  D:0007H         SYMBOL        Char
  C:3F87H         LINE#         60
  C:3F87H         LINE#         61
  C:3F87H         LINE#         62
  C:3F89H         LINE#         63
  C:3F8BH         LINE#         64
  C:3F8EH         LINE#         65
  C:3F90H         LINE#         66
  C:3F92H         LINE#         67
BL51 BANKED LINKER/LOCATER V6.22                                                      10/19/2020  14:26:54  PAGE 28


  -------         ENDPROC       _HAL_UART_PUTCHAR
  -------         PROC          _PRODUCTE_COM_SEND_ONE_BIT
  D:0007H         SYMBOL        Data
  C:4021H         LINE#         74
  C:4021H         LINE#         75
  C:4021H         LINE#         76
  -------         ENDPROC       _PRODUCTE_COM_SEND_ONE_BIT
  -------         PROC          _PRODUCTE_COM_SEND_DATA
  X:0085H         SYMBOL        Data
  D:0005H         SYMBOL        len
  -------         DO            
  D:0006H         SYMBOL        i
  -------         ENDDO         
  C:3B71H         LINE#         83
  C:3B7CH         LINE#         84
  C:3B7CH         LINE#         86
  C:3B83H         LINE#         87
  C:3B83H         LINE#         88
  C:3B9AH         LINE#         89
  C:3B9DH         LINE#         90
  -------         ENDPROC       _PRODUCTE_COM_SEND_DATA
  -------         PROC          _PRODUCTE_SEND_CMD
  D:0007H         SYMBOL        funcode
  D:0005H         SYMBOL        Data
  -------         DO            
  X:0080H         SYMBOL        cmd_t
  -------         ENDDO         
  C:3E02H         LINE#         97
  C:3E02H         LINE#         98
  C:3E02H         LINE#         100
  C:3E08H         LINE#         101
  C:3E0BH         LINE#         102
  C:3E0EH         LINE#         103
  C:3E12H         LINE#         104
  C:3E16H         LINE#         105
  -------         ENDPROC       _PRODUCTE_SEND_CMD
  -------         PROC          _PUTCHAR
  D:0007H         SYMBOL        c
  C:0022H         LINE#         110
  C:0022H         LINE#         111
  C:0022H         LINE#         113
  C:0022H         LINE#         114
  -------         ENDPROC       _PUTCHAR
  -------         PROC          UART1_RPT
  -------         DO            
  X:00ACH         SYMBOL        Data
  -------         ENDDO         
  C:31F8H         LINE#         117
  C:3215H         LINE#         119
  C:321AH         LINE#         120
  C:321FH         LINE#         121
  C:321FH         LINE#         122
  C:3222H         LINE#         124
  C:3225H         LINE#         125
  C:322AH         LINE#         127
  C:3234H         LINE#         128
  C:3234H         LINE#         129
BL51 BANKED LINKER/LOCATER V6.22                                                      10/19/2020  14:26:54  PAGE 29


  C:3234H         LINE#         130
  C:323BH         LINE#         131
  C:323BH         LINE#         132
  C:323FH         LINE#         133
  C:3245H         LINE#         135
  C:324BH         LINE#         139
  C:324BH         LINE#         140
  C:324DH         LINE#         141
  C:324DH         LINE#         143
  C:3255H         LINE#         145
  C:325BH         LINE#         147
  C:325BH         LINE#         149
  C:325BH         LINE#         152
  C:325BH         LINE#         153
  -------         ENDPROC       UART1_RPT
  -------         ENDMOD        UART

  -------         MODULE        KEY
  C:0000H         SYMBOL        _ICE_DUMMY_
  D:0080H         PUBLIC        P0
  D:0090H         PUBLIC        P1
  D:00A0H         PUBLIC        P2
  D:00B0H         PUBLIC        P3
  C:2BEBH         SYMBOL        Calibration_key_driver
  D:00A8H         PUBLIC        IE
  B:0080H.0       PUBLIC        P0_0
  B:0080H.1       PUBLIC        P0_1
  D:00F8H         PUBLIC        RSTFR
  B:00A0H.7       PUBLIC        P2_7
  D:0098H         PUBLIC        SCON
  D:0088H         PUBLIC        TCON
  C:2B34H         SYMBOL        key_driver
  X:0127H         PUBLIC        calibration_std
  D:00B8H         PUBLIC        IE1
  D:00D8H         PUBLIC        IE2
  C:35EBH         PUBLIC        key_scan
  C:3F35H         PUBLIC        key_init
  D:00D0H         PUBLIC        PSW
  -------         PROC          KEY_INIT
  C:3F35H         LINE#         7
  C:3F35H         LINE#         8
  C:3F35H         LINE#         9
  C:3F3BH         LINE#         10
  C:3F3FH         LINE#         11
  C:3F43H         LINE#         13
  -------         ENDPROC       KEY_INIT
  -------         PROC          KEY_DRIVER
  -------         DO            
  X:011EH         SYMBOL        key_state
  X:011FH         SYMBOL        key_time
  X:0079H         SYMBOL        key_press
  X:007AH         SYMBOL        key_return
  -------         ENDDO         
  C:2B34H         LINE#         16
  C:2B34H         LINE#         17
  C:2B34H         LINE#         22
  C:2B39H         LINE#         24
BL51 BANKED LINKER/LOCATER V6.22                                                      10/19/2020  14:26:54  PAGE 30


  C:2B40H         LINE#         25
  C:2B57H         LINE#         26
  C:2B57H         LINE#         27
  C:2B57H         LINE#         28
  C:2B60H         LINE#         29
  C:2B60H         LINE#         30
  C:2B66H         LINE#         31
  C:2B6BH         LINE#         32
  C:2B6BH         LINE#         33
  C:2B6DH         LINE#         35
  C:2B6DH         LINE#         36
  C:2B73H         LINE#         37
  C:2B73H         LINE#         38
  C:2B81H         LINE#         39
  C:2B90H         LINE#         40
  C:2B90H         LINE#         41
  C:2B96H         LINE#         42
  C:2B96H         LINE#         43
  C:2B96H         LINE#         44
  C:2B98H         LINE#         48
  C:2B98H         LINE#         49
  C:2B9FH         LINE#         50
  C:2B9FH         LINE#         51
  C:2BA3H         LINE#         52
  C:2BA3H         LINE#         53
  C:2BA5H         LINE#         55
  C:2BA5H         LINE#         56
  C:2BB3H         LINE#         58
  C:2BC2H         LINE#         59
  C:2BC2H         LINE#         60
  C:2BC8H         LINE#         61
  C:2BCEH         LINE#         62
  C:2BCEH         LINE#         63
  C:2BD5H         LINE#         64
  C:2BD5H         LINE#         65
  C:2BD7H         LINE#         67
  C:2BD7H         LINE#         68
  C:2BDEH         LINE#         69
  C:2BDEH         LINE#         70
  C:2BDEH         LINE#         71
  C:2BDEH         LINE#         72
  C:2BE0H         LINE#         74
  C:2BE0H         LINE#         75
  C:2BE5H         LINE#         76
  C:2BE5H         LINE#         77
  C:2BE5H         LINE#         79
  C:2BEAH         LINE#         81
  -------         ENDPROC       KEY_DRIVER
  -------         PROC          CALIBRATION_KEY_DRIVER
  -------         DO            
  X:0121H         SYMBOL        key_state
  X:0122H         SYMBOL        key_time
  X:0079H         SYMBOL        key_press
  X:007AH         SYMBOL        key_return
  -------         ENDDO         
  C:2BEBH         LINE#         82
  C:2BEBH         LINE#         83
BL51 BANKED LINKER/LOCATER V6.22                                                      10/19/2020  14:26:54  PAGE 31


  C:2BEBH         LINE#         88
  C:2BF0H         LINE#         90
  C:2BF7H         LINE#         91
  C:2C0EH         LINE#         92
  C:2C0EH         LINE#         93
  C:2C0EH         LINE#         94
  C:2C17H         LINE#         95
  C:2C17H         LINE#         96
  C:2C1DH         LINE#         97
  C:2C22H         LINE#         98
  C:2C22H         LINE#         99
  C:2C24H         LINE#         101
  C:2C24H         LINE#         102
  C:2C2AH         LINE#         103
  C:2C2AH         LINE#         104
[...]
  C:2CF4H         LINE#         409
  C:2D08H         LINE#         410
  C:2D0AH         LINE#         411
  C:2D0AH         LINE#         413
  C:2D1EH         LINE#         414
  C:2D20H         LINE#         415
  C:2D20H         LINE#         417
  C:2D34H         LINE#         418
  C:2D36H         LINE#         419
  C:2D36H         LINE#         421
  C:2D4FH         LINE#         422
  C:2D4FH         LINE#         425
  C:2D4FH         LINE#         426
  C:2D4FH         LINE#         427
  C:2D4FH         LINE#         428
  C:2D54H         LINE#         429
  -------         ENDPROC       _DP_DOWNLOAD_HANDLE
  -------         PROC          GET_DOWNLOAD_CMD_TOTAL
  C:4027H         LINE#         437
  C:4027H         LINE#         438
  C:4027H         LINE#         439
  C:4029H         LINE#         440
  -------         ENDPROC       GET_DOWNLOAD_CMD_TOTAL
  -------         PROC          _WIFI_TEST_RESULT
  X:0085H         SYMBOL        result
  X:0086H         SYMBOL        rssi
  C:3FE4H         LINE#         556
  C:3FECH         LINE#         557
  C:3FECH         LINE#         559
  C:3FECH         LINE#         561
  C:3FECH         LINE#         563
  C:3FECH         LINE#         565
  C:3FECH         LINE#         566
  C:3FECH         LINE#         569
  C:3FECH         LINE#         570
  -------         ENDPROC       _WIFI_TEST_RESULT
  -------         ENDMOD        PROTOCOL

  -------         MODULE        SYSTEM
  C:0000H         SYMBOL        _ICE_DUMMY_
  C:3B42H         SYMBOL        _get_dowmload_dpid_index
  D:0080H         PUBLIC        P0
  D:0090H         PUBLIC        P1
  D:00A0H         PUBLIC        P2
  C:3FBFH         SYMBOL        get_mcu_wifi_mode
  D:00B0H         PUBLIC        P3
  C:3CBFH         SYMBOL        heat_beat_check
  X:0001H         PUBLIC        set_wifimode_flag
BL51 BANKED LINKER/LOCATER V6.22                                                      10/19/2020  14:26:54  PAGE 65


  D:00A8H         PUBLIC        IE
  D:00F8H         PUBLIC        RSTFR
  C:3BCAH         PUBLIC        _set_wifi_uart_byte
  C:3A77H         PUBLIC        with_data_rxbuff
  X:0002H         PUBLIC        stop_update_flag
  C:36B8H         PUBLIC        take_byte_rxbuff
  X:0003H         PUBLIC        wifi_data_process_buf
  D:0098H         PUBLIC        SCON
  D:0088H         PUBLIC        TCON
  X:0022H         PUBLIC        reset_wifi_flag
  X:0023H         PUBLIC        wifi_uart_rx_buf
  X:003AH         PUBLIC        wifi_uart_tx_buf
  D:00B8H         PUBLIC        IE1
  D:00D8H         PUBLIC        IE2
  X:0071H         PUBLIC        rx_buf_in
  C:3A6DH         SYMBOL        _?ix1000
  X:0074H         PUBLIC        rx_buf_out
  C:3582H         PUBLIC        _wifi_uart_write_frame
  C:3932H         PUBLIC        _get_check_sum
  C:38DEH         SYMBOL        _wifi_uart_write_data
  X:0077H         PUBLIC        wifi_work_state
  C:34B6H         PUBLIC        _set_wifi_uart_buffer
  C:1D70H         PUBLIC        _data_handle
  C:30F3H         SYMBOL        _data_point_handle
  D:00D0H         PUBLIC        PSW
  C:24CDH         SYMBOL        product_info_update
  -------         PROC          _SET_WIFI_UART_BYTE
  X:009CH         SYMBOL        dest
  D:0005H         SYMBOL        byte
  -------         DO            
  D:0001H         SYMBOL        obj
  -------         ENDDO         
  C:3BCAH         LINE#         30
  C:3BD2H         LINE#         31
  C:3BD2H         LINE#         32
  C:3BDBH         LINE#         34
  C:3BDFH         LINE#         35
  C:3BEDH         LINE#         37
  C:3BF5H         LINE#         38
  -------         ENDPROC       _SET_WIFI_UART_BYTE
  -------         PROC          L?0056
  -------         ENDPROC       L?0056
  -------         PROC          _SET_WIFI_UART_BUFFER
  X:0090H         SYMBOL        dest
  X:0092H         SYMBOL        src
  X:0095H         SYMBOL        len
  -------         DO            
  D:0001H         SYMBOL        obj
  -------         ENDDO         
  C:34B6H         LINE#         47
  C:34C9H         LINE#         48
  C:34C9H         LINE#         49
  C:34D2H         LINE#         51
  C:34FFH         LINE#         53
  C:3513H         LINE#         54
  C:3518H         LINE#         55
  -------         ENDPROC       _SET_WIFI_UART_BUFFER
BL51 BANKED LINKER/LOCATER V6.22                                                      10/19/2020  14:26:54  PAGE 66


  -------         PROC          _GET_CHECK_SUM
  X:009EH         SYMBOL        pack
  X:00A1H         SYMBOL        pack_len
  -------         DO            
  D:0006H         SYMBOL        i
  X:00A3H         SYMBOL        check_sum
  -------         ENDDO         
  C:3932H         LINE#         63
  C:3943H         LINE#         64
  C:3943H         LINE#         66
  C:3946H         LINE#         68
  C:3955H         LINE#         69
  C:396FH         LINE#         70
  C:3976H         LINE#         72
  C:397BH         LINE#         73
  -------         ENDPROC       _GET_CHECK_SUM
  -------         PROC          _WIFI_UART_WRITE_DATA
  X:009EH         SYMBOL        in
  X:00A1H         SYMBOL        len
  C:38DEH         LINE#         81
  C:38EFH         LINE#         82
  C:38EFH         LINE#         83
  C:3905H         LINE#         85
  C:3905H         LINE#         87
  C:3913H         LINE#         88
  C:3925H         LINE#         89
  C:392FH         LINE#         90
  C:3931H         LINE#         91
  -------         ENDPROC       _WIFI_UART_WRITE_DATA
  -------         PROC          _WIFI_UART_WRITE_FRAME
  D:0007H         SYMBOL        fr_type
  D:0005H         SYMBOL        fr_ver
  X:009CH         SYMBOL        len
  -------         DO            
  D:0006H         SYMBOL        check_sum
  -------         ENDDO         
  C:3582H         LINE#         100
  C:358AH         LINE#         101
  C:358AH         LINE#         102
  C:358AH         LINE#         104
  C:3590H         LINE#         105
  C:3594H         LINE#         106
  C:3597H         LINE#         107
  C:359AH         LINE#         108
  C:35A7H         LINE#         109
  C:35AAH         LINE#         111
  C:35B8H         LINE#         112
  C:35CFH         LINE#         113
  C:35E2H         LINE#         115
  -------         ENDPROC       _WIFI_UART_WRITE_FRAME
  -------         PROC          HEAT_BEAT_CHECK
  -------         DO            
  D:0007H         SYMBOL        length
  X:0000H         SYMBOL        mcu_reset_state
  -------         ENDDO         
  C:3CBFH         LINE#         123
  C:3CBFH         LINE#         124
BL51 BANKED LINKER/LOCATER V6.22                                                      10/19/2020  14:26:54  PAGE 67


  C:3CBFH         LINE#         125
  C:3CC1H         LINE#         128
  C:3CC7H         LINE#         129
  C:3CCCH         LINE#         130
  C:3CD2H         LINE#         131
  C:3CD4H         LINE#         132
  C:3CDBH         LINE#         133
  C:3CDBH         LINE#         135
  -------         ENDPROC       HEAT_BEAT_CHECK
  -------         PROC          PRODUCT_INFO_UPDATE
  -------         DO            
  X:0085H         SYMBOL        length
  X:0086H         SYMBOL        str
  -------         ENDDO         
  C:24CDH         LINE#         143
  C:24CDH         LINE#         144
  C:24CDH         LINE#         145
  C:24D2H         LINE#         146
  C:24E4H         LINE#         148
  C:2501H         LINE#         149
  C:251EH         LINE#         150
  C:2544H         LINE#         151
  C:256AH         LINE#         152
  C:2590H         LINE#         153
  C:25B6H         LINE#         171
  C:25DCH         LINE#         173
  -------         ENDPROC       PRODUCT_INFO_UPDATE
  -------         PROC          GET_MCU_WIFI_MODE
  -------         DO            
  D:0007H         SYMBOL        length
  -------         ENDDO         
  C:3FBFH         LINE#         181
  C:3FBFH         LINE#         182
  C:3FBFH         LINE#         183
  C:3FC0H         LINE#         192
  -------         ENDPROC       GET_MCU_WIFI_MODE
  -------         PROC          _GET_DOWMLOAD_DPID_INDEX
  X:008CH         SYMBOL        dpid
  -------         DO            
  D:0006H         SYMBOL        index
  D:0007H         SYMBOL        total
  -------         ENDDO         
  C:3B42H         LINE#         200
  C:3B47H         LINE#         201
  C:3B47H         LINE#         203
  C:3B4AH         LINE#         205
  C:3B51H         LINE#         206
  C:3B6BH         LINE#         207
  C:3B6BH         LINE#         208
  C:3B6BH         LINE#         209
  C:3B6EH         LINE#         211
  C:3B70H         LINE#         212
  -------         ENDPROC       _GET_DOWMLOAD_DPID_INDEX
  -------         PROC          _DATA_POINT_HANDLE
  X:0085H         SYMBOL        value
  -------         DO            
  X:0088H         SYMBOL        dp_id
BL51 BANKED LINKER/LOCATER V6.22                                                      10/19/2020  14:26:54  PAGE 68


  D:0007H         SYMBOL        index
  X:0089H         SYMBOL        dp_type
  D:0007H         SYMBOL        ret
  X:008AH         SYMBOL        dp_len
  -------         ENDDO         
  C:30F3H         LINE#         219
  C:30FEH         LINE#         220
  C:30FEH         LINE#         226
  C:3106H         LINE#         227
  C:3110H         LINE#         228
  C:311DH         LINE#         229
  C:3131H         LINE#         231
  C:3136H         LINE#         233
  C:314EH         LINE#         235
  C:3151H         LINE#         236
  C:3151H         LINE#         237
  C:3178H         LINE#         238
  C:3178H         LINE#         240
  C:3178H         LINE#         241
  -------         ENDPROC       _DATA_POINT_HANDLE
  -------         PROC          _DATA_HANDLE
  X:007CH         SYMBOL        offset
  -------         DO            
  X:007EH         SYMBOL        dp_len
  X:0080H         SYMBOL        ret
  X:0081H         SYMBOL        i
  X:0083H         SYMBOL        total_len
  D:0007H         SYMBOL        cmd_type
  D:0005H         SYMBOL        result
  D:0006H         SYMBOL        rssi
  -------         ENDDO         
  C:1D70H         LINE#         387
  C:1D78H         LINE#         388
  C:1D78H         LINE#         402
  C:1D8AH         LINE#         420
  C:1DACH         LINE#         421
  C:1DACH         LINE#         422
  C:1DACH         LINE#         423
  C:1DAFH         LINE#         424
  C:1DAFH         LINE#         426
  C:1DAFH         LINE#         427
  C:1DB2H         LINE#         428
  C:1DB2H         LINE#         430
  C:1DB2H         LINE#         431
  C:1DB5H         LINE#         432
  C:1DB5H         LINE#         435
  C:1DB5H         LINE#         436
  C:1DCAH         LINE#         437
  C:1DD4H         LINE#         444
  C:1DD4H         LINE#         446
  C:1DD4H         LINE#         447
  C:1DD7H         LINE#         448
  C:1DD9H         LINE#         450
  C:1DD9H         LINE#         451
  C:1DDFH         LINE#         452
  C:1DE0H         LINE#         455
  C:1DE0H         LINE#         456
BL51 BANKED LINKER/LOCATER V6.22                                                      10/19/2020  14:26:54  PAGE 69


  C:1E09H         LINE#         458
  C:1E28H         LINE#         459
  C:1E4CH         LINE#         460
  C:1E65H         LINE#         462
  C:1E83H         LINE#         464
  C:1E83H         LINE#         466
  C:1E83H         LINE#         468
  C:1E83H         LINE#         470
  C:1E9DH         LINE#         471
  C:1EA0H         LINE#         472
  C:1EA0H         LINE#         474
  C:1EA0H         LINE#         475
  C:1EA3H         LINE#         476
  C:1EA3H         LINE#         553
  C:1EA3H         LINE#         554
  C:1EB6H         LINE#         555
  C:1EC2H         LINE#         556
  C:1EC8H         LINE#         557
  C:1EC8H         LINE#         721
  C:1EC8H         LINE#         722
  C:1EC8H         LINE#         723
  -------         ENDPROC       _DATA_HANDLE
  -------         PROC          WITH_DATA_RXBUFF
  C:3A77H         LINE#         730
  C:3A77H         LINE#         731
  C:3A77H         LINE#         732
  C:3AA6H         LINE#         733
  C:3AA9H         LINE#         735
  C:3AABH         LINE#         736
  -------         ENDPROC       WITH_DATA_RXBUFF
  -------         PROC          TAKE_BYTE_RXBUFF
  -------         DO            
  D:0007H         SYMBOL        value
  -------         ENDDO         
  C:36B8H         LINE#         743
  C:36B8H         LINE#         744
  C:36B8H         LINE#         747
  C:36E5H         LINE#         749
  C:36F8H         LINE#         751
  C:3706H         LINE#         752
  C:3706H         LINE#         754
  C:371AH         LINE#         755
  C:371AH         LINE#         757
  C:371AH         LINE#         758
  -------         ENDPROC       TAKE_BYTE_RXBUFF
  -------         ENDMOD        SYSTEM

  -------         MODULE        ?C?FPADD
  C:002DH         PUBLIC        ?C?FPADD
  C:0029H         PUBLIC        ?C?FPSUB
  -------         ENDMOD        ?C?FPADD

  -------         MODULE        ?C?FPMUL
  C:011EH         PUBLIC        ?C?FPMUL
  -------         ENDMOD        ?C?FPMUL

  -------         MODULE        ?C?FPDIV
BL51 BANKED LINKER/LOCATER V6.22                                                      10/19/2020  14:26:54  PAGE 70


  C:0227H         PUBLIC        ?C?FPDIV
  -------         ENDMOD        ?C?FPDIV

  -------         MODULE        ?C?FPCMP
  C:02C6H         PUBLIC        ?C?FPCMP
  C:02C4H         PUBLIC        ?C?FPCMP3
  -------         ENDMOD        ?C?FPCMP

  -------         MODULE        ?C?FCAST
  C:0347H         PUBLIC        ?C?FCASTC
  C:0342H         PUBLIC        ?C?FCASTI
  C:033DH         PUBLIC        ?C?FCASTL
  -------         ENDMOD        ?C?FCAST

  -------         MODULE        ?C?CASTF
  C:037BH         PUBLIC        ?C?CASTF
  -------         ENDMOD        ?C?CASTF

  -------         MODULE        PRINTF
  X:007CH         PUBLIC        ?_PRINTF?BYTE
  X:007CH         PUBLIC        ?_SPRINTF?BYTE
  C:0A0EH         PUBLIC        _PRINTF
  C:0A08H         PUBLIC        _SPRINTF
  -------         ENDMOD        PRINTF

  -------         MODULE        ?C?FPROUND
  C:03FCH         PUBLIC        ?C?FPROUND
  -------         ENDMOD        ?C?FPROUND

  -------         MODULE        ?C?FPCONVERT
  C:0439H         PUBLIC        ?C?FPCONVERT
  -------         ENDMOD        ?C?FPCONVERT

  -------         MODULE        ?C?FTNPWR
  C:056EH         PUBLIC        ?C?FTNPWR
  -------         ENDMOD        ?C?FTNPWR

  -------         MODULE        ?C?COPY
  C:067EH         PUBLIC        ?C?COPY
  -------         ENDMOD        ?C?COPY

  -------         MODULE        ?C?CLDPTR
  C:06A4H         PUBLIC        ?C?CLDPTR
  -------         ENDMOD        ?C?CLDPTR

  -------         MODULE        ?C?CLDOPTR
  C:06BDH         PUBLIC        ?C?CLDOPTR
  -------         ENDMOD        ?C?CLDOPTR

  -------         MODULE        ?C?CSTPTR
  C:06EAH         PUBLIC        ?C?CSTPTR
  -------         ENDMOD        ?C?CSTPTR

  -------         MODULE        ?C?CSTOPTR
  C:06FCH         PUBLIC        ?C?CSTOPTR
  -------         ENDMOD        ?C?CSTOPTR

BL51 BANKED LINKER/LOCATER V6.22                                                      10/19/2020  14:26:54  PAGE 71


  -------         MODULE        ?C?IMUL
  C:071EH         PUBLIC        ?C?IMUL
  -------         ENDMOD        ?C?IMUL

  -------         MODULE        ?C?IILDX
  C:0730H         PUBLIC        ?C?IILDX
  -------         ENDMOD        ?C?IILDX

  -------         MODULE        ?C?ILDIX
  C:0746H         PUBLIC        ?C?ILDIX
  -------         ENDMOD        ?C?ILDIX

  -------         MODULE        ?C?ISTPTR
  C:075CH         PUBLIC        ?C?ISTPTR
  -------         ENDMOD        ?C?ISTPTR

  -------         MODULE        ?C?LMUL
  C:077BH         PUBLIC        ?C?LMUL
  -------         ENDMOD        ?C?LMUL

  -------         MODULE        ?C?ULDIV
  C:0806H         PUBLIC        ?C?ULDIV
  -------         ENDMOD        ?C?ULDIV

  -------         MODULE        ?C?LNEG
  C:0898H         PUBLIC        ?C?LNEG
  -------         ENDMOD        ?C?LNEG

  -------         MODULE        ?C?SLCMP
  C:08A6H         PUBLIC        ?C?SLCMP
  -------         ENDMOD        ?C?SLCMP

  -------         MODULE        ?C?ULCMP
  C:08BCH         PUBLIC        ?C?ULCMP
  -------         ENDMOD        ?C?ULCMP

  -------         MODULE        ?C?ULSHR
  C:08CDH         PUBLIC        ?C?ULSHR
  -------         ENDMOD        ?C?ULSHR

  -------         MODULE        ?C?LSHL
  C:08E0H         PUBLIC        ?C?LSHL
  -------         ENDMOD        ?C?LSHL

  -------         MODULE        ?C?LSTXDATA
  C:08F3H         PUBLIC        ?C?LSTXDATA
  -------         ENDMOD        ?C?LSTXDATA

  -------         MODULE        ?C?LSTKXDATA
  C:08FFH         PUBLIC        ?C?LSTKXDATA
  -------         ENDMOD        ?C?LSTKXDATA

  -------         MODULE        ?C?PLDIXDATA
  C:0930H         PUBLIC        ?C?PLDIXDATA
  -------         ENDMOD        ?C?PLDIXDATA

  -------         MODULE        ?C?PSTXDATA
BL51 BANKED LINKER/LOCATER V6.22                                                      10/19/2020  14:26:54  PAGE 72


  C:0947H         PUBLIC        ?C?PSTXDATA
  -------         ENDMOD        ?C?PSTXDATA

  -------         MODULE        ?C?CCASE
  C:0950H         PUBLIC        ?C?CCASE
  -------         ENDMOD        ?C?CCASE

  -------         MODULE        ?C?LIMUL
  C:0976H         PUBLIC        ?C?LIMUL
  -------         ENDMOD        ?C?LIMUL

*** WARNING L16: UNCALLED SEGMENT, IGNORED FOR OVERLAY PROCESS
    SEGMENT: ?PR?_SET_PWM?PWM

*** WARNING L16: UNCALLED SEGMENT, IGNORED FOR OVERLAY PROCESS
    SEGMENT: ?PR?_SET_TIME_SEC_VAL?TIMER

*** WARNING L16: UNCALLED SEGMENT, IGNORED FOR OVERLAY PROCESS
    SEGMENT: ?PR?_HEX_TO_BCD?MCU_API

*** WARNING L16: UNCALLED SEGMENT, IGNORED FOR OVERLAY PROCESS
    SEGMENT: ?PR?_MY_MEMSET?MCU_API

*** WARNING L16: UNCALLED SEGMENT, IGNORED FOR OVERLAY PROCESS
    SEGMENT: ?PR?_MY_STRCPY?MCU_API

*** WARNING L16: UNCALLED SEGMENT, IGNORED FOR OVERLAY PROCESS
    SEGMENT: ?PR?_MY_STRCMP?MCU_API

*** WARNING L16: UNCALLED SEGMENT, IGNORED FOR OVERLAY PROCESS
    SEGMENT: ?PR?_INT_TO_BYTE?MCU_API

*** WARNING L16: UNCALLED SEGMENT, IGNORED FOR OVERLAY PROCESS
    SEGMENT: ?PR?_MCU_DP_RAW_UPDATE?MCU_API

*** WARNING L16: UNCALLED SEGMENT, IGNORED FOR OVERLAY PROCESS
    SEGMENT: ?PR?_MCU_DP_STRING_UPDATE?MCU_API

*** WARNING L16: UNCALLED SEGMENT, IGNORED FOR OVERLAY PROCESS
    SEGMENT: ?PR?MCU_GET_RESET_WIFI_FLAG?MCU_API

*** WARNING L16: UNCALLED SEGMENT, IGNORED FOR OVERLAY PROCESS
    SEGMENT: ?PR?MCU_RESET_WIFI?MCU_API

*** WARNING L16: UNCALLED SEGMENT, IGNORED FOR OVERLAY PROCESS
    SEGMENT: ?PR?MCU_GET_WIFIMODE_FLAG?MCU_API

*** WARNING L16: UNCALLED SEGMENT, IGNORED FOR OVERLAY PROCESS
    SEGMENT: ?PR?_MCU_SET_WIFI_MODE?MCU_API

*** WARNING L16: UNCALLED SEGMENT, IGNORED FOR OVERLAY PROCESS
    SEGMENT: ?PR?MCU_GET_WIFI_WORK_STATE?MCU_API

*** WARNING L16: UNCALLED SEGMENT, IGNORED FOR OVERLAY PROCESS
    SEGMENT: ?PR?MCU_START_WIFITEST?MCU_API

Program Size: data=15.1 xdata=466 code=16426
BL51 BANKED LINKER/LOCATER V6.22                                                      10/19/2020  14:26:54  PAGE 73


LINK/LOCATE RUN COMPLETE.  15 WARNING(S),  0 ERROR(S)
