BL51 BANKED LINKER/LOCATER V6.22                                                        09/04/2020  18:31:49  PAGE 1


BL51 BANKED LINKER/LOCATER V6.22, INVOKED BY:
C:\PROGRAM_LIST\KEIL\C51\BIN\BL51.EXE .\Objects\STARTUP.obj, .\Objects\main.obj, .\Objects\delay.obj, .\Objects\adc.obj,
>>  .\Objects\flash.obj, .\Objects\uart.obj, .\Objects\key.obj, .\Objects\pwm.obj, .\Objects\wdt.obj, .\Objects\timer.ob
>> j, .\Objects\lcddisplay.obj, .\Objects\PID.obj TO .\Objects\K8105_hex PRINT (.\Listings\K8105_hex.m51) RAMSIZE (256)


MEMORY MODEL: LARGE WITH FLOATING POINT ARITHMETIC


INPUT MODULES INCLUDED:
  .\Objects\STARTUP.obj (?C_STARTUP)
  .\Objects\main.obj (MAIN)
  .\Objects\delay.obj (DELAY)
  .\Objects\adc.obj (ADC)
  .\Objects\flash.obj (FLASH)
  .\Objects\uart.obj (UART)
  .\Objects\key.obj (KEY)
  .\Objects\pwm.obj (PWM)
  .\Objects\wdt.obj (WDT)
  .\Objects\timer.obj (TIMER)
  .\Objects\lcddisplay.obj (LCDDISPLAY)
  .\Objects\PID.obj (PID)
  C:\PROGRAM_LIST\KEIL\C51\LIB\C51FPL.LIB (?C?FPADD)
  C:\PROGRAM_LIST\KEIL\C51\LIB\C51FPL.LIB (?C?FPMUL)
  C:\PROGRAM_LIST\KEIL\C51\LIB\C51FPL.LIB (?C?FPDIV)
  C:\PROGRAM_LIST\KEIL\C51\LIB\C51FPL.LIB (?C?FPCMP)
  C:\PROGRAM_LIST\KEIL\C51\LIB\C51FPL.LIB (?C?FCAST)
  C:\PROGRAM_LIST\KEIL\C51\LIB\C51FPL.LIB (?C?CASTF)
  C:\PROGRAM_LIST\KEIL\C51\LIB\C51FPL.LIB (PRINTF)
  C:\PROGRAM_LIST\KEIL\C51\LIB\C51FPL.LIB (?C?FPGETOPN)
  C:\PROGRAM_LIST\KEIL\C51\LIB\C51FPL.LIB (?C?FPROUND)
  C:\PROGRAM_LIST\KEIL\C51\LIB\C51FPL.LIB (?C?FPCONVERT)
  C:\PROGRAM_LIST\KEIL\C51\LIB\C51FPL.LIB (?C?FTNPWR)
  C:\PROGRAM_LIST\KEIL\C51\LIB\C51L.LIB (?C_INIT)
  C:\PROGRAM_LIST\KEIL\C51\LIB\C51L.LIB (?C?COPY)
  C:\PROGRAM_LIST\KEIL\C51\LIB\C51L.LIB (?C?CLDPTR)
  C:\PROGRAM_LIST\KEIL\C51\LIB\C51L.LIB (?C?CLDOPTR)
  C:\PROGRAM_LIST\KEIL\C51\LIB\C51L.LIB (?C?CSTPTR)
  C:\PROGRAM_LIST\KEIL\C51\LIB\C51L.LIB (?C?IMUL)
  C:\PROGRAM_LIST\KEIL\C51\LIB\C51L.LIB (?C?UIDIV)
  C:\PROGRAM_LIST\KEIL\C51\LIB\C51L.LIB (?C?IILDX)
  C:\PROGRAM_LIST\KEIL\C51\LIB\C51L.LIB (?C?ILDIX)
  C:\PROGRAM_LIST\KEIL\C51\LIB\C51L.LIB (?C?ISTPTR)
  C:\PROGRAM_LIST\KEIL\C51\LIB\C51L.LIB (?C?LMUL)
  C:\PROGRAM_LIST\KEIL\C51\LIB\C51L.LIB (?C?ULDIV)
  C:\PROGRAM_LIST\KEIL\C51\LIB\C51L.LIB (?C?LNEG)
  C:\PROGRAM_LIST\KEIL\C51\LIB\C51L.LIB (?C?SLCMP)
  C:\PROGRAM_LIST\KEIL\C51\LIB\C51L.LIB (?C?ULCMP)
  C:\PROGRAM_LIST\KEIL\C51\LIB\C51L.LIB (?C?LSTXDATA)
  C:\PROGRAM_LIST\KEIL\C51\LIB\C51L.LIB (?C?LSTKXDATA)
  C:\PROGRAM_LIST\KEIL\C51\LIB\C51L.LIB (?C?PLDIXDATA)
  C:\PROGRAM_LIST\KEIL\C51\LIB\C51L.LIB (?C?PSTXDATA)
  C:\PROGRAM_LIST\KEIL\C51\LIB\C51L.LIB (?C?CCASE)
  C:\PROGRAM_LIST\KEIL\C51\LIB\C51L.LIB (?C?LIMUL)


LINK MAP OF MODULE:  .\Objects\K8105_hex (?C_STARTUP)

BL51 BANKED LINKER/LOCATER V6.22                                                      09/04/2020  18:31:49  PAGE 2



            TYPE    BASE      LENGTH    RELOCATION   SEGMENT NAME
            -----------------------------------------------------

            * * * * * * *   D A T A   M E M O R Y   * * * * * * *
            REG     0000H     0008H     ABSOLUTE     "REG BANK 0"
            DATA    0008H     000AH     UNIT         _DATA_GROUP_
                    0012H     000EH                  *** GAP ***
            BIT     0020H.0   0002H.2   UNIT         _BIT_GROUP_
                    0022H.2   0000H.6                *** GAP ***
            IDATA   0023H     0001H     UNIT         ?STACK

            * * * * * * *  X D A T A   M E M O R Y  * * * * * * *
            XDATA   0000H     0066H     UNIT         _XDATA_GROUP_
            XDATA   0066H     0021H     UNIT         ?XD?UART
            XDATA   0087H     0019H     UNIT         ?XD?PID
            XDATA   00A0H     0011H     UNIT         ?XD?TIMER
            XDATA   00B1H     000CH     UNIT         ?XD?FLASH
            XDATA   00BDH     000AH     UNIT         ?XD?KEY
            XDATA   00C7H     0006H     UNIT         ?XD?LCDDISPLAY
            XDATA   00CDH     0004H     UNIT         ?XD?MAIN
            XDATA   00D1H     0001H     UNIT         ?XD?PWM
                    00D2H     FDA2H                  *** GAP ***
            XDATA   FE74H     0001H     ABSOLUTE     
            XDATA   FE75H     0001H     ABSOLUTE     
            XDATA   FE76H     0001H     ABSOLUTE     
            XDATA   FE77H     0001H     ABSOLUTE     
                    FE78H     0008H                  *** GAP ***
            XDATA   FE80H     0001H     ABSOLUTE     
                    FE81H     0004H                  *** GAP ***
            XDATA   FE85H     0001H     ABSOLUTE     
                    FE86H     0002H                  *** GAP ***
            XDATA   FE88H     0001H     ABSOLUTE     
            XDATA   FE89H     0001H     ABSOLUTE     
            XDATA   FE8AH     0001H     ABSOLUTE     
                    FE8BH     0006H                  *** GAP ***
            XDATA   FE91H     0001H     ABSOLUTE     
            XDATA   FE92H     0001H     ABSOLUTE     
            XDATA   FE93H     0001H     ABSOLUTE     
            XDATA   FE94H     0001H     ABSOLUTE     
            XDATA   FE95H     0001H     ABSOLUTE     
                    FE96H     0005H                  *** GAP ***
            XDATA   FE9BH     0001H     ABSOLUTE     
                    FE9CH     0004H                  *** GAP ***
            XDATA   FEA0H     0001H     ABSOLUTE     
                    FEA1H     0001H                  *** GAP ***
            XDATA   FEA2H     0001H     ABSOLUTE     
                    FEA3H     0001H                  *** GAP ***
            XDATA   FEA4H     0001H     ABSOLUTE     
            XDATA   FEA5H     0001H     ABSOLUTE     
                    FEA6H     0001H                  *** GAP ***
            XDATA   FEA7H     0001H     ABSOLUTE     
                    FEA8H     0002H                  *** GAP ***
            XDATA   FEAAH     0001H     ABSOLUTE     
                    FEABH     0005H                  *** GAP ***
            XDATA   FEB0H     0001H     ABSOLUTE     
            XDATA   FEB1H     0001H     ABSOLUTE     
BL51 BANKED LINKER/LOCATER V6.22                                                      09/04/2020  18:31:49  PAGE 3


            XDATA   FEB2H     0001H     ABSOLUTE     
            XDATA   FEB3H     0001H     ABSOLUTE     
            XDATA   FEB4H     0001H     ABSOLUTE     
                    FEB5H     0003H                  *** GAP ***
            XDATA   FEB8H     0001H     ABSOLUTE     
            XDATA   FEB9H     0001H     ABSOLUTE     
            XDATA   FEBAH     0001H     ABSOLUTE     
                    FEBBH     0001H                  *** GAP ***
            XDATA   FEBCH     0001H     ABSOLUTE     
            XDATA   FEBDH     0001H     ABSOLUTE     
            XDATA   FEBEH     0001H     ABSOLUTE     
                    FEBFH     0001H                  *** GAP ***
            XDATA   FEC0H     0001H     ABSOLUTE     
                    FEC1H     000FH                  *** GAP ***
            XDATA   FED0H     0001H     ABSOLUTE     
            XDATA   FED1H     0001H     ABSOLUTE     
            XDATA   FED2H     0001H     ABSOLUTE     
            XDATA   FED3H     0001H     ABSOLUTE     
                    FED4H     000CH                  *** GAP ***
            XDATA   FEE0H     0002H     ABSOLUTE     
            XDATA   FEE2H     0002H     ABSOLUTE     
            XDATA   FEE4H     0002H     ABSOLUTE     
            XDATA   FEE6H     0002H     ABSOLUTE     
            XDATA   FEE8H     0002H     ABSOLUTE     
            XDATA   FEEAH     0002H     ABSOLUTE     
            XDATA   FEECH     0002H     ABSOLUTE     
            XDATA   FEEEH     0002H     ABSOLUTE     
                    FEF0H     0010H                  *** GAP ***
            XDATA   FF00H     0001H     ABSOLUTE     
            XDATA   FF01H     0001H     ABSOLUTE     
            XDATA   FF02H     0001H     ABSOLUTE     
            XDATA   FF03H     0001H     ABSOLUTE     
            XDATA   FF04H     0001H     ABSOLUTE     
            XDATA   FF05H     0001H     ABSOLUTE     
            XDATA   FF06H     0001H     ABSOLUTE     
            XDATA   FF07H     0001H     ABSOLUTE     
            XDATA   FF08H     0001H     ABSOLUTE     
            XDATA   FF09H     0001H     ABSOLUTE     
            XDATA   FF0AH     0001H     ABSOLUTE     
            XDATA   FF0BH     0001H     ABSOLUTE     
            XDATA   FF0CH     0001H     ABSOLUTE     
            XDATA   FF0DH     0001H     ABSOLUTE     
            XDATA   FF0EH     0001H     ABSOLUTE     
            XDATA   FF0FH     0001H     ABSOLUTE     
            XDATA   FF10H     0001H     ABSOLUTE     
            XDATA   FF11H     0001H     ABSOLUTE     
            XDATA   FF12H     0001H     ABSOLUTE     
            XDATA   FF13H     0001H     ABSOLUTE     
            XDATA   FF14H     0001H     ABSOLUTE     
            XDATA   FF15H     0001H     ABSOLUTE     
            XDATA   FF16H     0001H     ABSOLUTE     
            XDATA   FF17H     0001H     ABSOLUTE     
            XDATA   FF18H     0001H     ABSOLUTE     
            XDATA   FF19H     0001H     ABSOLUTE     
            XDATA   FF1AH     0001H     ABSOLUTE     
            XDATA   FF1BH     0001H     ABSOLUTE     
            XDATA   FF1CH     0001H     ABSOLUTE     
BL51 BANKED LINKER/LOCATER V6.22                                                      09/04/2020  18:31:49  PAGE 4


            XDATA   FF1DH     0001H     ABSOLUTE     
                    FF1EH     0022H                  *** GAP ***
            XDATA   FF40H     0001H     ABSOLUTE     
            XDATA   FF41H     0001H     ABSOLUTE     
            XDATA   FF42H     0001H     ABSOLUTE     
                    FF43H     001DH                  *** GAP ***
            XDATA   FF60H     0001H     ABSOLUTE     
            XDATA   FF61H     0001H     ABSOLUTE     
            XDATA   FF62H     0001H     ABSOLUTE     
            XDATA   FF63H     0001H     ABSOLUTE     
                    FF64H     0004H                  *** GAP ***
            XDATA   FF68H     0001H     ABSOLUTE     
            XDATA   FF69H     0001H     ABSOLUTE     
            XDATA   FF6AH     0001H     ABSOLUTE     
            XDATA   FF6BH     0001H     ABSOLUTE     
                    FF6CH     0014H                  *** GAP ***
            XDATA   FF80H     0001H     ABSOLUTE     
            XDATA   FF81H     0001H     ABSOLUTE     
                    FF82H     0001H                  *** GAP ***
            XDATA   FF83H     0001H     ABSOLUTE     
            XDATA   FF84H     0001H     ABSOLUTE     
            XDATA   FF85H     0001H     ABSOLUTE     
                    FF86H     0009H                  *** GAP ***
            XDATA   FF8FH     0001H     ABSOLUTE     
            XDATA   FF90H     0001H     ABSOLUTE     
            XDATA   FF91H     0001H     ABSOLUTE     
                    FF92H     0002H                  *** GAP ***
            XDATA   FF94H     0001H     ABSOLUTE     
            XDATA   FF95H     0001H     ABSOLUTE     
                    FF96H     0002H                  *** GAP ***
            XDATA   FF98H     0001H     ABSOLUTE     
            XDATA   FF99H     0001H     ABSOLUTE     
                    FF9AH     0002H                  *** GAP ***
            XDATA   FF9CH     0001H     ABSOLUTE     
                    FF9DH     0003H                  *** GAP ***
            XDATA   FFA0H     0001H     ABSOLUTE     
            XDATA   FFA1H     0001H     ABSOLUTE     
            XDATA   FFA2H     0001H     ABSOLUTE     
            XDATA   FFA3H     0001H     ABSOLUTE     
            XDATA   FFA4H     0001H     ABSOLUTE     
            XDATA   FFA5H     0001H     ABSOLUTE     
            XDATA   FFA6H     0001H     ABSOLUTE     
            XDATA   FFA7H     0001H     ABSOLUTE     
            XDATA   FFA8H     0001H     ABSOLUTE     
            XDATA   FFA9H     0001H     ABSOLUTE     

            * * * * * * *   C O D E   M E M O R Y   * * * * * * *
            CODE    0000H     0003H     ABSOLUTE     
            CODE    0003H     0008H     UNIT         ?PR?_FLASH_READ_ADDR?FLASH
            CODE    000BH     0003H     ABSOLUTE     
            CODE    000EH     0014H     UNIT         ?PR?TIME0_INIT?TIMER
                    0022H     0001H                  *** GAP ***
            CODE    0023H     0003H     ABSOLUTE     
            CODE    0026H     098AH     UNIT         ?C?LIB_CODE
            CODE    09B0H     0483H     UNIT         ?PR?PRINTF?PRINTF
            CODE    0E33H     0428H     UNIT         ?PR?PID_OPERATION?PID
            CODE    125BH     02B3H     UNIT         ?PR?_SET_GAP?LCDDISPLAY
BL51 BANKED LINKER/LOCATER V6.22                                                      09/04/2020  18:31:49  PAGE 5


            CODE    150EH     019CH     UNIT         ?PR?_SET_TIME?LCDDISPLAY
            CODE    16AAH     017DH     UNIT         ?PR?_TEMP_CALC?MAIN
            CODE    1827H     0142H     UNIT         ?PR?TIMER0_RPT?TIMER
            CODE    1969H     0139H     UNIT         ?PR?FLASH_INIT?FLASH
            CODE    1AA2H     0137H     UNIT         ?PR?TEMPERATURE_HANDLE?MAIN
            CODE    1BD9H     0135H     UNIT         ?PR?_GET_VOLTAGE?ADC
            CODE    1D0EH     0106H     UNIT         ?CO?FLASH
            CODE    1E14H     00E1H     UNIT         ?PR?LCD_DISPLAY?LCDDISPLAY
            CODE    1EF5H     00DDH     UNIT         ?PR?KEY_HANDLE?MAIN
            CODE    1FD2H     00C1H     UNIT         ?PR?MAIN?MAIN
            CODE    2093H     00C1H     UNIT         ?CO?MAIN
            CODE    2154H     00BDH     UNIT         ?C_INITSEG
            CODE    2211H     00BBH     UNIT         ?PR?_CALIBRATION_TEMPERATURE?MAIN
            CODE    22CCH     00B7H     UNIT         ?PR?KEY_DRIVER?KEY
            CODE    2383H     00B7H     UNIT         ?PR?CALIBRATION_KEY_DRIVER?KEY
            CODE    243AH     0091H     UNIT         ?PR?DETECTION_INPUT_VOLTAGE?ADC
            CODE    24CBH     008EH     UNIT         ?PR?SET_TEMP?MAIN
            CODE    2559H     008CH     UNIT         ?C_C51STARTUP
            CODE    25E5H     008CH     UNIT         ?PR?SET_TIME_SEC?TIMER
            CODE    2671H     007EH     UNIT         ?PR?KEY_SCAN?KEY
            CODE    26EFH     006DH     UNIT         ?PR?_FLASH_WRITEARR?FLASH
            CODE    275CH     004DH     UNIT         ?PR?UART1_RPT?UART
            CODE    27A9H     0040H     UNIT         ?PR?_FLASH_READARR?FLASH
            CODE    27E9H     0034H     UNIT         ?PR?CONTROLL_HEAT?MAIN
            CODE    281DH     0033H     UNIT         ?PR?CHECK_FLASH?FLASH
            CODE    2850H     0033H     UNIT         ?CO?TIMER
            CODE    2883H     002DH     UNIT         ?PR?_PRODUCTE_COM_SEND_DATA?UART
            CODE    28B0H     002CH     UNIT         ?PR?SET_HEAT_VAL?TIMER
            CODE    28DCH     002AH     UNIT         ?PR?LCD_INIT?LCDDISPLAY
            CODE    2906H     0029H     UNIT         ?PR?UART_INIT?UART
            CODE    292FH     0028H     UNIT         ?PR?_FLASH_WRITEDATA?FLASH
            CODE    2957H     0026H     UNIT         ?PR?FLAH_SAVE_DATA?FLASH
            CODE    297DH     0026H     UNIT         ?PR?_PWM_INIT?PWM
            CODE    29A3H     0026H     UNIT         ?PR?LCD_ERROR?LCDDISPLAY
            CODE    29C9H     0026H     UNIT         ?PR?LCD_CAILBRATION?LCDDISPLAY
            CODE    29EFH     0022H     UNIT         ?PR?_FLASH_ERASEBLOCK?FLASH
            CODE    2A11H     0020H     UNIT         ?PR?PID_INIT?PID
            CODE    2A31H     001FH     UNIT         ?PR?ADC_INIT?ADC
            CODE    2A50H     001FH     UNIT         ?PR?_PRODUCTE_SEND_CMD?UART
            CODE    2A6FH     001EH     UNIT         ?PR?DETECTION_INPUT?MAIN
            CODE    2A8DH     001EH     UNIT         ?PR?_SET_TIME_SEC_VAL?TIMER
            CODE    2AABH     0018H     UNIT         ?PR?_SET_PWM?PWM
            CODE    2AC3H     0017H     UNIT         ?PR?_DELAY_MS?DELAY
            CODE    2ADAH     0016H     UNIT         ?PR?GET_ADC_VAL_P07?ADC
            CODE    2AF0H     0016H     UNIT         ?PR?GET_ADC_VAL_P03?ADC
            CODE    2B06H     0016H     UNIT         ?PR?GET_ADC_VAL_P02?ADC
            CODE    2B1CH     000FH     UNIT         ?PR?KEY_INIT?KEY
            CODE    2B2BH     000EH     UNIT         ?PR?_DELAY_US?DELAY
            CODE    2B39H     000DH     UNIT         ?PR?_WDT_INIT?WDT
            CODE    2B46H     000CH     UNIT         ?PR?_HAL_UART_PUTCHAR?UART
            CODE    2B52H     000CH     UNIT         ?CO?PID
            CODE    2B5EH     000AH     UNIT         ?PR?CLOCK?MAIN
            CODE    2B68H     0009H     UNIT         ?PR?LCD_CLEAR_ALL?LCDDISPLAY
            CODE    2B71H     0009H     UNIT         ?PR?LCD_DISPLAY_ON?LCDDISPLAY
            CODE    2B7AH     0006H     UNIT         ?PR?GET_DEVICE_STATE?FLASH
            CODE    2B80H     0006H     UNIT         ?PR?_SET_DEVICE_STATE?FLASH
            CODE    2B86H     0006H     UNIT         ?PR?_PUTCHAR?UART
BL51 BANKED LINKER/LOCATER V6.22                                                      09/04/2020  18:31:49  PAGE 6


            CODE    2B8CH     0006H     UNIT         ?PR?_LCD_OFF?LCDDISPLAY
            CODE    2B92H     0006H     UNIT         ?PR?_LCD_DISPLAY_TIME?LCDDISPLAY
            CODE    2B98H     0006H     UNIT         ?PR?_LCD_DISPLAY_GAP?LCDDISPLAY
            CODE    2B9EH     0004H     UNIT         ?PR?CLEAR_WDT?WDT
            CODE    2BA2H     0003H     UNIT         ?PR?_PRODUCTE_COM_SEND_ONE_BIT?UART



OVERLAY MAP OF MODULE:   .\Objects\K8105_hex (?C_STARTUP)


SEGMENT                                        BIT_GROUP          DATA_GROUP          XDATA_GROUP
  +--> CALLED SEGMENT                       START    LENGTH     START    LENGTH     START    LENGTH
---------------------------------------------------------------------------------------------------
?C_C51STARTUP                               -----    -----      -----    -----      -----    -----
  +--> ?PR?MAIN?MAIN
  +--> ?C_INITSEG

?PR?MAIN?MAIN                               -----    -----      -----    -----      -----    -----
  +--> ?PR?CLOCK?MAIN
  +--> ?PR?UART_INIT?UART
  +--> ?PR?ADC_INIT?ADC
  +--> ?PR?TIME0_INIT?TIMER
  +--> ?PR?KEY_INIT?KEY
  +--> ?PR?FLASH_INIT?FLASH
  +--> ?PR?PID_INIT?PID
  +--> ?PR?_PWM_INIT?PWM
  +--> ?PR?_WDT_INIT?WDT
  +--> ?PR?LCD_INIT?LCDDISPLAY
  +--> ?PR?LCD_DISPLAY_ON?LCDDISPLAY
  +--> ?PR?_DELAY_MS?DELAY
  +--> ?PR?LCD_CLEAR_ALL?LCDDISPLAY
  +--> ?PR?DETECTION_INPUT?MAIN
  +--> ?CO?MAIN
  +--> ?PR?PRINTF?PRINTF
  +--> ?PR?TEMPERATURE_HANDLE?MAIN
  +--> ?PR?KEY_HANDLE?MAIN
  +--> ?PR?CLEAR_WDT?WDT

?PR?ADC_INIT?ADC                            -----    -----      -----    -----      -----    -----
  +--> ?PR?_DELAY_US?DELAY

?PR?FLASH_INIT?FLASH                        -----    -----      -----    -----      0000H    0001H
  +--> ?PR?CHECK_FLASH?FLASH
  +--> ?CO?FLASH
  +--> ?PR?PRINTF?PRINTF
  +--> ?PR?_FLASH_READARR?FLASH
  +--> ?PR?_FLASH_ERASEBLOCK?FLASH
  +--> ?PR?_FLASH_WRITEARR?FLASH

?PR?CHECK_FLASH?FLASH                       -----    -----      -----    -----      -----    -----
  +--> ?PR?_FLASH_READ_ADDR?FLASH

?PR?PRINTF?PRINTF                           0021H.1  0001H.1    000DH    0005H      0036H    0030H
  +--> ?PR?_PUTCHAR?UART

?PR?_PUTCHAR?UART                           -----    -----      -----    -----      -----    -----
BL51 BANKED LINKER/LOCATER V6.22                                                      09/04/2020  18:31:49  PAGE 7


  +--> ?PR?_HAL_UART_PUTCHAR?UART

?PR?_FLASH_READARR?FLASH                    -----    -----      -----    -----      0008H    0005H

?PR?_FLASH_WRITEARR?FLASH                   -----    -----      -----    -----      0008H    0007H
  +--> ?PR?_FLASH_WRITEDATA?FLASH

?PR?DETECTION_INPUT?MAIN                    -----    -----      -----    -----      -----    -----
  +--> ?PR?DETECTION_INPUT_VOLTAGE?ADC

?PR?DETECTION_INPUT_VOLTAGE?ADC             -----    -----      -----    -----      0000H    0005H
  +--> ?PR?GET_ADC_VAL_P02?ADC

?PR?TEMPERATURE_HANDLE?MAIN                 -----    -----      -----    -----      0000H    0006H
  +--> ?PR?_GET_VOLTAGE?ADC
  +--> ?PR?_TEMP_CALC?MAIN
  +--> ?PR?_CALIBRATION_TEMPERATURE?MAIN
  +--> ?CO?MAIN
  +--> ?PR?PRINTF?PRINTF
  +--> ?PR?GET_DEVICE_STATE?FLASH
  +--> ?PR?_LCD_OFF?LCDDISPLAY
  +--> ?PR?PID_OPERATION?PID
  +--> ?PR?_LCD_DISPLAY_TIME?LCDDISPLAY
  +--> ?PR?_LCD_DISPLAY_GAP?LCDDISPLAY
  +--> ?PR?CONTROLL_HEAT?MAIN
  +--> ?PR?_SET_PWM?PWM
  +--> ?PR?LCD_CLEAR_ALL?LCDDISPLAY
  +--> ?PR?LCD_CAILBRATION?LCDDISPLAY
  +--> ?PR?LCD_ERROR?LCDDISPLAY

?PR?_GET_VOLTAGE?ADC                        -----    -----      -----    -----      0006H    000BH
  +--> ?PR?GET_ADC_VAL_P03?ADC
  +--> ?PR?_DELAY_US?DELAY
  +--> ?PR?GET_ADC_VAL_P07?ADC

?PR?_TEMP_CALC?MAIN                         -----    -----      -----    -----      0006H    000EH

?PR?_CALIBRATION_TEMPERATURE?MAIN           -----    -----      -----    -----      0006H    0002H
  +--> ?PR?FLAH_SAVE_DATA?FLASH
  +--> ?PR?_PRODUCTE_SEND_CMD?UART

?PR?FLAH_SAVE_DATA?FLASH                    -----    -----      -----    -----      -----    -----
  +--> ?PR?_FLASH_ERASEBLOCK?FLASH
  +--> ?PR?_FLASH_WRITEARR?FLASH
  +--> ?PR?_FLASH_READARR?FLASH

?PR?_PRODUCTE_SEND_CMD?UART                 -----    -----      -----    -----      0008H    0005H
  +--> ?PR?_PRODUCTE_COM_SEND_DATA?UART

?PR?_PRODUCTE_COM_SEND_DATA?UART            -----    -----      -----    -----      000DH    0003H
  +--> ?PR?_PRODUCTE_COM_SEND_ONE_BIT?UART

?PR?_PRODUCTE_COM_SEND_ONE_BIT?UART         -----    -----      -----    -----      -----    -----
  +--> ?PR?_HAL_UART_PUTCHAR?UART

?PR?PID_OPERATION?PID                       -----    -----      -----    -----      0006H    0014H
  +--> ?CO?PID
BL51 BANKED LINKER/LOCATER V6.22                                                      09/04/2020  18:31:49  PAGE 8



?PR?CONTROLL_HEAT?MAIN                      -----    -----      -----    -----      -----    -----
  +--> ?PR?_SET_PWM?PWM

?PR?KEY_HANDLE?MAIN                         -----    -----      -----    -----      0000H    0001H
  +--> ?PR?KEY_SCAN?KEY
  +--> ?CO?MAIN
  +--> ?PR?PRINTF?PRINTF
  +--> ?PR?GET_DEVICE_STATE?FLASH
  +--> ?PR?_SET_DEVICE_STATE?FLASH
  +--> ?PR?_SET_PWM?PWM
  +--> ?PR?SET_TIME_SEC?TIMER
  +--> ?PR?SET_TEMP?MAIN
  +--> ?PR?_LCD_DISPLAY_GAP?LCDDISPLAY
  +--> ?PR?_LCD_DISPLAY_TIME?LCDDISPLAY
  +--> ?PR?FLAH_SAVE_DATA?FLASH

?PR?KEY_SCAN?KEY                            -----    -----      -----    -----      -----    -----
  +--> ?PR?KEY_DRIVER?KEY
  +--> ?PR?CALIBRATION_KEY_DRIVER?KEY
  +--> ?PR?GET_DEVICE_STATE?FLASH
  +--> ?PR?FLAH_SAVE_DATA?FLASH
  +--> ?PR?_DELAY_MS?DELAY

?PR?KEY_DRIVER?KEY                          -----    -----      -----    -----      0001H    0002H
  +--> ?PR?_DELAY_MS?DELAY

?PR?CALIBRATION_KEY_DRIVER?KEY              -----    -----      -----    -----      0001H    0002H
  +--> ?PR?_DELAY_MS?DELAY

?PR?SET_TIME_SEC?TIMER                      -----    -----      -----    -----      -----    -----
  +--> ?CO?TIMER
  +--> ?PR?PRINTF?PRINTF

*** NEW ROOT ***************************************************

?PR?TIMER0_RPT?TIMER                        -----    -----      -----    -----      -----    -----
  +--> ?PR?GET_DEVICE_STATE?FLASH
  +--> ?PR?SET_HEAT_VAL?TIMER
  +--> ?PR?_SET_DEVICE_STATE?FLASH
  +--> ?CO?TIMER
  +--> ?PR?PRINTF?PRINTF
  +--> ?PR?LCD_DISPLAY?LCDDISPLAY

?PR?LCD_DISPLAY?LCDDISPLAY                  -----    -----      -----    -----      -----    -----
  +--> ?PR?_SET_TIME?LCDDISPLAY
  +--> ?PR?_SET_GAP?LCDDISPLAY



UNRESOLVED EXTERNAL SYMBOLS:
   _HAL_UART_PUTCHAR



SYMBOL TABLE OF MODULE:  .\Objects\K8105_hex (?C_STARTUP)

BL51 BANKED LINKER/LOCATER V6.22                                                      09/04/2020  18:31:49  PAGE 9


  VALUE           TYPE          NAME
  ----------------------------------

  -------         MODULE        ?C_STARTUP
  C:2559H         SEGMENT       ?C_C51STARTUP
  I:0023H         SEGMENT       ?STACK
  C:0000H         PUBLIC        ?C_STARTUP
  D:00E0H         SYMBOL        ACC
  D:00F0H         SYMBOL        B
  D:0083H         SYMBOL        DPH
  D:0082H         SYMBOL        DPL
  N:0000H         SYMBOL        IBPSTACK
  N:0100H         SYMBOL        IBPSTACKTOP
  N:0080H         SYMBOL        IDATALEN
  C:255CH         SYMBOL        IDATALOOP
  N:0000H         SYMBOL        PBPSTACK
  N:0100H         SYMBOL        PBPSTACKTOP
  N:0000H         SYMBOL        PDATALEN
  N:0000H         SYMBOL        PDATASTART
  N:0000H         SYMBOL        PPAGE
  N:0000H         SYMBOL        PPAGEENABLE
  D:00A0H         SYMBOL        PPAGE_SFR
  D:0081H         SYMBOL        SP
  C:2559H         SYMBOL        STARTUP1
  N:0000H         SYMBOL        XBPSTACK
  N:0000H         SYMBOL        XBPSTACKTOP
  N:0000H         SYMBOL        XDATALEN
  N:0000H         SYMBOL        XDATASTART
  C:0000H         LINE#         126
  C:2559H         LINE#         133
  C:255BH         LINE#         134
  C:255CH         LINE#         135
  C:255DH         LINE#         136
  C:255FH         LINE#         185
  C:2562H         LINE#         196
  -------         ENDMOD        ?C_STARTUP

  -------         MODULE        MAIN
  C:0000H         SYMBOL        _ICE_DUMMY_
  X:FF08H         PUBLIC        P1M0
  X:FF01H         PUBLIC        P0M1
  X:FF10H         PUBLIC        P2M0
  X:FF09H         PUBLIC        P1M1
  X:FF02H         PUBLIC        P0M2
  D:0080H         PUBLIC        P0
  X:FF18H         PUBLIC        P3M0
  X:FF11H         PUBLIC        P2M1
  X:FF0AH         PUBLIC        P1M2
  X:FF03H         PUBLIC        P0M3
  D:0090H         PUBLIC        P1
  X:FF19H         PUBLIC        P3M1
  X:FF12H         PUBLIC        P2M2
  X:FF0BH         PUBLIC        P1M3
  X:FF04H         PUBLIC        P0M4
  D:00A0H         PUBLIC        P2
  X:FF1AH         PUBLIC        P3M2
  X:FF13H         PUBLIC        P2M3
BL51 BANKED LINKER/LOCATER V6.22                                                      09/04/2020  18:31:49  PAGE 10


  X:FF0CH         PUBLIC        P1M4
  X:FF05H         PUBLIC        P0M5
  D:00B0H         PUBLIC        P3
  X:FF1BH         PUBLIC        P3M3
  X:FF14H         PUBLIC        P2M4
  X:FF0DH         PUBLIC        P1M5
  X:FF06H         PUBLIC        P0M6
  X:FF1CH         PUBLIC        P3M4
  X:FF15H         PUBLIC        P2M5
  X:FF0EH         PUBLIC        P1M6
  X:FF07H         PUBLIC        P0M7
  X:FF1DH         PUBLIC        P3M5
  X:FF16H         PUBLIC        P2M6
  X:FF0FH         PUBLIC        P1M7
  B:00A8H.7       PUBLIC        EA
  C:1AA2H         PUBLIC        temperature_handle
  X:FF17H         PUBLIC        P2M7
  X:FEC0H         PUBLIC        SCANCON
  X:FEBDH         PUBLIC        TRMEN
  X:FE94H         PUBLIC        XTALCFG
  X:FE75H         PUBLIC        CTKVS
  D:00A8H         PUBLIC        IE
  D:00F8H         PUBLIC        RSTFR
  X:FF91H         PUBLIC        PWM01_MAP
  X:FF95H         PUBLIC        PWM11_MAP
  X:FFA3H         PUBLIC        SDA_MAP
  X:FF99H         PUBLIC        PWM21_MAP
  C:2A6FH         PUBLIC        Detection_Input
  X:FEE0H         PUBLIC        SCR0
  X:FE89H         PUBLIC        S2CON2
  X:FEE2H         PUBLIC        SCR1
  C:1EF5H         SYMBOL        key_handle
  X:FEE4H         PUBLIC        SCR2
  X:FEE6H         PUBLIC        SCR3
  X:FEA2H         PUBLIC        CRCC
  X:FE85H         PUBLIC        T5CON1
  X:FEE8H         PUBLIC        SCR4
  X:FEEAH         PUBLIC        SCR5
  X:FEECH         PUBLIC        SCR6
  X:FEEEH         PUBLIC        SCR7
  X:FFA5H         PUBLIC        SCK_MAP
  X:FFA2H         PUBLIC        SCL_MAP
  C:24CBH         PUBLIC        Set_Temp
  C:1FD2H         PUBLIC        main
  C:2211H         PUBLIC        _calibration_temperature
  X:FEA4H         PUBLIC        BORC
  X:FE77H         PUBLIC        DSCR
  C:16AAH         PUBLIC        _temp_calc
  X:FFA1H         PUBLIC        RXD_MAP
  X:FEA5H         PUBLIC        BORDBC
  X:FFA0H         PUBLIC        TXD_MAP
  X:FEA7H         PUBLIC        LVDDBC
  X:FEB8H         PUBLIC        PINTE0
  X:FEB9H         PUBLIC        PINTE1
  X:FEBCH         PUBLIC        P2INTE
  X:FEBAH         PUBLIC        PINTE2
  D:0098H         PUBLIC        SCON
BL51 BANKED LINKER/LOCATER V6.22                                                      09/04/2020  18:31:49  PAGE 11


  D:0088H         PUBLIC        TCON
  C:27E9H         PUBLIC        Controll_Heat
  X:FE95H         PUBLIC        SPOV_RSTEN
  X:FE74H         PUBLIC        RBCSEL
  X:FE9BH         PUBLIC        ADCC2
  X:FE76H         PUBLIC        CTKCLK
  X:FE91H         PUBLIC        CLKDIV
  D:00B8H         PUBLIC        IE1
  D:00D8H         PUBLIC        IE2
  X:FF80H         PUBLIC        T0_MAP
  X:FF81H         PUBLIC        T1_MAP
  X:FEAAH         PUBLIC        RSTDBC
  X:FF83H         PUBLIC        T3_MAP
  X:FF84H         PUBLIC        T4_MAP
  X:FF85H         PUBLIC        T5_MAP
  X:FEA0H         PUBLIC        WDTCCR
  X:FEBEH         PUBLIC        TRMV
  X:00CDH         PUBLIC        adc_cnt
  X:FED0H         PUBLIC        SCCH0
  X:FED1H         PUBLIC        SCCH1
  X:FED2H         PUBLIC        SCCH2
  X:FE93H         PUBLIC        CLKOUT
  X:FED3H         PUBLIC        SCCH3
  D:008EH         PUBLIC        CLKSWR
  X:00CFH         PUBLIC        error_std
  X:00D0H         PUBLIC        first_heat_std
  X:FFA9H         PUBLIC        RXD2_MAP
  X:FFA8H         PUBLIC        TXD2_MAP
  X:FE8AH         PUBLIC        S2BUF
  X:FF90H         PUBLIC        PWM0_MAP
  X:FFA4H         PUBLIC        SS_MAP
  X:FF94H         PUBLIC        PWM1_MAP
  X:FF98H         PUBLIC        PWM2_MAP
  X:FE88H         PUBLIC        S2CON
  X:FE80H         PUBLIC        TCON1
  X:FF9CH         PUBLIC        PWM3_MAP
  X:FF8FH         PUBLIC        CLKO_MAP
  X:FE92H         PUBLIC        FREQ_CLK
  C:2B5EH         PUBLIC        Clock
  X:FEB0H         PUBLIC        PITS0
  X:FEB1H         PUBLIC        PITS1
  X:FEB2H         PUBLIC        PITS2
  X:FF6BH         PUBLIC        SEGP0EN
  X:FF63H         PUBLIC        COMP0EN
  X:FEB3H         PUBLIC        PITS3
  X:FF6AH         PUBLIC        SEGP1EN
  X:FF62H         PUBLIC        COMP1EN
  X:FEB4H         PUBLIC        PITS4
  X:FF69H         PUBLIC        SEGP2EN
  X:FF61H         PUBLIC        COMP2EN
  X:FF68H         PUBLIC        SEGP3EN
  X:FF60H         PUBLIC        COMP3EN
  X:FFA7H         PUBLIC        MISO_MAP
  X:FFA6H         PUBLIC        MOSI_MAP
  X:FF40H         PUBLIC        P00DBC
  D:00D0H         PUBLIC        PSW
  X:FF41H         PUBLIC        P01DBC
BL51 BANKED LINKER/LOCATER V6.22                                                      09/04/2020  18:31:49  PAGE 12


  X:FF42H         PUBLIC        P02DBC
  X:FF00H         PUBLIC        P0M0
  -------         PROC          KEY_HANDLE
  -------         DO            
  X:0000H         SYMBOL        key_val
  -------         ENDDO         
  C:1EF5H         LINE#         49
  C:1EF5H         LINE#         50
  C:1EF5H         LINE#         51
  C:1EFAH         LINE#         53
  C:1F00H         LINE#         55
  C:1F00H         LINE#         56
  C:1F08H         LINE#         57
  C:1F0AH         LINE#         59
  C:1F0AH         LINE#         60
  C:1F0FH         LINE#         61
  C:1F0FH         LINE#         62
  C:1F1DH         LINE#         63
  C:1F1DH         LINE#         64
  C:1F26H         LINE#         65
  C:1F2CH         LINE#         66
  C:1F2CH         LINE#         67
  C:1F31H         LINE#         68
  C:1F36H         LINE#         69
  C:1F36H         LINE#         71
  C:1F36H         LINE#         72
  C:1F3BH         LINE#         73
  C:1F3EH         LINE#         74
  C:1F41H         LINE#         76
  C:1F47H         LINE#         78
  C:1F47H         LINE#         79
  C:1F48H         LINE#         80
  C:1F51H         LINE#         81
  C:1F51H         LINE#         85
  C:1F59H         LINE#         86
  C:1F59H         LINE#         88
  C:1F62H         LINE#         89
  C:1F6BH         LINE#         90
  C:1F6BH         LINE#         91
  C:1F6EH         LINE#         93
  C:1F70H         LINE#         95
  C:1F70H         LINE#         96
  C:1F76H         LINE#         97
  C:1F76H         LINE#         100
  C:1F7CH         LINE#         101
  C:1F7FH         LINE#         103
  C:1F87H         LINE#         105
  C:1F87H         LINE#         106
  C:1F89H         LINE#         107
  C:1F91H         LINE#         108
  C:1F91H         LINE#         110
  C:1F9AH         LINE#         111
  C:1F9AH         LINE#         112
  C:1F9DH         LINE#         113
  C:1F9FH         LINE#         115
  C:1F9FH         LINE#         116
  C:1FA4H         LINE#         117
BL51 BANKED LINKER/LOCATER V6.22                                                      09/04/2020  18:31:49  PAGE 13


  C:1FA4H         LINE#         118
  C:1FADH         LINE#         119
  C:1FADH         LINE#         120
  C:1FB2H         LINE#         121
  C:1FB2H         LINE#         122
  C:1FB5H         LINE#         123
  C:1FB7H         LINE#         124
  C:1FBDH         LINE#         125
  C:1FBDH         LINE#         126
  C:1FC3H         LINE#         127
  C:1FC3H         LINE#         128
  C:1FC3H         LINE#         130
  C:1FCBH         LINE#         131
  C:1FCEH         LINE#         132
  C:1FD1H         LINE#         133
  C:1FD1H         LINE#         134
  C:1FD1H         LINE#         135
  -------         ENDPROC       KEY_HANDLE
  -------         PROC          _CALIBRATION_TEMPERATURE
  X:0006H         SYMBOL        temper
  -------         DO            
  D:0007H         SYMBOL        temp1
  -------         ENDDO         
  C:2211H         LINE#         138
  C:2219H         LINE#         139
  C:2219H         LINE#         140
  C:2219H         LINE#         141
  C:2229H         LINE#         142
  C:2229H         LINE#         143
  C:222FH         LINE#         144
  C:2234H         LINE#         145
  C:2239H         LINE#         148
  C:2243H         LINE#         149
  C:2243H         LINE#         150
  C:2248H         LINE#         151
  C:2248H         LINE#         152
  C:224EH         LINE#         153
  C:2252H         LINE#         154
  C:2254H         LINE#         156
  C:2254H         LINE#         157
  C:2261H         LINE#         159
  C:2264H         LINE#         160
  C:226AH         LINE#         161
  C:226AH         LINE#         162
  C:227AH         LINE#         163
  C:227AH         LINE#         164
  C:227FH         LINE#         165
  C:2281H         LINE#         166
  C:2281H         LINE#         167
  C:2284H         LINE#         168
  C:228BH         LINE#         169
  C:228BH         LINE#         170
  C:228BH         LINE#         171
  C:2293H         LINE#         172
  C:2293H         LINE#         173
  C:22A7H         LINE#         174
  C:22A7H         LINE#         175
BL51 BANKED LINKER/LOCATER V6.22                                                      09/04/2020  18:31:49  PAGE 14


  C:22ABH         LINE#         176
  C:22ABH         LINE#         177
  C:22C3H         LINE#         178
  C:22C3H         LINE#         179
  C:22CBH         LINE#         181
  -------         ENDPROC       _CALIBRATION_TEMPERATURE
  -------         PROC          _TEMP_CALC
  D:0002H         SYMBOL        uRt
  X:0006H         SYMBOL        uRw
  -------         DO            
  X:0008H         SYMBOL        i
  X:000AH         SYMBOL        basi_tmp
  X:000CH         SYMBOL        u1
  X:0010H         SYMBOL        u3
  -------         ENDDO         
  C:16AAH         LINE#         185
  C:16B6H         LINE#         186
  C:16B6H         LINE#         187
  C:16BBH         LINE#         188
  C:16C1H         LINE#         190
  C:16C9H         LINE#         191
  C:16D3H         LINE#         192
  C:16DCH         LINE#         193
  C:16DCH         LINE#         194
  C:16DFH         LINE#         195
  C:16DFH         LINE#         197
  C:16FBH         LINE#         198
  C:1717H         LINE#         199
  C:1756H         LINE#         200
  C:176EH         LINE#         201
  C:176EH         LINE#         202
  C:1773H         LINE#         203
  C:1773H         LINE#         207
  C:1790H         LINE#         208
  C:1790H         LINE#         209
  C:17BFH         LINE#         211
  C:17CBH         LINE#         212
  C:17CDH         LINE#         215
  C:17CDH         LINE#         216
  C:17FCH         LINE#         218
  C:1809H         LINE#         219
  C:1809H         LINE#         222
  C:1810H         LINE#         223
  C:1810H         LINE#         224
  C:181EH         LINE#         225
  C:181EH         LINE#         227
  C:1826H         LINE#         228
  -------         ENDPROC       _TEMP_CALC
  -------         PROC          TEMPERATURE_HANDLE
  -------         DO            
  X:0000H         SYMBOL        temp
  X:0002H         SYMBOL        adc_val1
  X:0004H         SYMBOL        adc_val2
  -------         ENDDO         
  C:1AA2H         LINE#         241
  C:1AA2H         LINE#         242
  C:1AA2H         LINE#         243
BL51 BANKED LINKER/LOCATER V6.22                                                      09/04/2020  18:31:49  PAGE 15


  C:1AA9H         LINE#         244
  C:1AB1H         LINE#         246
  C:1ABFH         LINE#         248
  C:1AD9H         LINE#         249
  C:1AD9H         LINE#         250
  C:1AE0H         LINE#         251
  C:1AF6H         LINE#         254
  C:1B0FH         LINE#         256
  C:1B1AH         LINE#         257
  C:1B2BH         LINE#         259
  C:1B3DH         LINE#         260
  C:1B3DH         LINE#         261
  C:1B43H         LINE#         262
  C:1B43H         LINE#         263
  C:1B47H         LINE#         264
  C:1B4EH         LINE#         265
  C:1B4EH         LINE#         266
  C:1B50H         LINE#         267
  C:1B5FH         LINE#         268
  C:1B5FH         LINE#         269
  C:1B63H         LINE#         270
  C:1B63H         LINE#         272
  C:1B65H         LINE#         274
  C:1B65H         LINE#         275
  C:1B6BH         LINE#         276
  C:1B6FH         LINE#         278
  C:1B6FH         LINE#         279
  C:1B6FH         LINE#         281
  C:1B86H         LINE#         282
  C:1B89H         LINE#         283
  C:1B91H         LINE#         284
  C:1B99H         LINE#         285
  C:1B9CH         LINE#         286
  C:1B9EH         LINE#         288
  C:1B9EH         LINE#         290
  C:1BA5H         LINE#         291
  C:1BA5H         LINE#         292
  C:1BAAH         LINE#         293
  C:1BADH         LINE#         295
  C:1BB0H         LINE#         296
  C:1BB2H         LINE#         298
  C:1BB2H         LINE#         300
  C:1BB7H         LINE#         301
  C:1BBCH         LINE#         302
  C:1BBFH         LINE#         304
  C:1BBFH         LINE#         306
  C:1BBFH         LINE#         307
  C:1BC4H         LINE#         308
  C:1BC5H         LINE#         310
  C:1BC5H         LINE#         312
  C:1BCAH         LINE#         313
  C:1BCFH         LINE#         314
  C:1BD2H         LINE#         315
  C:1BD8H         LINE#         316
  C:1BD8H         LINE#         319
  C:1BD8H         LINE#         322
  -------         ENDPROC       TEMPERATURE_HANDLE
BL51 BANKED LINKER/LOCATER V6.22                                                      09/04/2020  18:31:49  PAGE 16


  -------         PROC          MAIN
  C:1FD2H         LINE#         331
  C:1FD2H         LINE#         332
  C:1FD2H         LINE#         333
  C:1FD5H         LINE#         334
  C:1FD8H         LINE#         335
  C:1FDBH         LINE#         336
  C:1FDDH         LINE#         337
  C:1FE0H         LINE#         338
  C:1FE3H         LINE#         339
  C:1FE6H         LINE#         340
  C:1FE9H         LINE#         341
  C:1FF0H         LINE#         342
  C:1FF5H         LINE#         343
  C:1FF8H         LINE#         344
  C:1FFBH         LINE#         345
  C:2002H         LINE#         346
  C:2005H         LINE#         347
  C:2008H         LINE#         349
  C:2011H         LINE#         350
  C:2024H         LINE#         351
  C:203BH         LINE#         352
  C:2051H         LINE#         353
  C:2067H         LINE#         354
  C:207FH         LINE#         355
  C:2088H         LINE#         357
  C:2088H         LINE#         358
  C:2088H         LINE#         361
  C:208BH         LINE#         362
  C:208EH         LINE#         364
  C:2091H         LINE#         366
  -------         ENDPROC       MAIN
  -------         PROC          CLOCK
  C:2B5EH         LINE#         371
  C:2B5EH         LINE#         372
  C:2B5EH         LINE#         374
  C:2B61H         LINE#         375
  C:2B67H         LINE#         376
  -------         ENDPROC       CLOCK
  -------         PROC          CONTROLL_HEAT
  -------         DO            
  D:0007H         SYMBOL        heat_step_val
  -------         ENDDO         
  C:27E9H         LINE#         389
  C:27E9H         LINE#         390
  C:27E9H         LINE#         392
  C:27EBH         LINE#         393
  C:27F7H         LINE#         394
  C:27F7H         LINE#         395
  C:2802H         LINE#         396
  C:2804H         LINE#         397
  C:2804H         LINE#         398
  C:280BH         LINE#         399
  C:280BH         LINE#         400
  C:280BH         LINE#         401
  C:280DH         LINE#         402
  C:2813H         LINE#         404
BL51 BANKED LINKER/LOCATER V6.22                                                      09/04/2020  18:31:49  PAGE 17


  C:2813H         LINE#         405
  C:281CH         LINE#         406
  C:281CH         LINE#         407
  -------         ENDPROC       CONTROLL_HEAT
  -------         PROC          SET_TEMP
  C:24CBH         LINE#         419
  C:24CBH         LINE#         420
  C:24CBH         LINE#         423
  C:2501H         LINE#         424
  C:2501H         LINE#         425
  C:2501H         LINE#         427
  C:2501H         LINE#         428
  C:2501H         LINE#         429
  C:250BH         LINE#         430
  C:250CH         LINE#         431
  C:250CH         LINE#         432
  C:2516H         LINE#         433
  C:2517H         LINE#         434
  C:2517H         LINE#         435
  C:2521H         LINE#         436
  C:2522H         LINE#         437
  C:2522H         LINE#         438
  C:252CH         LINE#         439
  C:252DH         LINE#         440
  C:252DH         LINE#         441
  C:2537H         LINE#         442
  C:2538H         LINE#         443
  C:2538H         LINE#         444
  C:2542H         LINE#         445
  C:2543H         LINE#         446
  C:2543H         LINE#         447
  C:2543H         LINE#         448
  C:2543H         LINE#         449
  C:254DH         LINE#         451
  C:254EH         LINE#         452
  C:254EH         LINE#         453
  C:2558H         LINE#         454
  C:2558H         LINE#         455
  C:2558H         LINE#         456
  -------         ENDPROC       SET_TEMP
  -------         PROC          DETECTION_INPUT
  -------         DO            
  D:0006H         SYMBOL        input
  -------         ENDDO         
  C:2A6FH         LINE#         482
  C:2A6FH         LINE#         483
  C:2A6FH         LINE#         484
  C:2A72H         LINE#         485
  C:2A75H         LINE#         486
  C:2A82H         LINE#         487
  C:2A82H         LINE#         489
  C:2A87H         LINE#         490
  C:2A88H         LINE#         492
  C:2A88H         LINE#         494
  C:2A8CH         LINE#         495
  C:2A8CH         LINE#         496
  -------         ENDPROC       DETECTION_INPUT
BL51 BANKED LINKER/LOCATER V6.22                                                      09/04/2020  18:31:49  PAGE 18


  -------         ENDMOD        MAIN

  -------         MODULE        DELAY
  C:0000H         SYMBOL        _ICE_DUMMY_
  D:0080H         PUBLIC        P0
  D:0090H         PUBLIC        P1
  D:00A0H         PUBLIC        P2
  D:00B0H         PUBLIC        P3
  D:00A8H         PUBLIC        IE
  D:00F8H         PUBLIC        RSTFR
  D:0098H         PUBLIC        SCON
  D:0088H         PUBLIC        TCON
  D:00B8H         PUBLIC        IE1
  D:00D8H         PUBLIC        IE2
  C:2AC3H         PUBLIC        _delay_ms
  C:2B2BH         PUBLIC        _delay_us
  D:00D0H         PUBLIC        PSW
  -------         PROC          _DELAY_US
  D:0006H         SYMBOL        us
  C:2B2BH         LINE#         4
  C:2B2BH         LINE#         5
  C:2B2BH         LINE#         6
  C:2B34H         LINE#         7
  C:2B34H         LINE#         8
  C:2B36H         LINE#         9
  C:2B38H         LINE#         10
  -------         ENDPROC       _DELAY_US
  -------         PROC          _DELAY_MS
  D:0006H         SYMBOL        ms
  -------         DO            
  D:0004H         SYMBOL        i
  -------         ENDDO         
  C:2AC3H         LINE#         12
  C:2AC3H         LINE#         13
  C:2AC3H         LINE#         15
  C:2AC3H         LINE#         16
  C:2AC7H         LINE#         17
  C:2AD0H         LINE#         18
  C:2AD9H         LINE#         19
  -------         ENDPROC       _DELAY_MS
  -------         ENDMOD        DELAY

  -------         MODULE        ADC
  C:0000H         SYMBOL        _ICE_DUMMY_
  D:0080H         PUBLIC        P0
  D:0090H         PUBLIC        P1
  D:00A0H         PUBLIC        P2
  D:00B0H         PUBLIC        P3
  C:2B06H         PUBLIC        get_adc_val_P02
  C:2AF0H         PUBLIC        get_adc_val_P03
  C:2ADAH         PUBLIC        get_adc_val_P07
  D:00A8H         PUBLIC        IE
  D:00F8H         PUBLIC        RSTFR
  C:1BD9H         PUBLIC        _get_voltage
  D:00B6H         PUBLIC        ADCR
  D:0098H         PUBLIC        SCON
  D:0088H         PUBLIC        TCON
BL51 BANKED LINKER/LOCATER V6.22                                                      09/04/2020  18:31:49  PAGE 19


  D:00B4H         PUBLIC        ADCC0
  D:00B5H         PUBLIC        ADCC1
  D:00B8H         PUBLIC        IE1
  C:2A31H         PUBLIC        adc_init
  D:00D8H         PUBLIC        IE2
  C:243AH         PUBLIC        Detection_Input_Voltage
  D:00D0H         PUBLIC        PSW
  -------         PROC          ADC_INIT
  C:2A31H         LINE#         5
  C:2A31H         LINE#         6
  C:2A31H         LINE#         7
  C:2A37H         LINE#         8
  C:2A3BH         LINE#         9
  C:2A3FH         LINE#         10
  C:2A42H         LINE#         19
  C:2A49H         LINE#         22
  C:2A4FH         LINE#         23
  -------         ENDPROC       ADC_INIT
  -------         PROC          GET_ADC_VAL_P07
  -------         DO            
  D:0006H         SYMBOL        adc_val
  -------         ENDDO         
  C:2ADAH         LINE#         25
  C:2ADAH         LINE#         26
  C:2ADAH         LINE#         27
  C:2ADDH         LINE#         28
  C:2AE0H         LINE#         29
  C:2AE3H         LINE#         30
  C:2AE8H         LINE#         31
  C:2AEBH         LINE#         32
  C:2AEFH         LINE#         34
  C:2AEFH         LINE#         35
  -------         ENDPROC       GET_ADC_VAL_P07
  -------         PROC          GET_ADC_VAL_P03
  -------         DO            
  D:0006H         SYMBOL        adc_val
  -------         ENDDO         
  C:2AF0H         LINE#         37
  C:2AF0H         LINE#         38
  C:2AF0H         LINE#         39
  C:2AF3H         LINE#         40
  C:2AF6H         LINE#         41
  C:2AF9H         LINE#         42
  C:2AFEH         LINE#         43
  C:2B01H         LINE#         44
  C:2B05H         LINE#         46
  C:2B05H         LINE#         47
  -------         ENDPROC       GET_ADC_VAL_P03
  -------         PROC          GET_ADC_VAL_P02
  -------         DO            
  D:0006H         SYMBOL        adc_val
  -------         ENDDO         
  C:2B06H         LINE#         49
  C:2B06H         LINE#         50
  C:2B06H         LINE#         51
  C:2B09H         LINE#         52
  C:2B0CH         LINE#         53
BL51 BANKED LINKER/LOCATER V6.22                                                      09/04/2020  18:31:49  PAGE 20


  C:2B0FH         LINE#         54
  C:2B14H         LINE#         55
  C:2B17H         LINE#         56
  C:2B1BH         LINE#         58
  C:2B1BH         LINE#         59
  -------         ENDPROC       GET_ADC_VAL_P02
  -------         PROC          _GET_VOLTAGE
  X:0006H         SYMBOL        u1_voltage
  X:0009H         SYMBOL        u3_voltage
  -------         DO            
  X:000CH         SYMBOL        temp
  X:0010H         SYMBOL        i
  -------         ENDDO         
  C:1BD9H         LINE#         61
  C:1BE4H         LINE#         62
  C:1BE4H         LINE#         63
  C:1BEEH         LINE#         64
  C:1BF3H         LINE#         66
  C:1BF4H         LINE#         67
  C:1BF4H         LINE#         68
  C:1C1AH         LINE#         69
  C:1C26H         LINE#         70
  C:1C43H         LINE#         71
  C:1C76H         LINE#         73
  C:1C7DH         LINE#         74
  C:1C87H         LINE#         75
  C:1C8CH         LINE#         76
  C:1C8CH         LINE#         77
  C:1CB2H         LINE#         78
  C:1CBEH         LINE#         79
  C:1CDBH         LINE#         80
  -------         ENDPROC       _GET_VOLTAGE
  -------         PROC          DETECTION_INPUT_VOLTAGE
  -------         DO            
  X:0000H         SYMBOL        tep
  X:0004H         SYMBOL        i
  -------         ENDDO         
  C:243AH         LINE#         84
  C:243AH         LINE#         85
  C:243AH         LINE#         87
  C:2444H         LINE#         88
  C:2449H         LINE#         90
  C:244AH         LINE#         91
  C:244AH         LINE#         92
  C:2470H         LINE#         93
  C:247CH         LINE#         94
  C:2499H         LINE#         95
  C:24C0H         LINE#         97
  C:24CAH         LINE#         98
  -------         ENDPROC       DETECTION_INPUT_VOLTAGE
  -------         ENDMOD        ADC

  -------         MODULE        FLASH
  C:0000H         SYMBOL        _ICE_DUMMY_
  D:0080H         PUBLIC        P0
  D:0090H         PUBLIC        P1
  D:00A0H         PUBLIC        P2
BL51 BANKED LINKER/LOCATER V6.22                                                      09/04/2020  18:31:49  PAGE 21


  D:00B0H         PUBLIC        P3
  B:00A8H.7       PUBLIC        EA
  C:26FBH         PUBLIC        _Flash_WriteArr
  C:0003H         PUBLIC        _flash_read_addr
  D:00A8H         PUBLIC        IE
  D:00FCH         PUBLIC        IAP_CMD
  D:00F8H         PUBLIC        RSTFR
  C:2B7AH         PUBLIC        get_device_state
  X:00B1H         PUBLIC        flash_info
  C:2B80H         PUBLIC        _set_device_state
  C:1969H         PUBLIC        flash_init
  C:2957H         PUBLIC        flah_save_data
  C:29EFH         PUBLIC        _Flash_EraseBlock
  D:0098H         PUBLIC        SCON
  D:0088H         PUBLIC        TCON
  D:00B8H         PUBLIC        IE1
  D:00D8H         PUBLIC        IE2
  D:00FBH         PUBLIC        IAP_DATA
  D:00F9H         PUBLIC        IAP_ADDR
  C:292FH         PUBLIC        _FLASH_WriteData
  C:281DH         SYMBOL        check_flash
  X:00B6H         PUBLIC        flash_check
  C:27A9H         PUBLIC        _Flash_ReadArr
  X:00BAH         PUBLIC        Input_Voltage_std
  X:00BCH         PUBLIC        device_state
  D:00D0H         PUBLIC        PSW
  -------         PROC          GET_DEVICE_STATE
  C:2B7AH         LINE#         10
  C:2B7AH         LINE#         11
  C:2B7AH         LINE#         12
  C:2B7FH         LINE#         13
  -------         ENDPROC       GET_DEVICE_STATE
  -------         PROC          _SET_DEVICE_STATE
  D:0007H         SYMBOL        state
  C:2B80H         LINE#         15
  C:2B80H         LINE#         16
  C:2B80H         LINE#         17
  C:2B85H         LINE#         18
  -------         ENDPROC       _SET_DEVICE_STATE
  -------         PROC          _FLASH_ERASEBLOCK
  D:0006H         SYMBOL        addr
  C:29EFH         LINE#         28
  C:29F6H         LINE#         29
  C:29F6H         LINE#         30
  C:29FCH         LINE#         31
  C:2A00H         LINE#         32
  C:2A06H         LINE#         33
  C:2A0CH         LINE#         34
  -------         ENDPROC       _FLASH_ERASEBLOCK
  -------         PROC          _FLASH_WRITEDATA
  D:0007H         SYMBOL        fuc_SaveData
  D:0004H         SYMBOL        addr
  C:292FH         LINE#         44
  C:2936H         LINE#         45
  C:2936H         LINE#         46
  C:2938H         LINE#         47
  C:293EH         LINE#         48
BL51 BANKED LINKER/LOCATER V6.22                                                      09/04/2020  18:31:49  PAGE 22


  C:2946H         LINE#         49
  C:294CH         LINE#         50
  C:2952H         LINE#         51
  -------         ENDPROC       _FLASH_WRITEDATA
  -------         PROC          L?0030
  -------         ENDPROC       L?0030
  -------         PROC          _FLASH_WRITEARR
  X:0008H         SYMBOL        fui_Address
  X:000AH         SYMBOL        len
  X:000BH         SYMBOL        fucp_SaveArr
  -------         DO            
  X:000EH         SYMBOL        i
  -------         ENDDO         
  C:26FBH         LINE#         63
  C:2716H         LINE#         64
  C:2716H         LINE#         65
  C:2719H         LINE#         67
  C:271BH         LINE#         68
  C:2729H         LINE#         69
  C:2729H         LINE#         70
  C:274DH         LINE#         71
  C:2755H         LINE#         72
  C:2757H         LINE#         73
  -------         ENDPROC       _FLASH_WRITEARR
  -------         PROC          _FLASH_READ_ADDR
  D:0082H         SYMBOL        address
  -------         DO            
  D:0007H         SYMBOL        val
  -------         ENDDO         
  C:0003H         LINE#         75
  C:0007H         LINE#         76
  C:0007H         LINE#         77
  C:0008H         LINE#         78
  C:000AH         LINE#         79
  C:000AH         LINE#         80
  -------         ENDPROC       _FLASH_READ_ADDR
  -------         PROC          _FLASH_READARR
  X:0008H         SYMBOL        fui_Address
  D:0005H         SYMBOL        fuc_Length
  X:000AH         SYMBOL        fucp_SaveArr
  C:27A9H         LINE#         92
  C:27BAH         LINE#         93
  C:27BAH         LINE#         94
  C:27C0H         LINE#         95
  C:27E8H         LINE#         96
  -------         ENDPROC       _FLASH_READARR
  -------         PROC          CHECK_FLASH
  -------         DO            
  D:0005H         SYMBOL        i
  D:0004H         SYMBOL        cnt
  -------         ENDDO         
  C:281DH         LINE#         98
  C:281DH         LINE#         99
  C:281DH         LINE#         100
  C:2820H         LINE#         102
  C:2820H         LINE#         103
  C:2820H         LINE#         104
BL51 BANKED LINKER/LOCATER V6.22                                                      09/04/2020  18:31:49  PAGE 23


  C:2839H         LINE#         105
  C:2839H         LINE#         106
  C:283AH         LINE#         107
  C:283CH         LINE#         108
  C:283FH         LINE#         109
  C:2844H         LINE#         110
  C:284AH         LINE#         111
  C:284DH         LINE#         112
  C:284FH         LINE#         113
  -------         ENDPROC       CHECK_FLASH
  -------         PROC          FLASH_INIT
  -------         DO            
  X:0000H         SYMBOL        init_flag
  -------         ENDDO         
  C:1969H         LINE#         116
  C:1969H         LINE#         117
  C:1969H         LINE#         118
  C:196EH         LINE#         121
  C:1974H         LINE#         123
  C:197AH         LINE#         124
  C:197AH         LINE#         125
  C:197FH         LINE#         126
  C:1981H         LINE#         128
  C:1981H         LINE#         129
  C:198AH         LINE#         130
  C:1999H         LINE#         131
  C:19BCH         LINE#         132
  C:19DFH         LINE#         133
  C:19E8H         LINE#         134
  C:19F7H         LINE#         135
  C:19FDH         LINE#         136
  C:19FDH         LINE#         137
  C:1A05H         LINE#         138
  C:1A05H         LINE#         139
  C:1A0EH         LINE#         140
  C:1A14H         LINE#         141
  C:1A16H         LINE#         142
  C:1A1DH         LINE#         143
  C:1A27H         LINE#         144
  C:1A2AH         LINE#         145
  C:1A39H         LINE#         146
  C:1A76H         LINE#         147
  C:1A7FH         LINE#         148
  C:1A7FH         LINE#         149
  -------         ENDPROC       FLASH_INIT
  -------         PROC          FLAH_SAVE_DATA
  C:2957H         LINE#         153
  C:2957H         LINE#         154
  C:2957H         LINE#         156
  C:295EH         LINE#         157
  C:296BH         LINE#         158
  C:296EH         LINE#         159
  -------         ENDPROC       FLAH_SAVE_DATA
  -------         ENDMOD        FLASH

  -------         MODULE        UART
  C:0000H         SYMBOL        _ICE_DUMMY_
BL51 BANKED LINKER/LOCATER V6.22                                                      09/04/2020  18:31:49  PAGE 24


  D:0080H         PUBLIC        P0
  D:0090H         PUBLIC        P1
  D:00A0H         PUBLIC        P2
  D:00B0H         PUBLIC        P3
  C:275CH         PUBLIC        UART1_Rpt
  D:00A8H         PUBLIC        IE
  C:2A50H         PUBLIC        _producte_send_cmd
  D:00F8H         PUBLIC        RSTFR
  C:2883H         SYMBOL        _producte_com_send_data
  B:0098H.1       PUBLIC        TI
  X:0066H         PUBLIC        usart_rx_cnt
  D:0099H         PUBLIC        SBUF
  C:2B46H         SYMBOL        _hal_uart_putchar
  D:0098H         PUBLIC        SCON
  D:0088H         PUBLIC        TCON
  X:0067H         PUBLIC        temper_val
  D:00B8H         PUBLIC        IE1
  D:00D8H         PUBLIC        IE2
  B:00A8H.4       PUBLIC        ES1
  D:00CEH         PUBLIC        TH4
  D:00CDH         PUBLIC        TL4
  C:2906H         PUBLIC        uart_init
  X:0068H         PUBLIC        usart_rx_buffer
  C:2BA2H         SYMBOL        _producte_com_send_one_bit
  D:009EH         PUBLIC        SCON2
  D:00CCH         PUBLIC        T4CON
  X:0086H         PUBLIC        usart_rx_flag
  D:00D0H         PUBLIC        PSW
  C:2B86H         PUBLIC        _putchar
  -------         PROC          UART_INIT
  C:2906H         LINE#         28
  C:2906H         LINE#         29
  C:2906H         LINE#         31
  C:290CH         LINE#         32
  C:2912H         LINE#         33
  C:2918H         LINE#         34
  C:291DH         LINE#         48
  C:2920H         LINE#         49
  C:2923H         LINE#         50
  C:2926H         LINE#         51
  C:2929H         LINE#         52
  C:292CH         LINE#         53
  C:292EH         LINE#         55
  -------         ENDPROC       UART_INIT
  -------         PROC          _HAL_UART_PUTCHAR
  D:0007H         SYMBOL        Char
  C:2B46H         LINE#         59
  C:2B46H         LINE#         60
  C:2B46H         LINE#         61
  C:2B48H         LINE#         62
  C:2B4AH         LINE#         63
  C:2B4DH         LINE#         64
  C:2B4FH         LINE#         65
  C:2B51H         LINE#         66
  -------         ENDPROC       _HAL_UART_PUTCHAR
  -------         PROC          _PRODUCTE_COM_SEND_ONE_BIT
  D:0007H         SYMBOL        Data
BL51 BANKED LINKER/LOCATER V6.22                                                      09/04/2020  18:31:49  PAGE 25


  C:2BA2H         LINE#         73
  C:2BA2H         LINE#         74
  C:2BA2H         LINE#         75
  -------         ENDPROC       _PRODUCTE_COM_SEND_ONE_BIT
  -------         PROC          _PRODUCTE_COM_SEND_DATA
  X:000DH         SYMBOL        Data
  D:0005H         SYMBOL        len
  -------         DO            
  D:0006H         SYMBOL        i
  -------         ENDDO         
  C:2883H         LINE#         82
  C:288EH         LINE#         83
  C:288EH         LINE#         85
  C:2895H         LINE#         86
  C:2895H         LINE#         87
  C:28ACH         LINE#         88
  C:28AFH         LINE#         89
  -------         ENDPROC       _PRODUCTE_COM_SEND_DATA
  -------         PROC          _PRODUCTE_SEND_CMD
  D:0007H         SYMBOL        funcode
  D:0005H         SYMBOL        Data
  -------         DO            
  X:0008H         SYMBOL        cmd_t
  -------         ENDDO         
  C:2A50H         LINE#         96
  C:2A50H         LINE#         97
  C:2A50H         LINE#         99
  C:2A56H         LINE#         100
  C:2A59H         LINE#         101
  C:2A5CH         LINE#         102
  C:2A60H         LINE#         103
  C:2A64H         LINE#         104
  -------         ENDPROC       _PRODUCTE_SEND_CMD
  -------         PROC          _PUTCHAR
  D:0006H         SYMBOL        c
  C:2B86H         LINE#         109
  C:2B88H         LINE#         110
  C:2B88H         LINE#         111
  C:2B8BH         LINE#         112
  C:2B8BH         LINE#         113
  -------         ENDPROC       _PUTCHAR
  -------         PROC          UART1_RPT
  -------         DO            
  D:0007H         SYMBOL        Data
  -------         ENDDO         
  C:275CH         LINE#         116
  C:2769H         LINE#         118
  C:2769H         LINE#         119
  C:276EH         LINE#         120
  C:276EH         LINE#         121
  C:2770H         LINE#         123
  C:2773H         LINE#         125
  C:277DH         LINE#         126
  C:277DH         LINE#         127
  C:277DH         LINE#         128
  C:2781H         LINE#         129
  C:2781H         LINE#         130
BL51 BANKED LINKER/LOCATER V6.22                                                      09/04/2020  18:31:49  PAGE 26


  C:2785H         LINE#         131
  C:278BH         LINE#         133
  C:2791H         LINE#         137
  C:2791H         LINE#         138
  C:2793H         LINE#         139
  C:2793H         LINE#         141
  C:2798H         LINE#         143
  C:279EH         LINE#         145
  C:279EH         LINE#         147
  C:279EH         LINE#         150
  C:279EH         LINE#         151
  -------         ENDPROC       UART1_RPT
  -------         ENDMOD        UART

  -------         MODULE        KEY
  C:0000H         SYMBOL        _ICE_DUMMY_
  D:0080H         PUBLIC        P0
  D:0090H         PUBLIC        P1
  D:00A0H         PUBLIC        P2
  D:00B0H         PUBLIC        P3
  C:2383H         SYMBOL        Calibration_key_driver
  D:00A8H         PUBLIC        IE
  B:0080H.0       PUBLIC        P0_0
  B:0080H.1       PUBLIC        P0_1
  D:00F8H         PUBLIC        RSTFR
  B:00A0H.7       PUBLIC        P2_7
  D:0098H         PUBLIC        SCON
  D:0088H         PUBLIC        TCON
  C:22CCH         SYMBOL        key_driver
  X:00C6H         PUBLIC        calibration_std
  D:00B8H         PUBLIC        IE1
  D:00D8H         PUBLIC        IE2
  C:2671H         PUBLIC        key_scan
  C:2B1CH         PUBLIC        key_init
  D:00D0H         PUBLIC        PSW
  -------         PROC          KEY_INIT
  C:2B1CH         LINE#         7
  C:2B1CH         LINE#         8
  C:2B1CH         LINE#         9
  C:2B22H         LINE#         10
  C:2B26H         LINE#         11
  C:2B2AH         LINE#         13
  -------         ENDPROC       KEY_INIT
  -------         PROC          KEY_DRIVER
  -------         DO            
  X:00BDH         SYMBOL        key_state
  X:00BEH         SYMBOL        key_time
  X:0001H         SYMBOL        key_press
  X:0002H         SYMBOL        key_return
  -------         ENDDO         
  C:22CCH         LINE#         16
  C:22CCH         LINE#         17
  C:22CCH         LINE#         22
  C:22D1H         LINE#         24
  C:22D8H         LINE#         25
  C:22EFH         LINE#         26
  C:22EFH         LINE#         27
BL51 BANKED LINKER/LOCATER V6.22                                                      09/04/2020  18:31:49  PAGE 27


  C:22EFH         LINE#         28
  C:22F8H         LINE#         29
  C:22F8H         LINE#         30
  C:22FEH         LINE#         31
  C:2303H         LINE#         32
  C:2303H         LINE#         33
  C:2305H         LINE#         35
  C:2305H         LINE#         36
  C:230BH         LINE#         37
  C:230BH         LINE#         38
  C:2319H         LINE#         39
  C:2328H         LINE#         40
  C:2328H         LINE#         41
  C:232EH         LINE#         42
  C:232EH         LINE#         43
  C:232EH         LINE#         44
  C:2330H         LINE#         48
  C:2330H         LINE#         49
  C:2337H         LINE#         50
  C:2337H         LINE#         51
  C:233BH         LINE#         52
  C:233BH         LINE#         53
  C:233DH         LINE#         55
  C:233DH         LINE#         56
  C:234BH         LINE#         58
  C:235AH         LINE#         59
  C:235AH         LINE#         60
  C:2360H         LINE#         61
  C:2366H         LINE#         62
  C:2366H         LINE#         63
  C:236DH         LINE#         64
  C:236DH         LINE#         65
  C:236FH         LINE#         67
  C:236FH         LINE#         68
  C:2376H         LINE#         69
  C:2376H         LINE#         70
  C:2376H         LINE#         71
  C:2376H         LINE#         72
  C:2378H         LINE#         74
  C:2378H         LINE#         75
  C:237DH         LINE#         76
  C:237DH         LINE#         77
  C:237DH         LINE#         79
  C:2382H         LINE#         81
  -------         ENDPROC       KEY_DRIVER
  -------         PROC          CALIBRATION_KEY_DRIVER
  -------         DO            
  X:00C0H         SYMBOL        key_state
  X:00C1H         SYMBOL        key_time
  X:0001H         SYMBOL        key_press
  X:0002H         SYMBOL        key_return
  -------         ENDDO         
  C:2383H         LINE#         82
  C:2383H         LINE#         83
  C:2383H         LINE#         88
  C:2388H         LINE#         90
  C:238FH         LINE#         91
BL51 BANKED LINKER/LOCATER V6.22                                                      09/04/2020  18:31:49  PAGE 28


  C:23A6H         LINE#         92
  C:23A6H         LINE#         93
  C:23A6H         LINE#         94
  C:23AFH         LINE#         95
  C:23AFH         LINE#         96
  C:23B5H         LINE#         97
  C:23BAH         LINE#         98
  C:23BAH         LINE#         99
  C:23BCH         LINE#         101
  C:23BCH         LINE#         102
  C:23C2H         LINE#         103
  C:23C2H         LINE#         104
  C:23D0H         LINE#         105
  C:23DFH         LINE#         106
  C:23DFH         LINE#         107
  C:23E5H         LINE#         108
  C:23E5H         LINE#         109
  C:23E5H         LINE#         110
  C:23E7H         LINE#         114
  C:23E7H         LINE#         115
  C:23EEH         LINE#         116
  C:23EEH         LINE#         117
  C:23F2H         LINE#         118
  C:23F2H         LINE#         119
  C:23F4H         LINE#         121
  C:23F4H         LINE#         122
  C:2402H         LINE#         124
  C:2411H         LINE#         125
  C:2411H         LINE#         126
  C:2417H         LINE#         127
  C:241DH         LINE#         128
  C:241DH         LINE#         129
  C:2424H         LINE#         130
  C:2424H         LINE#         131
  C:2426H         LINE#         133
  C:2426H         LINE#         134
  C:242DH         LINE#         135
  C:242DH         LINE#         136
  C:242DH         LINE#         137
  C:242DH         LINE#         138
  C:242FH         LINE#         140
  C:242FH         LINE#         141
  C:2434H         LINE#         142
  C:2434H         LINE#         143
  C:2434H         LINE#         145
  C:2439H         LINE#         147
  -------         ENDPROC       CALIBRATION_KEY_DRIVER
  -------         PROC          KEY_SCAN
  -------         DO            
  X:00C3H         SYMBOL        key_up
  X:00C4H         SYMBOL        key_pres_time
  -------         ENDDO         
  C:2671H         LINE#         149
  C:2671H         LINE#         150
  C:2671H         LINE#         155
  C:2677H         LINE#         156
  C:2677H         LINE#         158
BL51 BANKED LINKER/LOCATER V6.22                                                      09/04/2020  18:31:49  PAGE 29


  C:267AH         LINE#         159
  C:267AH         LINE#         160
  C:2680H         LINE#         161
  C:2680H         LINE#         162
  C:268CH         LINE#         163
  C:268CH         LINE#         164
  C:2691H         LINE#         165
  C:2695H         LINE#         166
  C:2698H         LINE#         167
  C:269AH         LINE#         169
  C:269AH         LINE#         170
  C:269FH         LINE#         171
  C:269FH         LINE#         172
  C:26A1H         LINE#         173
  C:26B3H         LINE#         174
  C:26B3H         LINE#         175
  C:26B9H         LINE#         176
  C:26BEH         LINE#         177
  C:26C1H         LINE#         178
  C:26C1H         LINE#         180
  C:26C4H         LINE#         181
  C:26C4H         LINE#         182
  C:26C7H         LINE#         183
  C:26C7H         LINE#         185
  C:26CAH         LINE#         186
  C:26CAH         LINE#         187
  C:26D0H         LINE#         188
  C:26D6H         LINE#         190
  C:26E8H         LINE#         191
  C:26ECH         LINE#         192
  C:26EEH         LINE#         193
  -------         ENDPROC       KEY_SCAN
  -------         ENDMOD        KEY

  -------         MODULE        PWM
  C:0000H         SYMBOL        _ICE_DUMMY_
  D:0080H         PUBLIC        P0
  D:0090H         PUBLIC        P1
  D:00A0H         PUBLIC        P2
  D:00B0H         PUBLIC        P3
  C:2AABH         PUBLIC        _set_pwm
  D:00A8H         PUBLIC        IE
  D:00F8H         PUBLIC        RSTFR
  D:0098H         PUBLIC        SCON
  D:0088H         PUBLIC        TCON
  X:00D1H         PUBLIC        pwm_period
  D:00B8H         PUBLIC        IE1
  D:00D8H         PUBLIC        IE2
  D:00DDH         PUBLIC        PWM3C
  C:297DH         PUBLIC        _pwm_init
  D:00DFH         PUBLIC        PWM3D
  D:00DEH         PUBLIC        PWM3P
  D:00D0H         PUBLIC        PSW
  -------         PROC          _SET_PWM
  D:0007H         SYMBOL        duty
  -------         DO            
  D:0004H         SYMBOL        tep
BL51 BANKED LINKER/LOCATER V6.22                                                      09/04/2020  18:31:49  PAGE 30


  -------         ENDDO         
  C:2AABH         LINE#         4
  C:2AABH         LINE#         5
  C:2AABH         LINE#         6
  C:2AC0H         LINE#         7
  C:2AC2H         LINE#         8
  -------         ENDPROC       _SET_PWM
  -------         PROC          _PWM_INIT
  D:0006H         SYMBOL        hz
  C:297DH         LINE#         10
  C:297DH         LINE#         11
  C:297DH         LINE#         12
  C:2983H         LINE#         13
  C:2989H         LINE#         21
  C:299AH         LINE#         22
  C:299DH         LINE#         23
  C:299FH         LINE#         25
  C:29A2H         LINE#         26
  -------         ENDPROC       _PWM_INIT
  -------         ENDMOD        PWM

  -------         MODULE        WDT
  C:0000H         SYMBOL        _ICE_DUMMY_
  D:0080H         PUBLIC        P0
  D:0090H         PUBLIC        P1
  D:00A0H         PUBLIC        P2
  D:00B0H         PUBLIC        P3
  D:00A8H         PUBLIC        IE
  D:00F8H         PUBLIC        RSTFR
  D:00BDH         PUBLIC        WDTC
  D:0098H         PUBLIC        SCON
  D:0088H         PUBLIC        TCON
  C:2B9EH         PUBLIC        clear_wdt
  D:00B8H         PUBLIC        IE1
  D:00D8H         PUBLIC        IE2
  C:2B39H         PUBLIC        _wdt_init
  D:00D0H         PUBLIC        PSW
  -------         PROC          _WDT_INIT
  D:0007H         SYMBOL        time
  C:2B39H         LINE#         4
  C:2B39H         LINE#         5
  C:2B39H         LINE#         6
  C:2B3CH         LINE#         12
  C:2B45H         LINE#         14
  -------         ENDPROC       _WDT_INIT
  -------         PROC          CLEAR_WDT
  C:2B9EH         LINE#         16
  C:2B9EH         LINE#         17
  C:2B9EH         LINE#         18
  C:2BA1H         LINE#         19
  -------         ENDPROC       CLEAR_WDT
  -------         ENDMOD        WDT

  -------         MODULE        TIMER
  C:0000H         SYMBOL        _ICE_DUMMY_
  D:0080H         PUBLIC        P0
  D:0090H         PUBLIC        P1
BL51 BANKED LINKER/LOCATER V6.22                                                      09/04/2020  18:31:49  PAGE 31


  D:00A0H         PUBLIC        P2
  D:00B0H         PUBLIC        P3
  X:00A0H         PUBLIC        over_rang_time_std
  D:00A8H         PUBLIC        IE
  D:00F8H         PUBLIC        RSTFR
  C:2A8DH         PUBLIC        _set_time_sec_val
  X:00A1H         PUBLIC        Gap_protect_std
  D:0098H         PUBLIC        SCON
  D:0089H         PUBLIC        TMOD
  D:0088H         PUBLIC        TCON
  X:00A2H         PUBLIC        time_heat
  D:00B8H         PUBLIC        IE1
  D:00D8H         PUBLIC        IE2
  X:00A4H         PUBLIC        cail_cnt
  X:00A6H         PUBLIC        heat_step
  X:00A7H         PUBLIC        Heat_start_std
  X:00A8H         PUBLIC        temp_time
  C:1827H         PUBLIC        TIMER0_Rpt
  D:008CH         PUBLIC        TH0
  X:00AAH         PUBLIC        time_sec
  D:008AH         PUBLIC        TL0
  X:00ACH         PUBLIC        time_cnt
  X:00AEH         PUBLIC        cnt_heat_time
  X:00B0H         PUBLIC        On_stay
  C:28B0H         SYMBOL        set_heat_val
  C:000EH         PUBLIC        time0_init
  D:00D0H         PUBLIC        PSW
  C:25E5H         PUBLIC        set_time_sec
  -------         PROC          _SET_TIME_SEC_VAL
  D:0006H         SYMBOL        sec
  C:2A8DH         LINE#         18
  C:2A8DH         LINE#         19
  C:2A8DH         LINE#         20
  C:2A95H         LINE#         21
  C:2A9AH         LINE#         22
  -------         ENDPROC       _SET_TIME_SEC_VAL
  -------         PROC          SET_HEAT_VAL
  C:28B0H         LINE#         26
  C:28B0H         LINE#         27
  C:28B0H         LINE#         28
  C:28B7H         LINE#         29
  C:28B7H         LINE#         30
  C:28CCH         LINE#         31
  C:28CCH         LINE#         33
  C:28D1H         LINE#         34
  C:28D7H         LINE#         36
  C:28DBH         LINE#         37
  C:28DBH         LINE#         38
  C:28DBH         LINE#         39
  -------         ENDPROC       SET_HEAT_VAL
  -------         PROC          SET_TIME_SEC
  C:25E5H         LINE#         41
  C:25E5H         LINE#         42
  C:25E5H         LINE#         43
  C:25ECH         LINE#         44
  C:25F3H         LINE#         45
  C:25F3H         LINE#         46
BL51 BANKED LINKER/LOCATER V6.22                                                      09/04/2020  18:31:49  PAGE 32


  C:25F9H         LINE#         47
  C:25F9H         LINE#         48
  C:25F9H         LINE#         49
  C:25FBH         LINE#         50
  C:25FFH         LINE#         51
  C:25FFH         LINE#         52
  C:2608H         LINE#         53
  C:2609H         LINE#         54
  C:2609H         LINE#         55
  C:260BH         LINE#         56
  C:260FH         LINE#         57
  C:260FH         LINE#         58
  C:2619H         LINE#         59
  C:261AH         LINE#         60
  C:261AH         LINE#         61
  C:261CH         LINE#         62
  C:2620H         LINE#         63
  C:2620H         LINE#         64
  C:262AH         LINE#         65
  C:262BH         LINE#         66
  C:262BH         LINE#         67
  C:262DH         LINE#         68
  C:2631H         LINE#         69
  C:2631H         LINE#         70
  C:263BH         LINE#         71
  C:263CH         LINE#         72
  C:263CH         LINE#         73
  C:263EH         LINE#         74
  C:2642H         LINE#         75
  C:2642H         LINE#         76
  C:264CH         LINE#         77
  C:2653H         LINE#         78
  C:2659H         LINE#         79
  C:2659H         LINE#         80
  -------         ENDPROC       SET_TIME_SEC
  -------         PROC          TIME0_INIT
  C:000EH         LINE#         84
  C:000EH         LINE#         85
  C:000EH         LINE#         87
  C:0013H         LINE#         88
  C:0015H         LINE#         101
  C:0018H         LINE#         102
  C:001BH         LINE#         103
  C:001EH         LINE#         104
  C:0021H         LINE#         105
  -------         ENDPROC       TIME0_INIT
  -------         PROC          TIMER0_RPT
  C:1827H         LINE#         110
  C:1844H         LINE#         112
  C:184DH         LINE#         113
  C:184DH         LINE#         114
  C:185BH         LINE#         115
  C:186DH         LINE#         116
  C:186DH         LINE#         117
  C:1870H         LINE#         119
  C:1877H         LINE#         120
  C:1877H         LINE#         121
BL51 BANKED LINKER/LOCATER V6.22                                                      09/04/2020  18:31:49  PAGE 33


  C:1885H         LINE#         122
  C:1894H         LINE#         123
  C:1894H         LINE#         124
  C:1899H         LINE#         125
  C:189FH         LINE#         126
  C:18A4H         LINE#         128
  C:18A4H         LINE#         130
  C:18A4H         LINE#         131
  C:18B3H         LINE#         132
  C:18B3H         LINE#         134
  C:18BFH         LINE#         135
  C:18C7H         LINE#         136
  C:18C7H         LINE#         138
  C:18D5H         LINE#         141
[...]
  C:1431H         LINE#         568
  C:143AH         LINE#         569
  C:143AH         LINE#         570
  C:143CH         LINE#         571
  C:143EH         LINE#         572
  C:143EH         LINE#         573
  C:144BH         LINE#         574
  C:144BH         LINE#         575
  C:144DH         LINE#         576
  C:144FH         LINE#         577
  C:144FH         LINE#         578
  C:1450H         LINE#         579
  C:1450H         LINE#         580
  C:145AH         LINE#         581
  C:145AH         LINE#         583
BL51 BANKED LINKER/LOCATER V6.22                                                      09/04/2020  18:31:49  PAGE 41


  C:145CH         LINE#         584
  C:145EH         LINE#         585
  C:145EH         LINE#         586
  C:1467H         LINE#         587
  C:1467H         LINE#         588
  C:1469H         LINE#         589
  C:146BH         LINE#         590
  C:146BH         LINE#         591
  C:1474H         LINE#         592
  C:1474H         LINE#         593
  C:1476H         LINE#         594
  C:1478H         LINE#         595
  C:1478H         LINE#         596
  C:1485H         LINE#         597
  C:1485H         LINE#         598
  C:1487H         LINE#         599
  C:1489H         LINE#         600
  C:1489H         LINE#         601
  C:148AH         LINE#         602
  C:148AH         LINE#         603
  C:1494H         LINE#         604
  C:1494H         LINE#         606
  C:1496H         LINE#         607
  C:1498H         LINE#         608
  C:1498H         LINE#         609
  C:14A1H         LINE#         610
  C:14A1H         LINE#         611
  C:14A3H         LINE#         612
  C:14A5H         LINE#         613
  C:14A5H         LINE#         614
  C:14AEH         LINE#         615
  C:14AEH         LINE#         616
  C:14B0H         LINE#         617
  C:14B2H         LINE#         618
  C:14B2H         LINE#         619
  C:14BCH         LINE#         620
  C:14BCH         LINE#         621
  C:14BEH         LINE#         622
  C:14C0H         LINE#         623
  C:14C0H         LINE#         624
  C:14C1H         LINE#         625
  C:14C1H         LINE#         626
  C:14CBH         LINE#         627
  C:14CBH         LINE#         629
  C:14CDH         LINE#         630
  C:14CFH         LINE#         631
  C:14CFH         LINE#         632
  C:14D8H         LINE#         633
  C:14D8H         LINE#         634
  C:14DAH         LINE#         635
  C:14DCH         LINE#         636
  C:14DCH         LINE#         637
  C:14E5H         LINE#         638
  C:14E5H         LINE#         639
  C:14E7H         LINE#         640
  C:14E9H         LINE#         641
  C:14E9H         LINE#         642
BL51 BANKED LINKER/LOCATER V6.22                                                      09/04/2020  18:31:49  PAGE 42


  C:14F3H         LINE#         643
  C:14F3H         LINE#         644
  C:14F5H         LINE#         645
  C:14F7H         LINE#         646
  C:14F7H         LINE#         647
  C:14F8H         LINE#         648
  C:14F8H         LINE#         649
  C:14FAH         LINE#         650
  C:14FCH         LINE#         651
  C:14FEH         LINE#         652
  C:1500H         LINE#         653
  C:1502H         LINE#         654
  C:1503H         LINE#         655
  C:1503H         LINE#         656
  C:1505H         LINE#         657
  C:1507H         LINE#         658
  C:1509H         LINE#         659
  C:150BH         LINE#         660
  C:150DH         LINE#         661
  C:150DH         LINE#         662
  C:150DH         LINE#         664
  -------         ENDPROC       _SET_GAP
  C:1512H         SYMBOL        L?0205
  C:1514H         SYMBOL        L?0206
  C:1516H         SYMBOL        L?0207
  -------         PROC          L?0204
  -------         ENDPROC       L?0204
  C:1512H         SYMBOL        L?0205
  C:1514H         SYMBOL        L?0206
  C:1516H         SYMBOL        L?0207
  -------         PROC          _SET_TIME
  D:0007H         SYMBOL        number
  C:151BH         LINE#         666
  C:151BH         LINE#         667
  C:151BH         LINE#         668
  C:153EH         LINE#         669
  C:153EH         LINE#         670
  C:153EH         LINE#         671
  C:1548H         LINE#         672
  C:1548H         LINE#         673
  C:154AH         LINE#         674
  C:154CH         LINE#         675
  C:154EH         LINE#         676
  C:154EH         LINE#         677
  C:1557H         LINE#         678
  C:1557H         LINE#         679
  C:1559H         LINE#         680
  C:155BH         LINE#         681
  C:155DH         LINE#         682
  C:155DH         LINE#         683
  C:1566H         LINE#         684
  C:1566H         LINE#         685
  C:1568H         LINE#         686
  C:156AH         LINE#         687
  C:156CH         LINE#         688
  C:156CH         LINE#         689
  C:1579H         LINE#         690
BL51 BANKED LINKER/LOCATER V6.22                                                      09/04/2020  18:31:49  PAGE 43


  C:1579H         LINE#         691
  C:1579H         LINE#         692
  C:1579H         LINE#         693
  C:1579H         LINE#         694
  C:1579H         LINE#         696
  C:157CH         LINE#         697
  C:157CH         LINE#         698
  C:1586H         LINE#         699
  C:1586H         LINE#         700
  C:1588H         LINE#         701
  C:158AH         LINE#         702
  C:158CH         LINE#         703
  C:158CH         LINE#         704
  C:1595H         LINE#         705
  C:1595H         LINE#         706
  C:1597H         LINE#         707
  C:1599H         LINE#         708
  C:159BH         LINE#         709
  C:159BH         LINE#         710
  C:15A4H         LINE#         711
  C:15A4H         LINE#         712
  C:15A6H         LINE#         713
  C:15A8H         LINE#         714
  C:15AAH         LINE#         715
  C:15AAH         LINE#         716
  C:15B7H         LINE#         717
  C:15B7H         LINE#         718
  C:15B7H         LINE#         719
  C:15B7H         LINE#         720
  C:15B7H         LINE#         721
  C:15B7H         LINE#         722
  C:15BAH         LINE#         724
  C:15BAH         LINE#         725
  C:15C4H         LINE#         726
  C:15C4H         LINE#         727
  C:15C6H         LINE#         728
  C:15C8H         LINE#         729
  C:15CAH         LINE#         730
  C:15CAH         LINE#         731
  C:15D3H         LINE#         732
  C:15D3H         LINE#         733
  C:15D5H         LINE#         734
  C:15D7H         LINE#         735
  C:15D9H         LINE#         736
  C:15D9H         LINE#         737
  C:15E2H         LINE#         738
  C:15E2H         LINE#         739
  C:15E4H         LINE#         740
  C:15E6H         LINE#         741
  C:15E8H         LINE#         742
  C:15E8H         LINE#         743
  C:15F5H         LINE#         744
  C:15F5H         LINE#         745
  C:15F5H         LINE#         746
  C:15F5H         LINE#         747
  C:15F5H         LINE#         748
  C:15F5H         LINE#         749
BL51 BANKED LINKER/LOCATER V6.22                                                      09/04/2020  18:31:49  PAGE 44


  C:15F8H         LINE#         751
  C:15F8H         LINE#         752
  C:1602H         LINE#         753
  C:1602H         LINE#         754
  C:1604H         LINE#         755
  C:1606H         LINE#         756
  C:1608H         LINE#         757
  C:1608H         LINE#         758
  C:1611H         LINE#         759
  C:1611H         LINE#         760
  C:1613H         LINE#         761
  C:1615H         LINE#         762
  C:1617H         LINE#         763
  C:1617H         LINE#         764
  C:1620H         LINE#         765
  C:1620H         LINE#         766
  C:1622H         LINE#         767
  C:1624H         LINE#         768
  C:1626H         LINE#         769
  C:1626H         LINE#         770
  C:1630H         LINE#         771
  C:1630H         LINE#         772
  C:1630H         LINE#         773
  C:1630H         LINE#         774
  C:1630H         LINE#         775
  C:1630H         LINE#         776
  C:1632H         LINE#         777
  C:1632H         LINE#         778
  C:163CH         LINE#         779
  C:163CH         LINE#         780
  C:163EH         LINE#         781
  C:1640H         LINE#         782
  C:1642H         LINE#         783
  C:1642H         LINE#         784
  C:164BH         LINE#         785
  C:164BH         LINE#         786
  C:164DH         LINE#         787
  C:164FH         LINE#         788
  C:1651H         LINE#         789
  C:1651H         LINE#         790
  C:165AH         LINE#         791
  C:165AH         LINE#         792
  C:165CH         LINE#         793
  C:165EH         LINE#         794
  C:1660H         LINE#         795
  C:1660H         LINE#         796
  C:166AH         LINE#         797
  C:166AH         LINE#         798
  C:166AH         LINE#         799
  C:166AH         LINE#         800
  C:166AH         LINE#         801
  C:166AH         LINE#         802
  C:166CH         LINE#         803
  C:166CH         LINE#         804
  C:1676H         LINE#         805
  C:1676H         LINE#         806
  C:1678H         LINE#         807
BL51 BANKED LINKER/LOCATER V6.22                                                      09/04/2020  18:31:49  PAGE 45


  C:167AH         LINE#         808
  C:167CH         LINE#         809
  C:167CH         LINE#         810
  C:1685H         LINE#         811
  C:1685H         LINE#         812
  C:1687H         LINE#         813
  C:1689H         LINE#         814
  C:168BH         LINE#         815
  C:168BH         LINE#         816
  C:1694H         LINE#         817
  C:1694H         LINE#         818
  C:1696H         LINE#         819
  C:1698H         LINE#         820
  C:169AH         LINE#         821
  C:169AH         LINE#         822
  C:16A3H         LINE#         823
  C:16A3H         LINE#         824
  C:16A5H         LINE#         825
  C:16A7H         LINE#         826
  C:16A9H         LINE#         827
  C:16A9H         LINE#         828
  C:16A9H         LINE#         829
  C:16A9H         LINE#         831
  -------         ENDPROC       _SET_TIME
  -------         ENDMOD        LCDDISPLAY

  -------         MODULE        PID
  C:0000H         SYMBOL        _ICE_DUMMY_
  D:0080H         PUBLIC        P0
  D:0090H         PUBLIC        P1
  D:00A0H         PUBLIC        P2
  D:00B0H         PUBLIC        P3
  D:00A8H         PUBLIC        IE
  D:00F8H         PUBLIC        RSTFR
  X:0087H         PUBLIC        spid
  D:0098H         PUBLIC        SCON
  D:0088H         PUBLIC        TCON
  D:00B8H         PUBLIC        IE1
  D:00D8H         PUBLIC        IE2
  C:2B52H         SYMBOL        _?ix1000
  C:2A11H         PUBLIC        PID_Init
  X:009FH         PUBLIC        PID_RunFlag
  C:0E33H         PUBLIC        PID_Operation
  D:00D0H         PUBLIC        PSW
  -------         PROC          PID_INIT
  C:2A11H         LINE#         14
  C:2A11H         LINE#         15
  C:2A11H         LINE#         16
  C:2A18H         LINE#         17
  C:2A1EH         LINE#         18
  C:2A22H         LINE#         20
  C:2A27H         LINE#         21
  C:2A2BH         LINE#         22
  C:2A30H         LINE#         23
  -------         ENDPROC       PID_INIT
  -------         PROC          PID_OPERATION
  -------         DO            
BL51 BANKED LINKER/LOCATER V6.22                                                      09/04/2020  18:31:49  PAGE 46


  X:0006H         SYMBOL        temp
  X:0012H         SYMBOL        PostSum
  X:0016H         SYMBOL        NegSum
  -------         ENDDO         
  C:0E33H         LINE#         33
  C:0E33H         LINE#         34
  C:0E33H         LINE#         35
  C:0E46H         LINE#         36
  C:0E50H         LINE#         37
  C:0E5AH         LINE#         38
  C:0E73H         LINE#         39
  C:0E73H         LINE#         40
  C:0E82H         LINE#         41
  C:0E82H         LINE#         42
  C:0E82H         LINE#         43
  C:0E85H         LINE#         45
  C:0E85H         LINE#         46
  C:0E8EH         LINE#         47
  C:0E93H         LINE#         49
  C:0EA5H         LINE#         50
  C:0EB7H         LINE#         51
  C:0ECBH         LINE#         53
  C:0EEDH         LINE#         54
  C:0EEDH         LINE#         55
  C:0F19H         LINE#         56
  C:0F1EH         LINE#         57
  C:0F20H         LINE#         59
  C:0F20H         LINE#         60
  C:0F4BH         LINE#         61
  C:0F51H         LINE#         62
  C:0F51H         LINE#         64
  C:0F6EH         LINE#         65
  C:0FA8H         LINE#         66
  C:0FA8H         LINE#         67
  C:0FECH         LINE#         68
  C:0FF1H         LINE#         69
  C:0FF3H         LINE#         71
  C:0FF3H         LINE#         72
  C:104AH         LINE#         73
  C:1050H         LINE#         74
  C:1050H         LINE#         76
  C:1070H         LINE#         77
  C:1090H         LINE#         78
  C:10B0H         LINE#         81
  C:10B6H         LINE#         82
  C:10B6H         LINE#         83
  C:10E1H         LINE#         84
  C:10E3H         LINE#         86
  C:10E3H         LINE#         87
  C:1111H         LINE#         88
  C:1111H         LINE#         90
  C:1117H         LINE#         91
  C:1117H         LINE#         92
  C:1145H         LINE#         93
  C:1145H         LINE#         96
  C:114BH         LINE#         97
  C:114BH         LINE#         98
BL51 BANKED LINKER/LOCATER V6.22                                                      09/04/2020  18:31:49  PAGE 47


  C:1174H         LINE#         99
  C:1176H         LINE#         101
  C:1176H         LINE#         102
  C:11A4H         LINE#         103
  C:11A4H         LINE#         105
  C:11CFH         LINE#         106
  C:11F1H         LINE#         107
  C:11F1H         LINE#         108
  C:121DH         LINE#         109
  C:1237H         LINE#         110
  C:1237H         LINE#         111
  C:1248H         LINE#         112
  C:1249H         LINE#         114
  C:1249H         LINE#         115
  C:1252H         LINE#         116
  C:1252H         LINE#         117
  C:1253H         LINE#         126
  C:1253H         LINE#         127
  C:125AH         LINE#         128
  C:125AH         LINE#         129
  -------         ENDPROC       PID_OPERATION
  -------         ENDMOD        PID

  -------         MODULE        ?C?FPADD
  C:002DH         PUBLIC        ?C?FPADD
  C:0029H         PUBLIC        ?C?FPSUB
  -------         ENDMOD        ?C?FPADD

  -------         MODULE        ?C?FPMUL
  C:011EH         PUBLIC        ?C?FPMUL
  -------         ENDMOD        ?C?FPMUL

  -------         MODULE        ?C?FPDIV
  C:0227H         PUBLIC        ?C?FPDIV
  -------         ENDMOD        ?C?FPDIV

  -------         MODULE        ?C?FPCMP
  C:02C6H         PUBLIC        ?C?FPCMP
  C:02C4H         PUBLIC        ?C?FPCMP3
  -------         ENDMOD        ?C?FPCMP

  -------         MODULE        ?C?FCAST
  C:0347H         PUBLIC        ?C?FCASTC
  C:0342H         PUBLIC        ?C?FCASTI
  C:033DH         PUBLIC        ?C?FCASTL
  -------         ENDMOD        ?C?FCAST

  -------         MODULE        ?C?CASTF
  C:037BH         PUBLIC        ?C?CASTF
  -------         ENDMOD        ?C?CASTF

  -------         MODULE        PRINTF
  X:0036H         PUBLIC        ?_PRINTF?BYTE
  X:0036H         PUBLIC        ?_SPRINTF?BYTE
  C:0A1BH         PUBLIC        _PRINTF
  C:0A15H         PUBLIC        _SPRINTF
  -------         ENDMOD        PRINTF
BL51 BANKED LINKER/LOCATER V6.22                                                      09/04/2020  18:31:49  PAGE 48



  -------         MODULE        ?C?FPROUND
  C:03FCH         PUBLIC        ?C?FPROUND
  -------         ENDMOD        ?C?FPROUND

  -------         MODULE        ?C?FPCONVERT
  C:0439H         PUBLIC        ?C?FPCONVERT
  -------         ENDMOD        ?C?FPCONVERT

  -------         MODULE        ?C?FTNPWR
  C:056EH         PUBLIC        ?C?FTNPWR
  -------         ENDMOD        ?C?FTNPWR

  -------         MODULE        ?C?COPY
  C:067EH         PUBLIC        ?C?COPY
  -------         ENDMOD        ?C?COPY

  -------         MODULE        ?C?CLDPTR
  C:06A4H         PUBLIC        ?C?CLDPTR
  -------         ENDMOD        ?C?CLDPTR

  -------         MODULE        ?C?CLDOPTR
  C:06BDH         PUBLIC        ?C?CLDOPTR
  -------         ENDMOD        ?C?CLDOPTR

  -------         MODULE        ?C?CSTPTR
  C:06EAH         PUBLIC        ?C?CSTPTR
  -------         ENDMOD        ?C?CSTPTR

  -------         MODULE        ?C?IMUL
  C:06FCH         PUBLIC        ?C?IMUL
  -------         ENDMOD        ?C?IMUL

  -------         MODULE        ?C?UIDIV
  C:070EH         PUBLIC        ?C?UIDIV
  -------         ENDMOD        ?C?UIDIV

  -------         MODULE        ?C?IILDX
  C:0763H         PUBLIC        ?C?IILDX
  -------         ENDMOD        ?C?IILDX

  -------         MODULE        ?C?ILDIX
  C:0779H         PUBLIC        ?C?ILDIX
  -------         ENDMOD        ?C?ILDIX

  -------         MODULE        ?C?ISTPTR
  C:078FH         PUBLIC        ?C?ISTPTR
  -------         ENDMOD        ?C?ISTPTR

  -------         MODULE        ?C?LMUL
  C:07AEH         PUBLIC        ?C?LMUL
  -------         ENDMOD        ?C?LMUL

  -------         MODULE        ?C?ULDIV
  C:0839H         PUBLIC        ?C?ULDIV
  -------         ENDMOD        ?C?ULDIV

BL51 BANKED LINKER/LOCATER V6.22                                                      09/04/2020  18:31:49  PAGE 49


  -------         MODULE        ?C?LNEG
  C:08CBH         PUBLIC        ?C?LNEG
  -------         ENDMOD        ?C?LNEG

  -------         MODULE        ?C?SLCMP
  C:08D9H         PUBLIC        ?C?SLCMP
  -------         ENDMOD        ?C?SLCMP

  -------         MODULE        ?C?ULCMP
  C:08EFH         PUBLIC        ?C?ULCMP
  -------         ENDMOD        ?C?ULCMP

  -------         MODULE        ?C?LSTXDATA
  C:0900H         PUBLIC        ?C?LSTXDATA
  -------         ENDMOD        ?C?LSTXDATA

  -------         MODULE        ?C?LSTKXDATA
  C:090CH         PUBLIC        ?C?LSTKXDATA
  -------         ENDMOD        ?C?LSTKXDATA

  -------         MODULE        ?C?PLDIXDATA
  C:093DH         PUBLIC        ?C?PLDIXDATA
  -------         ENDMOD        ?C?PLDIXDATA

  -------         MODULE        ?C?PSTXDATA
  C:0954H         PUBLIC        ?C?PSTXDATA
  -------         ENDMOD        ?C?PSTXDATA

  -------         MODULE        ?C?CCASE
  C:095DH         PUBLIC        ?C?CCASE
  -------         ENDMOD        ?C?CCASE

  -------         MODULE        ?C?LIMUL
  C:0983H         PUBLIC        ?C?LIMUL
  -------         ENDMOD        ?C?LIMUL

*** WARNING L16: UNCALLED SEGMENT, IGNORED FOR OVERLAY PROCESS
    SEGMENT: ?PR?_SET_TIME_SEC_VAL?TIMER

*** WARNING L15: MULTIPLE CALL TO SEGMENT
    SEGMENT: ?PR?PRINTF?PRINTF
    CALLER1: ?C_C51STARTUP
    CALLER2: ?PR?TIMER0_RPT?TIMER

*** WARNING L1: UNRESOLVED EXTERNAL SYMBOL
    SYMBOL:  _HAL_UART_PUTCHAR
    MODULE:  .\Objects\main.obj (MAIN)

*** WARNING L2: REFERENCE MADE TO UNRESOLVED EXTERNAL
    SYMBOL:  _HAL_UART_PUTCHAR
    MODULE:  .\Objects\main.obj (MAIN)
    ADDRESS: 2262H

Program Size: data=21.2 xdata=327 code=11172
LINK/LOCATE RUN COMPLETE.  4 WARNING(S),  0 ERROR(S)
