BL51 BANKED LINKER/LOCATER V6.22                                                        08/26/2020  19:34:26  PAGE 1


BL51 BANKED LINKER/LOCATER V6.22, INVOKED BY:
C:\PROGRAM_LIST\KEIL\C51\BIN\BL51.EXE .\Objects\STARTUP.obj, .\Objects\main.obj, .\Objects\delay.obj, .\Objects\adc.obj,
>>  .\Objects\flash.obj, .\Objects\uart.obj, .\Objects\key.obj, .\Objects\pwm.obj, .\Objects\wdt.obj, .\Objects\timer.ob
>> j, .\Objects\lcddisplay.obj, .\Objects\PID.obj TO .\Objects\K8104_hex PRINT (.\Listings\K8104_hex.m51) RAMSIZE (256)


MEMORY MODEL: LARGE WITH FLOATING POINT ARITHMETIC


INPUT MODULES INCLUDED:
  .\Objects\STARTUP.obj (?C_STARTUP)
  .\Objects\main.obj (MAIN)
  .\Objects\delay.obj (DELAY)
  .\Objects\adc.obj (ADC)
  .\Objects\flash.obj (FLASH)
  .\Objects\uart.obj (UART)
  .\Objects\key.obj (KEY)
  .\Objects\pwm.obj (PWM)
  .\Objects\wdt.obj (WDT)
  .\Objects\timer.obj (TIMER)
  .\Objects\lcddisplay.obj (LCDDISPLAY)
  .\Objects\PID.obj (PID)
  C:\PROGRAM_LIST\KEIL\C51\LIB\C51FPL.LIB (?C?FPADD)
  C:\PROGRAM_LIST\KEIL\C51\LIB\C51FPL.LIB (?C?FPMUL)
  C:\PROGRAM_LIST\KEIL\C51\LIB\C51FPL.LIB (?C?FPDIV)
  C:\PROGRAM_LIST\KEIL\C51\LIB\C51FPL.LIB (?C?FPCMP)
  C:\PROGRAM_LIST\KEIL\C51\LIB\C51FPL.LIB (?C?FCAST)
  C:\PROGRAM_LIST\KEIL\C51\LIB\C51FPL.LIB (?C?CASTF)
  C:\PROGRAM_LIST\KEIL\C51\LIB\C51FPL.LIB (PRINTF)
  C:\PROGRAM_LIST\KEIL\C51\LIB\C51FPL.LIB (?C?FPGETOPN)
  C:\PROGRAM_LIST\KEIL\C51\LIB\C51FPL.LIB (?C?FPROUND)
  C:\PROGRAM_LIST\KEIL\C51\LIB\C51FPL.LIB (?C?FPCONVERT)
  C:\PROGRAM_LIST\KEIL\C51\LIB\C51FPL.LIB (?C?FTNPWR)
  C:\PROGRAM_LIST\KEIL\C51\LIB\C51L.LIB (?C_INIT)
  C:\PROGRAM_LIST\KEIL\C51\LIB\C51L.LIB (?C?COPY)
  C:\PROGRAM_LIST\KEIL\C51\LIB\C51L.LIB (?C?CLDPTR)
  C:\PROGRAM_LIST\KEIL\C51\LIB\C51L.LIB (?C?CLDOPTR)
  C:\PROGRAM_LIST\KEIL\C51\LIB\C51L.LIB (?C?CSTPTR)
  C:\PROGRAM_LIST\KEIL\C51\LIB\C51L.LIB (?C?IMUL)
  C:\PROGRAM_LIST\KEIL\C51\LIB\C51L.LIB (?C?UIDIV)
  C:\PROGRAM_LIST\KEIL\C51\LIB\C51L.LIB (?C?IILDX)
  C:\PROGRAM_LIST\KEIL\C51\LIB\C51L.LIB (?C?ILDIX)
  C:\PROGRAM_LIST\KEIL\C51\LIB\C51L.LIB (?C?ISTPTR)
  C:\PROGRAM_LIST\KEIL\C51\LIB\C51L.LIB (?C?LMUL)
  C:\PROGRAM_LIST\KEIL\C51\LIB\C51L.LIB (?C?ULDIV)
  C:\PROGRAM_LIST\KEIL\C51\LIB\C51L.LIB (?C?LNEG)
  C:\PROGRAM_LIST\KEIL\C51\LIB\C51L.LIB (?C?SLCMP)
  C:\PROGRAM_LIST\KEIL\C51\LIB\C51L.LIB (?C?ULCMP)
  C:\PROGRAM_LIST\KEIL\C51\LIB\C51L.LIB (?C?LSTXDATA)
  C:\PROGRAM_LIST\KEIL\C51\LIB\C51L.LIB (?C?LSTKXDATA)
  C:\PROGRAM_LIST\KEIL\C51\LIB\C51L.LIB (?C?PLDIXDATA)
  C:\PROGRAM_LIST\KEIL\C51\LIB\C51L.LIB (?C?PSTXDATA)
  C:\PROGRAM_LIST\KEIL\C51\LIB\C51L.LIB (?C?CCASE)
  C:\PROGRAM_LIST\KEIL\C51\LIB\C51L.LIB (?C?LIMUL)


LINK MAP OF MODULE:  .\Objects\K8104_hex (?C_STARTUP)

BL51 BANKED LINKER/LOCATER V6.22                                                      08/26/2020  19:34:26  PAGE 2



            TYPE    BASE      LENGTH    RELOCATION   SEGMENT NAME
            -----------------------------------------------------

            * * * * * * *   D A T A   M E M O R Y   * * * * * * *
            REG     0000H     0008H     ABSOLUTE     "REG BANK 0"
            DATA    0008H     000AH     UNIT         _DATA_GROUP_
                    0012H     000EH                  *** GAP ***
            BIT     0020H.0   0002H.2   UNIT         _BIT_GROUP_
                    0022H.2   0000H.6                *** GAP ***
            IDATA   0023H     0001H     UNIT         ?STACK

            * * * * * * *  X D A T A   M E M O R Y  * * * * * * *
            XDATA   0000H     0061H     UNIT         _XDATA_GROUP_
            XDATA   0061H     0019H     UNIT         ?XD?PID
            XDATA   007AH     000FH     UNIT         ?XD?TIMER
            XDATA   0089H     0009H     UNIT         ?XD?FLASH
            XDATA   0092H     0006H     UNIT         ?XD?KEY
            XDATA   0098H     0005H     UNIT         ?XD?LCDDISPLAY
            XDATA   009DH     0004H     UNIT         ?XD?MAIN
            XDATA   00A1H     0001H     UNIT         ?XD?PWM
                    00A2H     FDD2H                  *** GAP ***
            XDATA   FE74H     0001H     ABSOLUTE     
            XDATA   FE75H     0001H     ABSOLUTE     
            XDATA   FE76H     0001H     ABSOLUTE     
            XDATA   FE77H     0001H     ABSOLUTE     
                    FE78H     0008H                  *** GAP ***
            XDATA   FE80H     0001H     ABSOLUTE     
                    FE81H     0004H                  *** GAP ***
            XDATA   FE85H     0001H     ABSOLUTE     
                    FE86H     0002H                  *** GAP ***
            XDATA   FE88H     0001H     ABSOLUTE     
            XDATA   FE89H     0001H     ABSOLUTE     
            XDATA   FE8AH     0001H     ABSOLUTE     
                    FE8BH     0006H                  *** GAP ***
            XDATA   FE91H     0001H     ABSOLUTE     
            XDATA   FE92H     0001H     ABSOLUTE     
            XDATA   FE93H     0001H     ABSOLUTE     
            XDATA   FE94H     0001H     ABSOLUTE     
            XDATA   FE95H     0001H     ABSOLUTE     
                    FE96H     0005H                  *** GAP ***
            XDATA   FE9BH     0001H     ABSOLUTE     
                    FE9CH     0004H                  *** GAP ***
            XDATA   FEA0H     0001H     ABSOLUTE     
                    FEA1H     0001H                  *** GAP ***
            XDATA   FEA2H     0001H     ABSOLUTE     
                    FEA3H     0001H                  *** GAP ***
            XDATA   FEA4H     0001H     ABSOLUTE     
            XDATA   FEA5H     0001H     ABSOLUTE     
                    FEA6H     0001H                  *** GAP ***
            XDATA   FEA7H     0001H     ABSOLUTE     
                    FEA8H     0002H                  *** GAP ***
            XDATA   FEAAH     0001H     ABSOLUTE     
                    FEABH     0005H                  *** GAP ***
            XDATA   FEB0H     0001H     ABSOLUTE     
            XDATA   FEB1H     0001H     ABSOLUTE     
            XDATA   FEB2H     0001H     ABSOLUTE     
BL51 BANKED LINKER/LOCATER V6.22                                                      08/26/2020  19:34:26  PAGE 3


            XDATA   FEB3H     0001H     ABSOLUTE     
            XDATA   FEB4H     0001H     ABSOLUTE     
                    FEB5H     0003H                  *** GAP ***
            XDATA   FEB8H     0001H     ABSOLUTE     
            XDATA   FEB9H     0001H     ABSOLUTE     
            XDATA   FEBAH     0001H     ABSOLUTE     
                    FEBBH     0001H                  *** GAP ***
            XDATA   FEBCH     0001H     ABSOLUTE     
            XDATA   FEBDH     0001H     ABSOLUTE     
            XDATA   FEBEH     0001H     ABSOLUTE     
                    FEBFH     0001H                  *** GAP ***
            XDATA   FEC0H     0001H     ABSOLUTE     
                    FEC1H     000FH                  *** GAP ***
            XDATA   FED0H     0001H     ABSOLUTE     
            XDATA   FED1H     0001H     ABSOLUTE     
            XDATA   FED2H     0001H     ABSOLUTE     
            XDATA   FED3H     0001H     ABSOLUTE     
                    FED4H     000CH                  *** GAP ***
            XDATA   FEE0H     0002H     ABSOLUTE     
            XDATA   FEE2H     0002H     ABSOLUTE     
            XDATA   FEE4H     0002H     ABSOLUTE     
            XDATA   FEE6H     0002H     ABSOLUTE     
            XDATA   FEE8H     0002H     ABSOLUTE     
            XDATA   FEEAH     0002H     ABSOLUTE     
            XDATA   FEECH     0002H     ABSOLUTE     
            XDATA   FEEEH     0002H     ABSOLUTE     
                    FEF0H     0010H                  *** GAP ***
            XDATA   FF00H     0001H     ABSOLUTE     
            XDATA   FF01H     0001H     ABSOLUTE     
            XDATA   FF02H     0001H     ABSOLUTE     
            XDATA   FF03H     0001H     ABSOLUTE     
            XDATA   FF04H     0001H     ABSOLUTE     
            XDATA   FF05H     0001H     ABSOLUTE     
            XDATA   FF06H     0001H     ABSOLUTE     
            XDATA   FF07H     0001H     ABSOLUTE     
            XDATA   FF08H     0001H     ABSOLUTE     
            XDATA   FF09H     0001H     ABSOLUTE     
            XDATA   FF0AH     0001H     ABSOLUTE     
            XDATA   FF0BH     0001H     ABSOLUTE     
            XDATA   FF0CH     0001H     ABSOLUTE     
            XDATA   FF0DH     0001H     ABSOLUTE     
            XDATA   FF0EH     0001H     ABSOLUTE     
            XDATA   FF0FH     0001H     ABSOLUTE     
            XDATA   FF10H     0001H     ABSOLUTE     
            XDATA   FF11H     0001H     ABSOLUTE     
            XDATA   FF12H     0001H     ABSOLUTE     
            XDATA   FF13H     0001H     ABSOLUTE     
            XDATA   FF14H     0001H     ABSOLUTE     
            XDATA   FF15H     0001H     ABSOLUTE     
            XDATA   FF16H     0001H     ABSOLUTE     
            XDATA   FF17H     0001H     ABSOLUTE     
            XDATA   FF18H     0001H     ABSOLUTE     
            XDATA   FF19H     0001H     ABSOLUTE     
            XDATA   FF1AH     0001H     ABSOLUTE     
            XDATA   FF1BH     0001H     ABSOLUTE     
            XDATA   FF1CH     0001H     ABSOLUTE     
            XDATA   FF1DH     0001H     ABSOLUTE     
BL51 BANKED LINKER/LOCATER V6.22                                                      08/26/2020  19:34:26  PAGE 4


                    FF1EH     0022H                  *** GAP ***
            XDATA   FF40H     0001H     ABSOLUTE     
            XDATA   FF41H     0001H     ABSOLUTE     
            XDATA   FF42H     0001H     ABSOLUTE     
                    FF43H     001DH                  *** GAP ***
            XDATA   FF60H     0001H     ABSOLUTE     
            XDATA   FF61H     0001H     ABSOLUTE     
            XDATA   FF62H     0001H     ABSOLUTE     
            XDATA   FF63H     0001H     ABSOLUTE     
                    FF64H     0004H                  *** GAP ***
            XDATA   FF68H     0001H     ABSOLUTE     
            XDATA   FF69H     0001H     ABSOLUTE     
            XDATA   FF6AH     0001H     ABSOLUTE     
            XDATA   FF6BH     0001H     ABSOLUTE     
                    FF6CH     0014H                  *** GAP ***
            XDATA   FF80H     0001H     ABSOLUTE     
            XDATA   FF81H     0001H     ABSOLUTE     
                    FF82H     0001H                  *** GAP ***
            XDATA   FF83H     0001H     ABSOLUTE     
            XDATA   FF84H     0001H     ABSOLUTE     
            XDATA   FF85H     0001H     ABSOLUTE     
                    FF86H     0009H                  *** GAP ***
            XDATA   FF8FH     0001H     ABSOLUTE     
            XDATA   FF90H     0001H     ABSOLUTE     
            XDATA   FF91H     0001H     ABSOLUTE     
                    FF92H     0002H                  *** GAP ***
            XDATA   FF94H     0001H     ABSOLUTE     
            XDATA   FF95H     0001H     ABSOLUTE     
                    FF96H     0002H                  *** GAP ***
            XDATA   FF98H     0001H     ABSOLUTE     
            XDATA   FF99H     0001H     ABSOLUTE     
                    FF9AH     0002H                  *** GAP ***
            XDATA   FF9CH     0001H     ABSOLUTE     
                    FF9DH     0003H                  *** GAP ***
            XDATA   FFA0H     0001H     ABSOLUTE     
            XDATA   FFA1H     0001H     ABSOLUTE     
            XDATA   FFA2H     0001H     ABSOLUTE     
            XDATA   FFA3H     0001H     ABSOLUTE     
            XDATA   FFA4H     0001H     ABSOLUTE     
            XDATA   FFA5H     0001H     ABSOLUTE     
            XDATA   FFA6H     0001H     ABSOLUTE     
            XDATA   FFA7H     0001H     ABSOLUTE     
            XDATA   FFA8H     0001H     ABSOLUTE     
            XDATA   FFA9H     0001H     ABSOLUTE     

            * * * * * * *   C O D E   M E M O R Y   * * * * * * *
            CODE    0000H     0003H     ABSOLUTE     
            CODE    0003H     0008H     UNIT         ?PR?_FLASH_READ_ADDR?FLASH
            CODE    000BH     0003H     ABSOLUTE     
            CODE    000EH     098AH     UNIT         ?C?LIB_CODE
            CODE    0998H     0483H     UNIT         ?PR?PRINTF?PRINTF
            CODE    0E1BH     0428H     UNIT         ?PR?PID_OPERATION?PID
            CODE    1243H     02B3H     UNIT         ?PR?_SET_GAP?LCDDISPLAY
            CODE    14F6H     019CH     UNIT         ?PR?_SET_TIME?LCDDISPLAY
            CODE    1692H     017DH     UNIT         ?PR?_TEMP_CALC?MAIN
            CODE    180FH     0135H     UNIT         ?PR?_GET_VOLTAGE?ADC
            CODE    1944H     011CH     UNIT         ?PR?TIMER0_RPT?TIMER
BL51 BANKED LINKER/LOCATER V6.22                                                      08/26/2020  19:34:26  PAGE 5


            CODE    1A60H     0116H     UNIT         ?PR?FLASH_INIT?FLASH
            CODE    1B76H     00FFH     UNIT         ?PR?TEMPERATURE_HANDLE?MAIN
            CODE    1C75H     00E2H     UNIT         ?CO?FLASH
            CODE    1D57H     00D9H     UNIT         ?PR?LCD_DISPLAY?LCDDISPLAY
            CODE    1E30H     00D7H     UNIT         ?PR?KEY_HANDLE?MAIN
            CODE    1F07H     00C1H     UNIT         ?PR?MAIN?MAIN
            CODE    1FC8H     00BBH     UNIT         ?CO?MAIN
            CODE    2083H     00B7H     UNIT         ?PR?KEY_DRIVER?KEY
            CODE    213AH     0099H     UNIT         ?PR?SET_TEMP?MAIN
            CODE    21D3H     0091H     UNIT         ?PR?DETECTION_INPUT_VOLTAGE?ADC
            CODE    2264H     008CH     UNIT         ?C_C51STARTUP
            CODE    22F0H     008CH     UNIT         ?PR?SET_TIME_SEC?TIMER
            CODE    237CH     0076H     UNIT         ?C_INITSEG
            CODE    23F2H     006DH     UNIT         ?PR?_FLASH_WRITEARR?FLASH
            CODE    245FH     0052H     UNIT         ?PR?KEY_SCAN?KEY
            CODE    24B1H     0040H     UNIT         ?PR?_FLASH_READARR?FLASH
            CODE    24F1H     0034H     UNIT         ?PR?CONTROLL_HEAT?MAIN
            CODE    2525H     0033H     UNIT         ?PR?CHECK_FLASH?FLASH
            CODE    2558H     0033H     UNIT         ?CO?TIMER
            CODE    258BH     002AH     UNIT         ?PR?SET_HEAT_VAL?TIMER
            CODE    25B5H     002AH     UNIT         ?PR?LCD_INIT?LCDDISPLAY
            CODE    25DFH     0029H     UNIT         ?PR?UART_INIT?UART
            CODE    2608H     0028H     UNIT         ?PR?_FLASH_WRITEDATA?FLASH
            CODE    2630H     0026H     UNIT         ?PR?FLAH_SAVE_DATA?FLASH
            CODE    2656H     0026H     UNIT         ?PR?_PWM_INIT?PWM
            CODE    267CH     0026H     UNIT         ?PR?LCD_ERROR?LCDDISPLAY
            CODE    26A2H     0022H     UNIT         ?PR?_FLASH_ERASEBLOCK?FLASH
            CODE    26C4H     0020H     UNIT         ?PR?PID_INIT?PID
            CODE    26E4H     001FH     UNIT         ?PR?ADC_INIT?ADC
            CODE    2703H     001EH     UNIT         ?PR?DETECTION_INPUT?MAIN
            CODE    2721H     001EH     UNIT         ?PR?_SET_TIME_SEC_VAL?TIMER
            CODE    273FH     0018H     UNIT         ?PR?_SET_PWM?PWM
            CODE    2757H     0017H     UNIT         ?PR?_DELAY_MS?DELAY
            CODE    276EH     0016H     UNIT         ?PR?GET_ADC_VAL_P07?ADC
            CODE    2784H     0016H     UNIT         ?PR?GET_ADC_VAL_P03?ADC
            CODE    279AH     0016H     UNIT         ?PR?GET_ADC_VAL_P02?ADC
            CODE    27B0H     0014H     UNIT         ?PR?TIME0_INIT?TIMER
            CODE    27C4H     000FH     UNIT         ?PR?KEY_INIT?KEY
            CODE    27D3H     000EH     UNIT         ?PR?_DELAY_US?DELAY
            CODE    27E1H     000DH     UNIT         ?PR?_WDT_INIT?WDT
            CODE    27EEH     000CH     UNIT         ?PR?_HAL_UART_PUTCHAR?UART
            CODE    27FAH     000CH     UNIT         ?CO?PID
            CODE    2806H     000AH     UNIT         ?PR?CLOCK?MAIN
            CODE    2810H     0009H     UNIT         ?PR?LCD_CLEAR_ALL?LCDDISPLAY
            CODE    2819H     0009H     UNIT         ?PR?LCD_DISPLAY_ON?LCDDISPLAY
            CODE    2822H     0006H     UNIT         ?PR?GET_DEVICE_STATE?FLASH
            CODE    2828H     0006H     UNIT         ?PR?_SET_DEVICE_STATE?FLASH
            CODE    282EH     0006H     UNIT         ?PR?_PUTCHAR?UART
            CODE    2834H     0006H     UNIT         ?PR?_LCD_OFF?LCDDISPLAY
            CODE    283AH     0006H     UNIT         ?PR?_LCD_DISPLAY_TIME?LCDDISPLAY
            CODE    2840H     0006H     UNIT         ?PR?_LCD_DISPLAY_GAP?LCDDISPLAY
            CODE    2846H     0004H     UNIT         ?PR?CLEAR_WDT?WDT



OVERLAY MAP OF MODULE:   .\Objects\K8104_hex (?C_STARTUP)

BL51 BANKED LINKER/LOCATER V6.22                                                      08/26/2020  19:34:26  PAGE 6



SEGMENT                                     BIT_GROUP          DATA_GROUP          XDATA_GROUP
  +--> CALLED SEGMENT                    START    LENGTH     START    LENGTH     START    LENGTH
------------------------------------------------------------------------------------------------
?C_C51STARTUP                            -----    -----      -----    -----      -----    -----
  +--> ?PR?MAIN?MAIN
  +--> ?C_INITSEG

?PR?MAIN?MAIN                            -----    -----      -----    -----      -----    -----
  +--> ?PR?CLOCK?MAIN
  +--> ?PR?UART_INIT?UART
  +--> ?PR?ADC_INIT?ADC
  +--> ?PR?TIME0_INIT?TIMER
  +--> ?PR?KEY_INIT?KEY
  +--> ?PR?FLASH_INIT?FLASH
  +--> ?PR?PID_INIT?PID
  +--> ?PR?_PWM_INIT?PWM
  +--> ?PR?_WDT_INIT?WDT
  +--> ?PR?LCD_INIT?LCDDISPLAY
  +--> ?PR?LCD_DISPLAY_ON?LCDDISPLAY
  +--> ?PR?_DELAY_MS?DELAY
  +--> ?PR?LCD_CLEAR_ALL?LCDDISPLAY
  +--> ?PR?DETECTION_INPUT?MAIN
  +--> ?CO?MAIN
  +--> ?PR?PRINTF?PRINTF
  +--> ?PR?TEMPERATURE_HANDLE?MAIN
  +--> ?PR?KEY_HANDLE?MAIN
  +--> ?PR?CLEAR_WDT?WDT

?PR?ADC_INIT?ADC                         -----    -----      -----    -----      -----    -----
  +--> ?PR?_DELAY_US?DELAY

?PR?FLASH_INIT?FLASH                     -----    -----      -----    -----      0000H    0001H
  +--> ?PR?CHECK_FLASH?FLASH
  +--> ?CO?FLASH
  +--> ?PR?PRINTF?PRINTF
  +--> ?PR?_FLASH_READARR?FLASH
  +--> ?PR?_FLASH_ERASEBLOCK?FLASH
  +--> ?PR?_FLASH_WRITEARR?FLASH

?PR?CHECK_FLASH?FLASH                    -----    -----      -----    -----      -----    -----
  +--> ?PR?_FLASH_READ_ADDR?FLASH

?PR?PRINTF?PRINTF                        0021H.1  0001H.1    000DH    0005H      0031H    0030H
  +--> ?PR?_PUTCHAR?UART

?PR?_PUTCHAR?UART                        -----    -----      -----    -----      -----    -----
  +--> ?PR?_HAL_UART_PUTCHAR?UART

?PR?_FLASH_READARR?FLASH                 -----    -----      -----    -----      0001H    0005H

?PR?_FLASH_WRITEARR?FLASH                -----    -----      -----    -----      0001H    0007H
  +--> ?PR?_FLASH_WRITEDATA?FLASH

?PR?DETECTION_INPUT?MAIN                 -----    -----      -----    -----      -----    -----
  +--> ?PR?DETECTION_INPUT_VOLTAGE?ADC

BL51 BANKED LINKER/LOCATER V6.22                                                      08/26/2020  19:34:26  PAGE 7


?PR?DETECTION_INPUT_VOLTAGE?ADC          -----    -----      -----    -----      0000H    0005H
  +--> ?PR?GET_ADC_VAL_P02?ADC

?PR?TEMPERATURE_HANDLE?MAIN              -----    -----      -----    -----      0000H    0006H
  +--> ?PR?_GET_VOLTAGE?ADC
  +--> ?PR?_TEMP_CALC?MAIN
  +--> ?PR?GET_DEVICE_STATE?FLASH
  +--> ?PR?_LCD_OFF?LCDDISPLAY
  +--> ?PR?PID_OPERATION?PID
  +--> ?PR?_LCD_DISPLAY_TIME?LCDDISPLAY
  +--> ?PR?_LCD_DISPLAY_GAP?LCDDISPLAY
  +--> ?PR?CONTROLL_HEAT?MAIN
  +--> ?PR?_SET_PWM?PWM
  +--> ?PR?LCD_CLEAR_ALL?LCDDISPLAY
  +--> ?PR?LCD_ERROR?LCDDISPLAY

?PR?_GET_VOLTAGE?ADC                     -----    -----      -----    -----      0006H    000BH
  +--> ?PR?GET_ADC_VAL_P03?ADC
  +--> ?PR?_DELAY_US?DELAY
  +--> ?PR?GET_ADC_VAL_P07?ADC

?PR?_TEMP_CALC?MAIN                      -----    -----      -----    -----      0006H    000EH

?PR?PID_OPERATION?PID                    -----    -----      -----    -----      0006H    0014H
  +--> ?CO?PID

?PR?CONTROLL_HEAT?MAIN                   -----    -----      -----    -----      -----    -----
  +--> ?PR?_SET_PWM?PWM

?PR?KEY_HANDLE?MAIN                      -----    -----      -----    -----      0000H    0001H
  +--> ?PR?KEY_SCAN?KEY
  +--> ?CO?MAIN
  +--> ?PR?PRINTF?PRINTF
  +--> ?PR?GET_DEVICE_STATE?FLASH
  +--> ?PR?_SET_DEVICE_STATE?FLASH
  +--> ?PR?_SET_PWM?PWM
  +--> ?PR?SET_TIME_SEC?TIMER
  +--> ?PR?SET_TEMP?MAIN
  +--> ?PR?_LCD_DISPLAY_GAP?LCDDISPLAY
  +--> ?PR?_LCD_DISPLAY_TIME?LCDDISPLAY
  +--> ?PR?FLAH_SAVE_DATA?FLASH

?PR?KEY_SCAN?KEY                         -----    -----      -----    -----      -----    -----
  +--> ?PR?KEY_DRIVER?KEY
  +--> ?PR?_DELAY_MS?DELAY

?PR?KEY_DRIVER?KEY                       -----    -----      -----    -----      0001H    0002H
  +--> ?PR?_DELAY_MS?DELAY

?PR?SET_TIME_SEC?TIMER                   -----    -----      -----    -----      -----    -----
  +--> ?CO?TIMER
  +--> ?PR?PRINTF?PRINTF

?PR?FLAH_SAVE_DATA?FLASH                 -----    -----      -----    -----      -----    -----
  +--> ?PR?_FLASH_ERASEBLOCK?FLASH
  +--> ?PR?_FLASH_WRITEARR?FLASH
  +--> ?PR?_FLASH_READARR?FLASH
BL51 BANKED LINKER/LOCATER V6.22                                                      08/26/2020  19:34:26  PAGE 8



*** NEW ROOT ***************************************************

?PR?TIMER0_RPT?TIMER                     -----    -----      -----    -----      -----    -----
  +--> ?PR?GET_DEVICE_STATE?FLASH
  +--> ?PR?SET_HEAT_VAL?TIMER
  +--> ?PR?_SET_DEVICE_STATE?FLASH
  +--> ?CO?TIMER
  +--> ?PR?PRINTF?PRINTF
  +--> ?PR?LCD_DISPLAY?LCDDISPLAY

?PR?LCD_DISPLAY?LCDDISPLAY               -----    -----      -----    -----      -----    -----
  +--> ?PR?_SET_TIME?LCDDISPLAY
  +--> ?PR?_SET_GAP?LCDDISPLAY



SYMBOL TABLE OF MODULE:  .\Objects\K8104_hex (?C_STARTUP)

  VALUE           TYPE          NAME
  ----------------------------------

  -------         MODULE        ?C_STARTUP
  C:2264H         SEGMENT       ?C_C51STARTUP
  I:0023H         SEGMENT       ?STACK
  C:0000H         PUBLIC        ?C_STARTUP
  D:00E0H         SYMBOL        ACC
  D:00F0H         SYMBOL        B
  D:0083H         SYMBOL        DPH
  D:0082H         SYMBOL        DPL
  N:0000H         SYMBOL        IBPSTACK
  N:0100H         SYMBOL        IBPSTACKTOP
  N:0080H         SYMBOL        IDATALEN
  C:2267H         SYMBOL        IDATALOOP
  N:0000H         SYMBOL        PBPSTACK
  N:0100H         SYMBOL        PBPSTACKTOP
  N:0000H         SYMBOL        PDATALEN
  N:0000H         SYMBOL        PDATASTART
  N:0000H         SYMBOL        PPAGE
  N:0000H         SYMBOL        PPAGEENABLE
  D:00A0H         SYMBOL        PPAGE_SFR
  D:0081H         SYMBOL        SP
  C:2264H         SYMBOL        STARTUP1
  N:0000H         SYMBOL        XBPSTACK
  N:0000H         SYMBOL        XBPSTACKTOP
  N:0000H         SYMBOL        XDATALEN
  N:0000H         SYMBOL        XDATASTART
  C:0000H         LINE#         126
  C:2264H         LINE#         133
  C:2266H         LINE#         134
  C:2267H         LINE#         135
  C:2268H         LINE#         136
  C:226AH         LINE#         185
  C:226DH         LINE#         196
  -------         ENDMOD        ?C_STARTUP

  -------         MODULE        MAIN
BL51 BANKED LINKER/LOCATER V6.22                                                      08/26/2020  19:34:26  PAGE 9


  C:0000H         SYMBOL        _ICE_DUMMY_
  X:FF08H         PUBLIC        P1M0
  X:FF01H         PUBLIC        P0M1
  X:FF10H         PUBLIC        P2M0
  X:FF09H         PUBLIC        P1M1
  X:FF02H         PUBLIC        P0M2
  D:0080H         PUBLIC        P0
  X:FF18H         PUBLIC        P3M0
  X:FF11H         PUBLIC        P2M1
  X:FF0AH         PUBLIC        P1M2
  X:FF03H         PUBLIC        P0M3
  D:0090H         PUBLIC        P1
  X:FF19H         PUBLIC        P3M1
  X:FF12H         PUBLIC        P2M2
  X:FF0BH         PUBLIC        P1M3
  X:FF04H         PUBLIC        P0M4
  D:00A0H         PUBLIC        P2
  X:FF1AH         PUBLIC        P3M2
  X:FF13H         PUBLIC        P2M3
  X:FF0CH         PUBLIC        P1M4
  X:FF05H         PUBLIC        P0M5
  D:00B0H         PUBLIC        P3
  X:FF1BH         PUBLIC        P3M3
  X:FF14H         PUBLIC        P2M4
  X:FF0DH         PUBLIC        P1M5
  X:FF06H         PUBLIC        P0M6
  X:FF1CH         PUBLIC        P3M4
  X:FF15H         PUBLIC        P2M5
  X:FF0EH         PUBLIC        P1M6
  X:FF07H         PUBLIC        P0M7
  X:FF1DH         PUBLIC        P3M5
  X:FF16H         PUBLIC        P2M6
  X:FF0FH         PUBLIC        P1M7
  B:00A8H.7       PUBLIC        EA
  C:1B76H         PUBLIC        temperature_handle
  X:FF17H         PUBLIC        P2M7
  X:FEC0H         PUBLIC        SCANCON
  X:FEBDH         PUBLIC        TRMEN
  X:FE94H         PUBLIC        XTALCFG
  X:FE75H         PUBLIC        CTKVS
  D:00A8H         PUBLIC        IE
  D:00F8H         PUBLIC        RSTFR
  X:FF91H         PUBLIC        PWM01_MAP
  X:FF95H         PUBLIC        PWM11_MAP
  X:FFA3H         PUBLIC        SDA_MAP
  X:FF99H         PUBLIC        PWM21_MAP
  C:2703H         PUBLIC        Detection_Input
  X:FEE0H         PUBLIC        SCR0
  X:FE89H         PUBLIC        S2CON2
  X:FEE2H         PUBLIC        SCR1
  C:1E30H         SYMBOL        key_handle
  X:FEE4H         PUBLIC        SCR2
  X:FEE6H         PUBLIC        SCR3
  X:FEA2H         PUBLIC        CRCC
  X:FE85H         PUBLIC        T5CON1
  X:FEE8H         PUBLIC        SCR4
  X:FEEAH         PUBLIC        SCR5
BL51 BANKED LINKER/LOCATER V6.22                                                      08/26/2020  19:34:26  PAGE 10


  X:FEECH         PUBLIC        SCR6
  X:FEEEH         PUBLIC        SCR7
  X:FFA5H         PUBLIC        SCK_MAP
  X:FFA2H         PUBLIC        SCL_MAP
  C:213AH         PUBLIC        Set_Temp
  C:1F07H         PUBLIC        main
  X:FEA4H         PUBLIC        BORC
  X:FE77H         PUBLIC        DSCR
  C:1692H         PUBLIC        _temp_calc
  X:FFA1H         PUBLIC        RXD_MAP
  X:FEA5H         PUBLIC        BORDBC
  X:FFA0H         PUBLIC        TXD_MAP
  X:FEA7H         PUBLIC        LVDDBC
  X:FEB8H         PUBLIC        PINTE0
  X:FEB9H         PUBLIC        PINTE1
  X:FEBCH         PUBLIC        P2INTE
  X:FEBAH         PUBLIC        PINTE2
  D:0098H         PUBLIC        SCON
  D:0088H         PUBLIC        TCON
  C:24F1H         PUBLIC        Controll_Heat
  X:FE95H         PUBLIC        SPOV_RSTEN
  X:FE74H         PUBLIC        RBCSEL
  X:FE9BH         PUBLIC        ADCC2
  X:FE76H         PUBLIC        CTKCLK
  X:FE91H         PUBLIC        CLKDIV
  D:00B8H         PUBLIC        IE1
  D:00D8H         PUBLIC        IE2
  X:FF80H         PUBLIC        T0_MAP
  X:FF81H         PUBLIC        T1_MAP
  X:FEAAH         PUBLIC        RSTDBC
  X:FF83H         PUBLIC        T3_MAP
  X:FF84H         PUBLIC        T4_MAP
  X:FF85H         PUBLIC        T5_MAP
  X:FEA0H         PUBLIC        WDTCCR
  X:FEBEH         PUBLIC        TRMV
  X:009DH         PUBLIC        adc_cnt
  X:FED0H         PUBLIC        SCCH0
  X:FED1H         PUBLIC        SCCH1
  X:FED2H         PUBLIC        SCCH2
  X:FE93H         PUBLIC        CLKOUT
  X:FED3H         PUBLIC        SCCH3
  D:008EH         PUBLIC        CLKSWR
  X:009FH         PUBLIC        error_std
  X:00A0H         PUBLIC        first_heat_std
  X:FFA9H         PUBLIC        RXD2_MAP
  X:FFA8H         PUBLIC        TXD2_MAP
  X:FE8AH         PUBLIC        S2BUF
  X:FF90H         PUBLIC        PWM0_MAP
  X:FFA4H         PUBLIC        SS_MAP
  X:FF94H         PUBLIC        PWM1_MAP
  X:FF98H         PUBLIC        PWM2_MAP
  X:FE88H         PUBLIC        S2CON
  X:FE80H         PUBLIC        TCON1
  X:FF9CH         PUBLIC        PWM3_MAP
  X:FF8FH         PUBLIC        CLKO_MAP
  X:FE92H         PUBLIC        FREQ_CLK
  C:2806H         PUBLIC        Clock
BL51 BANKED LINKER/LOCATER V6.22                                                      08/26/2020  19:34:26  PAGE 11


  X:FEB0H         PUBLIC        PITS0
  X:FEB1H         PUBLIC        PITS1
  X:FEB2H         PUBLIC        PITS2
  X:FF6BH         PUBLIC        SEGP0EN
  X:FF63H         PUBLIC        COMP0EN
  X:FEB3H         PUBLIC        PITS3
  X:FF6AH         PUBLIC        SEGP1EN
  X:FF62H         PUBLIC        COMP1EN
  X:FEB4H         PUBLIC        PITS4
  X:FF69H         PUBLIC        SEGP2EN
  X:FF61H         PUBLIC        COMP2EN
  X:FF68H         PUBLIC        SEGP3EN
  X:FF60H         PUBLIC        COMP3EN
  X:FFA7H         PUBLIC        MISO_MAP
  X:FFA6H         PUBLIC        MOSI_MAP
  X:FF40H         PUBLIC        P00DBC
  D:00D0H         PUBLIC        PSW
  X:FF41H         PUBLIC        P01DBC
  X:FF42H         PUBLIC        P02DBC
  X:FF00H         PUBLIC        P0M0
  -------         PROC          KEY_HANDLE
  -------         DO            
  X:0000H         SYMBOL        key_val
  -------         ENDDO         
  C:1E30H         LINE#         49
  C:1E30H         LINE#         50
  C:1E30H         LINE#         51
  C:1E35H         LINE#         53
  C:1E3BH         LINE#         55
  C:1E3BH         LINE#         56
  C:1E43H         LINE#         57
  C:1E45H         LINE#         59
  C:1E45H         LINE#         60
  C:1E4AH         LINE#         61
  C:1E4AH         LINE#         62
  C:1E52H         LINE#         63
  C:1E52H         LINE#         64
  C:1E5BH         LINE#         65
  C:1E61H         LINE#         66
  C:1E61H         LINE#         67
  C:1E66H         LINE#         68
  C:1E6BH         LINE#         69
  C:1E6BH         LINE#         71
  C:1E6BH         LINE#         72
  C:1E70H         LINE#         73
  C:1E73H         LINE#         74
  C:1E76H         LINE#         76
  C:1E7CH         LINE#         78
  C:1E7CH         LINE#         79
  C:1E7DH         LINE#         80
  C:1E86H         LINE#         81
  C:1E86H         LINE#         85
  C:1E8EH         LINE#         86
  C:1E8EH         LINE#         88
  C:1E97H         LINE#         89
  C:1EA0H         LINE#         90
  C:1EA0H         LINE#         91
BL51 BANKED LINKER/LOCATER V6.22                                                      08/26/2020  19:34:26  PAGE 12


  C:1EA3H         LINE#         93
  C:1EA5H         LINE#         95
  C:1EA5H         LINE#         96
  C:1EABH         LINE#         97
  C:1EABH         LINE#         100
  C:1EB1H         LINE#         101
  C:1EB4H         LINE#         103
  C:1EBCH         LINE#         105
  C:1EBCH         LINE#         106
  C:1EBEH         LINE#         107
  C:1EC6H         LINE#         108
  C:1EC6H         LINE#         110
  C:1ECFH         LINE#         111
  C:1ECFH         LINE#         112
  C:1ED2H         LINE#         113
  C:1ED4H         LINE#         115
  C:1ED4H         LINE#         116
  C:1ED9H         LINE#         117
  C:1ED9H         LINE#         118
  C:1EE2H         LINE#         119
  C:1EE2H         LINE#         120
  C:1EE7H         LINE#         121
  C:1EE7H         LINE#         122
  C:1EEAH         LINE#         123
  C:1EECH         LINE#         124
  C:1EF2H         LINE#         125
  C:1EF2H         LINE#         126
  C:1EF8H         LINE#         127
  C:1EF8H         LINE#         128
  C:1EF8H         LINE#         130
  C:1F00H         LINE#         131
  C:1F03H         LINE#         132
  C:1F06H         LINE#         133
  C:1F06H         LINE#         134
  C:1F06H         LINE#         135
  -------         ENDPROC       KEY_HANDLE
  -------         PROC          _TEMP_CALC
  D:0002H         SYMBOL        uRt
  X:0006H         SYMBOL        uRw
  -------         DO            
  X:0008H         SYMBOL        i
  X:000AH         SYMBOL        basi_tmp
  X:000CH         SYMBOL        u1
  X:0010H         SYMBOL        u3
  -------         ENDDO         
  C:1692H         LINE#         147
  C:169EH         LINE#         148
  C:169EH         LINE#         149
  C:16A3H         LINE#         150
  C:16A9H         LINE#         152
  C:16B1H         LINE#         153
  C:16BBH         LINE#         154
  C:16C4H         LINE#         155
  C:16C4H         LINE#         156
  C:16C7H         LINE#         157
  C:16C7H         LINE#         159
  C:16E3H         LINE#         160
BL51 BANKED LINKER/LOCATER V6.22                                                      08/26/2020  19:34:26  PAGE 13


  C:16FFH         LINE#         161
  C:173EH         LINE#         162
  C:1756H         LINE#         163
  C:1756H         LINE#         164
  C:175BH         LINE#         165
  C:175BH         LINE#         169
  C:1778H         LINE#         170
  C:1778H         LINE#         171
  C:17A7H         LINE#         173
  C:17B3H         LINE#         174
  C:17B5H         LINE#         177
  C:17B5H         LINE#         178
  C:17E4H         LINE#         180
  C:17F1H         LINE#         181
  C:17F1H         LINE#         184
  C:17F8H         LINE#         185
  C:17F8H         LINE#         186
  C:1806H         LINE#         187
  C:1806H         LINE#         189
  C:180EH         LINE#         190
  -------         ENDPROC       _TEMP_CALC
  -------         PROC          TEMPERATURE_HANDLE
  -------         DO            
  X:0000H         SYMBOL        temp
  X:0002H         SYMBOL        adc_val1
  X:0004H         SYMBOL        adc_val2
  -------         ENDDO         
  C:1B76H         LINE#         203
  C:1B76H         LINE#         204
  C:1B76H         LINE#         205
  C:1B7DH         LINE#         206
  C:1B85H         LINE#         208
  C:1B93H         LINE#         210
  C:1BADH         LINE#         211
  C:1BADH         LINE#         212
  C:1BB4H         LINE#         213
  C:1BCAH         LINE#         216
  C:1BE3H         LINE#         220
  C:1BF2H         LINE#         221
  C:1BF2H         LINE#         222
  C:1BF8H         LINE#         223
  C:1BF8H         LINE#         224
  C:1BFCH         LINE#         225
  C:1C03H         LINE#         226
  C:1C03H         LINE#         227
  C:1C05H         LINE#         228
  C:1C14H         LINE#         229
  C:1C14H         LINE#         230
  C:1C18H         LINE#         231
  C:1C18H         LINE#         233
  C:1C1AH         LINE#         235
  C:1C1AH         LINE#         236
  C:1C20H         LINE#         237
  C:1C24H         LINE#         239
  C:1C24H         LINE#         240
  C:1C24H         LINE#         242
  C:1C3BH         LINE#         243
BL51 BANKED LINKER/LOCATER V6.22                                                      08/26/2020  19:34:26  PAGE 14


  C:1C3EH         LINE#         244
  C:1C46H         LINE#         245
  C:1C4EH         LINE#         246
  C:1C51H         LINE#         247
  C:1C53H         LINE#         249
  C:1C53H         LINE#         250
  C:1C58H         LINE#         251
  C:1C5DH         LINE#         252
  C:1C60H         LINE#         253
  C:1C60H         LINE#         254
  C:1C65H         LINE#         255
  C:1C66H         LINE#         257
  C:1C66H         LINE#         259
  C:1C6BH         LINE#         260
  C:1C6EH         LINE#         261
  C:1C74H         LINE#         262
  C:1C74H         LINE#         265
  C:1C74H         LINE#         268
  -------         ENDPROC       TEMPERATURE_HANDLE
  -------         PROC          MAIN
  C:1F07H         LINE#         277
  C:1F07H         LINE#         278
  C:1F07H         LINE#         279
  C:1F0AH         LINE#         280
  C:1F0DH         LINE#         281
  C:1F10H         LINE#         282
  C:1F12H         LINE#         283
  C:1F15H         LINE#         284
  C:1F18H         LINE#         285
  C:1F1BH         LINE#         286
  C:1F1EH         LINE#         287
  C:1F25H         LINE#         288
  C:1F2AH         LINE#         289
  C:1F2DH         LINE#         290
  C:1F30H         LINE#         291
  C:1F37H         LINE#         292
  C:1F3AH         LINE#         293
  C:1F3DH         LINE#         295
  C:1F46H         LINE#         296
  C:1F59H         LINE#         297
  C:1F70H         LINE#         298
  C:1F86H         LINE#         299
  C:1F9CH         LINE#         300
  C:1FB4H         LINE#         301
  C:1FBDH         LINE#         303
  C:1FBDH         LINE#         304
  C:1FBDH         LINE#         307
  C:1FC0H         LINE#         308
  C:1FC3H         LINE#         310
  C:1FC6H         LINE#         312
  -------         ENDPROC       MAIN
  -------         PROC          CLOCK
  C:2806H         LINE#         317
  C:2806H         LINE#         318
  C:2806H         LINE#         320
  C:2809H         LINE#         321
  C:280FH         LINE#         322
BL51 BANKED LINKER/LOCATER V6.22                                                      08/26/2020  19:34:26  PAGE 15


  -------         ENDPROC       CLOCK
  -------         PROC          CONTROLL_HEAT
  -------         DO            
  D:0007H         SYMBOL        heat_step_val
  -------         ENDDO         
  C:24F1H         LINE#         335
  C:24F1H         LINE#         336
  C:24F1H         LINE#         338
  C:24F3H         LINE#         339
  C:24FFH         LINE#         340
  C:24FFH         LINE#         341
  C:250AH         LINE#         342
  C:250CH         LINE#         343
  C:250CH         LINE#         344
  C:2513H         LINE#         345
  C:2513H         LINE#         346
  C:2513H         LINE#         347
  C:2515H         LINE#         348
  C:251BH         LINE#         350
  C:251BH         LINE#         351
  C:2524H         LINE#         352
  C:2524H         LINE#         353
  -------         ENDPROC       CONTROLL_HEAT
  -------         PROC          SET_TEMP
  C:213AH         LINE#         365
  C:213AH         LINE#         366
  C:213AH         LINE#         369
  C:2170H         LINE#         370
  C:2170H         LINE#         371
  C:2170H         LINE#         373
  C:2170H         LINE#         374
  C:2170H         LINE#         375
  C:217AH         LINE#         376
  C:217BH         LINE#         377
  C:217BH         LINE#         378
  C:2185H         LINE#         379
  C:2186H         LINE#         380
  C:2186H         LINE#         381
  C:2190H         LINE#         382
  C:2191H         LINE#         383
  C:2191H         LINE#         384
  C:219BH         LINE#         385
  C:219CH         LINE#         386
  C:219CH         LINE#         387
  C:21A6H         LINE#         388
  C:21A7H         LINE#         389
  C:21A7H         LINE#         390
  C:21B1H         LINE#         391
  C:21B2H         LINE#         392
  C:21B2H         LINE#         393
  C:21BCH         LINE#         394
  C:21BDH         LINE#         395
  C:21BDH         LINE#         396
  C:21C7H         LINE#         397
  C:21C8H         LINE#         398
  C:21C8H         LINE#         399
  C:21D2H         LINE#         400
BL51 BANKED LINKER/LOCATER V6.22                                                      08/26/2020  19:34:26  PAGE 16


  C:21D2H         LINE#         401
  C:21D2H         LINE#         402
  -------         ENDPROC       SET_TEMP
  -------         PROC          DETECTION_INPUT
  -------         DO            
  D:0006H         SYMBOL        input
  -------         ENDDO         
  C:2703H         LINE#         428
  C:2703H         LINE#         429
  C:2703H         LINE#         430
  C:2706H         LINE#         431
  C:2709H         LINE#         432
  C:2716H         LINE#         433
  C:2716H         LINE#         435
  C:271BH         LINE#         436
  C:271CH         LINE#         438
  C:271CH         LINE#         440
  C:2720H         LINE#         441
  C:2720H         LINE#         442
  -------         ENDPROC       DETECTION_INPUT
  -------         ENDMOD        MAIN

  -------         MODULE        DELAY
  C:0000H         SYMBOL        _ICE_DUMMY_
  D:0080H         PUBLIC        P0
  D:0090H         PUBLIC        P1
  D:00A0H         PUBLIC        P2
  D:00B0H         PUBLIC        P3
  D:00A8H         PUBLIC        IE
  D:00F8H         PUBLIC        RSTFR
  D:0098H         PUBLIC        SCON
  D:0088H         PUBLIC        TCON
  D:00B8H         PUBLIC        IE1
  D:00D8H         PUBLIC        IE2
  C:2757H         PUBLIC        _delay_ms
  C:27D3H         PUBLIC        _delay_us
  D:00D0H         PUBLIC        PSW
  -------         PROC          _DELAY_US
  D:0006H         SYMBOL        us
  C:27D3H         LINE#         4
  C:27D3H         LINE#         5
  C:27D3H         LINE#         6
  C:27DCH         LINE#         7
  C:27DCH         LINE#         8
  C:27DEH         LINE#         9
  C:27E0H         LINE#         10
  -------         ENDPROC       _DELAY_US
  -------         PROC          _DELAY_MS
  D:0006H         SYMBOL        ms
  -------         DO            
  D:0004H         SYMBOL        i
  -------         ENDDO         
  C:2757H         LINE#         12
  C:2757H         LINE#         13
  C:2757H         LINE#         15
  C:2757H         LINE#         16
  C:275BH         LINE#         17
BL51 BANKED LINKER/LOCATER V6.22                                                      08/26/2020  19:34:26  PAGE 17


  C:2764H         LINE#         18
  C:276DH         LINE#         19
  -------         ENDPROC       _DELAY_MS
  -------         ENDMOD        DELAY

  -------         MODULE        ADC
  C:0000H         SYMBOL        _ICE_DUMMY_
  D:0080H         PUBLIC        P0
  D:0090H         PUBLIC        P1
  D:00A0H         PUBLIC        P2
  D:00B0H         PUBLIC        P3
  C:279AH         PUBLIC        get_adc_val_P02
  C:2784H         PUBLIC        get_adc_val_P03
  C:276EH         PUBLIC        get_adc_val_P07
  D:00A8H         PUBLIC        IE
  D:00F8H         PUBLIC        RSTFR
  C:180FH         PUBLIC        _get_voltage
  D:00B6H         PUBLIC        ADCR
  D:0098H         PUBLIC        SCON
  D:0088H         PUBLIC        TCON
  D:00B4H         PUBLIC        ADCC0
  D:00B5H         PUBLIC        ADCC1
  D:00B8H         PUBLIC        IE1
  C:26E4H         PUBLIC        adc_init
  D:00D8H         PUBLIC        IE2
  C:21D3H         PUBLIC        Detection_Input_Voltage
  D:00D0H         PUBLIC        PSW
  -------         PROC          ADC_INIT
  C:26E4H         LINE#         5
  C:26E4H         LINE#         6
  C:26E4H         LINE#         7
  C:26EAH         LINE#         8
  C:26EEH         LINE#         9
  C:26F2H         LINE#         10
  C:26F5H         LINE#         19
  C:26FCH         LINE#         22
  C:2702H         LINE#         23
  -------         ENDPROC       ADC_INIT
  -------         PROC          GET_ADC_VAL_P07
  -------         DO            
  D:0006H         SYMBOL        adc_val
  -------         ENDDO         
  C:276EH         LINE#         25
  C:276EH         LINE#         26
  C:276EH         LINE#         27
  C:2771H         LINE#         28
  C:2774H         LINE#         29
  C:2777H         LINE#         30
  C:277CH         LINE#         31
  C:277FH         LINE#         32
  C:2783H         LINE#         34
  C:2783H         LINE#         35
  -------         ENDPROC       GET_ADC_VAL_P07
  -------         PROC          GET_ADC_VAL_P03
  -------         DO            
  D:0006H         SYMBOL        adc_val
  -------         ENDDO         
BL51 BANKED LINKER/LOCATER V6.22                                                      08/26/2020  19:34:26  PAGE 18


  C:2784H         LINE#         37
  C:2784H         LINE#         38
  C:2784H         LINE#         39
  C:2787H         LINE#         40
  C:278AH         LINE#         41
  C:278DH         LINE#         42
  C:2792H         LINE#         43
  C:2795H         LINE#         44
  C:2799H         LINE#         46
  C:2799H         LINE#         47
  -------         ENDPROC       GET_ADC_VAL_P03
  -------         PROC          GET_ADC_VAL_P02
  -------         DO            
  D:0006H         SYMBOL        adc_val
  -------         ENDDO         
  C:279AH         LINE#         49
  C:279AH         LINE#         50
  C:279AH         LINE#         51
  C:279DH         LINE#         52
  C:27A0H         LINE#         53
  C:27A3H         LINE#         54
  C:27A8H         LINE#         55
  C:27ABH         LINE#         56
  C:27AFH         LINE#         58
  C:27AFH         LINE#         59
  -------         ENDPROC       GET_ADC_VAL_P02
  -------         PROC          _GET_VOLTAGE
  X:0006H         SYMBOL        u1_voltage
  X:0009H         SYMBOL        u3_voltage
  -------         DO            
  X:000CH         SYMBOL        temp
  X:0010H         SYMBOL        i
  -------         ENDDO         
  C:180FH         LINE#         61
  C:181AH         LINE#         62
  C:181AH         LINE#         63
  C:1824H         LINE#         64
  C:1829H         LINE#         66
  C:182AH         LINE#         67
  C:182AH         LINE#         68
  C:1850H         LINE#         69
  C:185CH         LINE#         70
  C:1879H         LINE#         71
  C:18ACH         LINE#         73
  C:18B3H         LINE#         74
  C:18BDH         LINE#         75
  C:18C2H         LINE#         76
  C:18C2H         LINE#         77
  C:18E8H         LINE#         78
  C:18F4H         LINE#         79
  C:1911H         LINE#         80
  -------         ENDPROC       _GET_VOLTAGE
  -------         PROC          DETECTION_INPUT_VOLTAGE
  -------         DO            
  X:0000H         SYMBOL        tep
  X:0004H         SYMBOL        i
  -------         ENDDO         
BL51 BANKED LINKER/LOCATER V6.22                                                      08/26/2020  19:34:26  PAGE 19


  C:21D3H         LINE#         84
  C:21D3H         LINE#         85
  C:21D3H         LINE#         87
  C:21DDH         LINE#         88
  C:21E2H         LINE#         90
  C:21E3H         LINE#         91
  C:21E3H         LINE#         92
  C:2209H         LINE#         93
  C:2215H         LINE#         94
  C:2232H         LINE#         95
  C:2259H         LINE#         97
  C:2263H         LINE#         98
  -------         ENDPROC       DETECTION_INPUT_VOLTAGE
  -------         ENDMOD        ADC

  -------         MODULE        FLASH
  C:0000H         SYMBOL        _ICE_DUMMY_
  D:0080H         PUBLIC        P0
  D:0090H         PUBLIC        P1
  D:00A0H         PUBLIC        P2
  D:00B0H         PUBLIC        P3
  B:00A8H.7       PUBLIC        EA
  C:23FEH         PUBLIC        _Flash_WriteArr
  C:0003H         PUBLIC        _flash_read_addr
  D:00A8H         PUBLIC        IE
  D:00FCH         PUBLIC        IAP_CMD
  D:00F8H         PUBLIC        RSTFR
  C:2822H         PUBLIC        get_device_state
  X:0089H         PUBLIC        flash_info
  C:2828H         PUBLIC        _set_device_state
  C:1A60H         PUBLIC        flash_init
  C:2630H         PUBLIC        flah_save_data
  C:26A2H         PUBLIC        _Flash_EraseBlock
  D:0098H         PUBLIC        SCON
  D:0088H         PUBLIC        TCON
  D:00B8H         PUBLIC        IE1
  D:00D8H         PUBLIC        IE2
  D:00FBH         PUBLIC        IAP_DATA
  D:00F9H         PUBLIC        IAP_ADDR
  C:2608H         PUBLIC        _FLASH_WriteData
  C:2525H         SYMBOL        check_flash
  X:008BH         PUBLIC        flash_check
  C:24B1H         PUBLIC        _Flash_ReadArr
  X:008FH         PUBLIC        Input_Voltage_std
  X:0091H         PUBLIC        device_state
  D:00D0H         PUBLIC        PSW
  -------         PROC          GET_DEVICE_STATE
  C:2822H         LINE#         10
  C:2822H         LINE#         11
  C:2822H         LINE#         12
  C:2827H         LINE#         13
  -------         ENDPROC       GET_DEVICE_STATE
  -------         PROC          _SET_DEVICE_STATE
  D:0007H         SYMBOL        state
  C:2828H         LINE#         15
  C:2828H         LINE#         16
  C:2828H         LINE#         17
BL51 BANKED LINKER/LOCATER V6.22                                                      08/26/2020  19:34:26  PAGE 20


  C:282DH         LINE#         18
  -------         ENDPROC       _SET_DEVICE_STATE
  -------         PROC          _FLASH_ERASEBLOCK
  D:0006H         SYMBOL        addr
  C:26A2H         LINE#         28
  C:26A9H         LINE#         29
  C:26A9H         LINE#         30
  C:26AFH         LINE#         31
  C:26B3H         LINE#         32
  C:26B9H         LINE#         33
  C:26BFH         LINE#         34
  -------         ENDPROC       _FLASH_ERASEBLOCK
  -------         PROC          _FLASH_WRITEDATA
  D:0007H         SYMBOL        fuc_SaveData
  D:0004H         SYMBOL        addr
  C:2608H         LINE#         44
  C:260FH         LINE#         45
  C:260FH         LINE#         46
  C:2611H         LINE#         47
  C:2617H         LINE#         48
  C:261FH         LINE#         49
  C:2625H         LINE#         50
  C:262BH         LINE#         51
  -------         ENDPROC       _FLASH_WRITEDATA
  -------         PROC          L?0030
  -------         ENDPROC       L?0030
  -------         PROC          _FLASH_WRITEARR
  X:0001H         SYMBOL        fui_Address
  X:0003H         SYMBOL        len
  X:0004H         SYMBOL        fucp_SaveArr
  -------         DO            
  X:0007H         SYMBOL        i
  -------         ENDDO         
  C:23FEH         LINE#         63
  C:2419H         LINE#         64
  C:2419H         LINE#         65
  C:241CH         LINE#         67
  C:241EH         LINE#         68
  C:242CH         LINE#         69
  C:242CH         LINE#         70
  C:2450H         LINE#         71
  C:2458H         LINE#         72
  C:245AH         LINE#         73
  -------         ENDPROC       _FLASH_WRITEARR
  -------         PROC          _FLASH_READ_ADDR
  D:0082H         SYMBOL        address
  -------         DO            
  D:0007H         SYMBOL        val
  -------         ENDDO         
  C:0003H         LINE#         75
  C:0007H         LINE#         76
  C:0007H         LINE#         77
  C:0008H         LINE#         78
  C:000AH         LINE#         79
  C:000AH         LINE#         80
  -------         ENDPROC       _FLASH_READ_ADDR
  -------         PROC          _FLASH_READARR
BL51 BANKED LINKER/LOCATER V6.22                                                      08/26/2020  19:34:26  PAGE 21


  X:0001H         SYMBOL        fui_Address
  D:0005H         SYMBOL        fuc_Length
  X:0003H         SYMBOL        fucp_SaveArr
  C:24B1H         LINE#         92
  C:24C2H         LINE#         93
  C:24C2H         LINE#         94
  C:24C8H         LINE#         95
  C:24F0H         LINE#         96
  -------         ENDPROC       _FLASH_READARR
  -------         PROC          CHECK_FLASH
  -------         DO            
  D:0005H         SYMBOL        i
  D:0004H         SYMBOL        cnt
  -------         ENDDO         
  C:2525H         LINE#         98
  C:2525H         LINE#         99
  C:2525H         LINE#         100
  C:2528H         LINE#         102
  C:2528H         LINE#         103
  C:2528H         LINE#         104
  C:2541H         LINE#         105
  C:2541H         LINE#         106
  C:2542H         LINE#         107
  C:2544H         LINE#         108
  C:2547H         LINE#         109
  C:254CH         LINE#         110
  C:2552H         LINE#         111
  C:2555H         LINE#         112
  C:2557H         LINE#         113
  -------         ENDPROC       CHECK_FLASH
  -------         PROC          FLASH_INIT
  -------         DO            
  X:0000H         SYMBOL        init_flag
  -------         ENDDO         
  C:1A60H         LINE#         116
  C:1A60H         LINE#         117
  C:1A60H         LINE#         118
  C:1A65H         LINE#         121
  C:1A6BH         LINE#         123
  C:1A71H         LINE#         124
  C:1A71H         LINE#         125
  C:1A76H         LINE#         126
  C:1A78H         LINE#         128
  C:1A78H         LINE#         129
  C:1A81H         LINE#         130
  C:1A90H         LINE#         131
  C:1AB3H         LINE#         132
  C:1ABCH         LINE#         133
  C:1ACBH         LINE#         134
  C:1AD1H         LINE#         135
  C:1AD1H         LINE#         136
  C:1AD9H         LINE#         137
  C:1AD9H         LINE#         138
  C:1AE2H         LINE#         139
  C:1AE8H         LINE#         140
  C:1AEAH         LINE#         141
  C:1AF1H         LINE#         142
BL51 BANKED LINKER/LOCATER V6.22                                                      08/26/2020  19:34:26  PAGE 22


  C:1AFBH         LINE#         143
  C:1AFEH         LINE#         144
  C:1B0DH         LINE#         145
  C:1B4AH         LINE#         146
  C:1B53H         LINE#         147
  C:1B53H         LINE#         148
  -------         ENDPROC       FLASH_INIT
  -------         PROC          FLAH_SAVE_DATA
  C:2630H         LINE#         152
  C:2630H         LINE#         153
  C:2630H         LINE#         155
  C:2637H         LINE#         156
  C:2644H         LINE#         157
  C:2647H         LINE#         158
  -------         ENDPROC       FLAH_SAVE_DATA
  -------         ENDMOD        FLASH

  -------         MODULE        UART
  C:0000H         SYMBOL        _ICE_DUMMY_
  D:0080H         PUBLIC        P0
  D:0090H         PUBLIC        P1
  D:00A0H         PUBLIC        P2
  D:00B0H         PUBLIC        P3
  D:00A8H         PUBLIC        IE
  D:00F8H         PUBLIC        RSTFR
  B:0098H.1       PUBLIC        TI
  D:0099H         PUBLIC        SBUF
  C:27EEH         SYMBOL        _hal_uart_putchar
  D:0098H         PUBLIC        SCON
  D:0088H         PUBLIC        TCON
  D:00B8H         PUBLIC        IE1
  D:00D8H         PUBLIC        IE2
  B:00A8H.4       PUBLIC        ES1
  D:00CEH         PUBLIC        TH4
  D:00CDH         PUBLIC        TL4
  C:25DFH         PUBLIC        uart_init
  D:009EH         PUBLIC        SCON2
  D:00CCH         PUBLIC        T4CON
  D:00D0H         PUBLIC        PSW
  C:282EH         PUBLIC        _putchar
  -------         PROC          UART_INIT
  C:25DFH         LINE#         4
  C:25DFH         LINE#         5
  C:25DFH         LINE#         7
  C:25E5H         LINE#         8
  C:25EBH         LINE#         9
  C:25F1H         LINE#         10
  C:25F6H         LINE#         24
  C:25F9H         LINE#         25
  C:25FCH         LINE#         26
  C:25FFH         LINE#         27
  C:2602H         LINE#         28
  C:2605H         LINE#         29
  C:2607H         LINE#         31
  -------         ENDPROC       UART_INIT
  -------         PROC          _HAL_UART_PUTCHAR
  D:0007H         SYMBOL        Char
BL51 BANKED LINKER/LOCATER V6.22                                                      08/26/2020  19:34:26  PAGE 23


  C:27EEH         LINE#         35
  C:27EEH         LINE#         36
  C:27EEH         LINE#         37
  C:27F0H         LINE#         38
  C:27F2H         LINE#         39
  C:27F5H         LINE#         40
  C:27F7H         LINE#         41
  C:27F9H         LINE#         42
  -------         ENDPROC       _HAL_UART_PUTCHAR
  -------         PROC          _PUTCHAR
  D:0006H         SYMBOL        c
  C:282EH         LINE#         45
  C:2830H         LINE#         46
  C:2830H         LINE#         47
  C:2833H         LINE#         48
  C:2833H         LINE#         49
  -------         ENDPROC       _PUTCHAR
  -------         ENDMOD        UART

  -------         MODULE        KEY
  C:0000H         SYMBOL        _ICE_DUMMY_
  D:0080H         PUBLIC        P0
  D:0090H         PUBLIC        P1
  D:00A0H         PUBLIC        P2
  D:00B0H         PUBLIC        P3
  D:00A8H         PUBLIC        IE
  B:0080H.0       PUBLIC        P0_0
  B:0080H.1       PUBLIC        P0_1
  D:00F8H         PUBLIC        RSTFR
  B:00A0H.7       PUBLIC        P2_7
  D:0098H         PUBLIC        SCON
  D:0088H         PUBLIC        TCON
  C:2083H         SYMBOL        key_driver
  D:00B8H         PUBLIC        IE1
  D:00D8H         PUBLIC        IE2
  C:245FH         PUBLIC        key_scan
  C:27C4H         PUBLIC        key_init
  D:00D0H         PUBLIC        PSW
  -------         PROC          KEY_INIT
  C:27C4H         LINE#         6
  C:27C4H         LINE#         7
  C:27C4H         LINE#         8
  C:27CAH         LINE#         9
  C:27CEH         LINE#         10
  C:27D2H         LINE#         12
  -------         ENDPROC       KEY_INIT
  -------         PROC          KEY_DRIVER
  -------         DO            
  X:0092H         SYMBOL        key_state
  X:0093H         SYMBOL        key_time
  X:0001H         SYMBOL        key_press
  X:0002H         SYMBOL        key_return
  -------         ENDDO         
  C:2083H         LINE#         15
  C:2083H         LINE#         16
  C:2083H         LINE#         21
  C:2088H         LINE#         23
BL51 BANKED LINKER/LOCATER V6.22                                                      08/26/2020  19:34:26  PAGE 24


  C:208FH         LINE#         24
  C:20A6H         LINE#         25
  C:20A6H         LINE#         26
  C:20A6H         LINE#         27
  C:20AFH         LINE#         28
  C:20AFH         LINE#         29
  C:20B5H         LINE#         30
  C:20BAH         LINE#         31
  C:20BAH         LINE#         32
  C:20BCH         LINE#         34
  C:20BCH         LINE#         35
  C:20C2H         LINE#         36
  C:20C2H         LINE#         37
  C:20D0H         LINE#         38
  C:20DFH         LINE#         39
  C:20DFH         LINE#         40
  C:20E5H         LINE#         41
  C:20E5H         LINE#         42
  C:20E5H         LINE#         43
  C:20E7H         LINE#         47
  C:20E7H         LINE#         48
  C:20EEH         LINE#         49
  C:20EEH         LINE#         50
  C:20F2H         LINE#         51
  C:20F2H         LINE#         52
  C:20F4H         LINE#         54
  C:20F4H         LINE#         55
  C:2102H         LINE#         57
  C:2111H         LINE#         58
  C:2111H         LINE#         59
  C:2117H         LINE#         60
  C:211DH         LINE#         61
  C:211DH         LINE#         62
  C:2124H         LINE#         63
  C:2124H         LINE#         64
  C:2126H         LINE#         66
  C:2126H         LINE#         67
  C:212DH         LINE#         68
  C:212DH         LINE#         69
  C:212DH         LINE#         70
  C:212DH         LINE#         71
  C:212FH         LINE#         73
  C:212FH         LINE#         74
  C:2134H         LINE#         75
  C:2134H         LINE#         76
  C:2134H         LINE#         78
  C:2139H         LINE#         80
  -------         ENDPROC       KEY_DRIVER
  -------         PROC          KEY_SCAN
  -------         DO            
  X:0095H         SYMBOL        key_up
  X:0096H         SYMBOL        key_pres_time
  -------         ENDDO         
  C:245FH         LINE#         81
  C:245FH         LINE#         82
  C:245FH         LINE#         87
  C:2465H         LINE#         88
BL51 BANKED LINKER/LOCATER V6.22                                                      08/26/2020  19:34:26  PAGE 25


  C:2465H         LINE#         90
  C:2468H         LINE#         91
  C:2468H         LINE#         92
  C:2474H         LINE#         93
  C:2474H         LINE#         94
  C:247BH         LINE#         95
  C:2480H         LINE#         96
  C:2483H         LINE#         97
  C:2483H         LINE#         99
  C:2486H         LINE#         100
  C:2486H         LINE#         101
  C:2489H         LINE#         102
  C:2489H         LINE#         104
  C:248CH         LINE#         105
  C:248CH         LINE#         106
  C:2492H         LINE#         107
  C:2498H         LINE#         109
  C:24AAH         LINE#         110
  C:24AEH         LINE#         111
  C:24B0H         LINE#         112
  -------         ENDPROC       KEY_SCAN
  -------         ENDMOD        KEY

  -------         MODULE        PWM
  C:0000H         SYMBOL        _ICE_DUMMY_
  D:0080H         PUBLIC        P0
  D:0090H         PUBLIC        P1
  D:00A0H         PUBLIC        P2
  D:00B0H         PUBLIC        P3
  C:273FH         PUBLIC        _set_pwm
  D:00A8H         PUBLIC        IE
  D:00F8H         PUBLIC        RSTFR
  D:0098H         PUBLIC        SCON
  D:0088H         PUBLIC        TCON
  X:00A1H         PUBLIC        pwm_period
  D:00B8H         PUBLIC        IE1
  D:00D8H         PUBLIC        IE2
  D:00DDH         PUBLIC        PWM3C
  C:2656H         PUBLIC        _pwm_init
  D:00DFH         PUBLIC        PWM3D
  D:00DEH         PUBLIC        PWM3P
  D:00D0H         PUBLIC        PSW
  -------         PROC          _SET_PWM
  D:0007H         SYMBOL        duty
  -------         DO            
  D:0004H         SYMBOL        tep
  -------         ENDDO         
  C:273FH         LINE#         4
  C:273FH         LINE#         5
  C:273FH         LINE#         6
  C:2754H         LINE#         7
  C:2756H         LINE#         8
  -------         ENDPROC       _SET_PWM
  -------         PROC          _PWM_INIT
  D:0006H         SYMBOL        hz
  C:2656H         LINE#         10
  C:2656H         LINE#         11
BL51 BANKED LINKER/LOCATER V6.22                                                      08/26/2020  19:34:26  PAGE 26


  C:2656H         LINE#         12
  C:265CH         LINE#         13
  C:2662H         LINE#         21
  C:2673H         LINE#         22
  C:2676H         LINE#         23
  C:2678H         LINE#         25
  C:267BH         LINE#         26
  -------         ENDPROC       _PWM_INIT
  -------         ENDMOD        PWM

  -------         MODULE        WDT
  C:0000H         SYMBOL        _ICE_DUMMY_
  D:0080H         PUBLIC        P0
  D:0090H         PUBLIC        P1
  D:00A0H         PUBLIC        P2
  D:00B0H         PUBLIC        P3
  D:00A8H         PUBLIC        IE
  D:00F8H         PUBLIC        RSTFR
  D:00BDH         PUBLIC        WDTC
  D:0098H         PUBLIC        SCON
  D:0088H         PUBLIC        TCON
  C:2846H         PUBLIC        clear_wdt
  D:00B8H         PUBLIC        IE1
  D:00D8H         PUBLIC        IE2
  C:27E1H         PUBLIC        _wdt_init
  D:00D0H         PUBLIC        PSW
  -------         PROC          _WDT_INIT
  D:0007H         SYMBOL        time
  C:27E1H         LINE#         4
  C:27E1H         LINE#         5
  C:27E1H         LINE#         6
  C:27E4H         LINE#         12
  C:27EDH         LINE#         14
  -------         ENDPROC       _WDT_INIT
  -------         PROC          CLEAR_WDT
  C:2846H         LINE#         16
  C:2846H         LINE#         17
  C:2846H         LINE#         18
  C:2849H         LINE#         19
  -------         ENDPROC       CLEAR_WDT
  -------         ENDMOD        WDT

  -------         MODULE        TIMER
  C:0000H         SYMBOL        _ICE_DUMMY_
  D:0080H         PUBLIC        P0
  D:0090H         PUBLIC        P1
  D:00A0H         PUBLIC        P2
  D:00B0H         PUBLIC        P3
  X:007AH         PUBLIC        over_rang_time_std
  D:00A8H         PUBLIC        IE
  D:00F8H         PUBLIC        RSTFR
  C:2721H         PUBLIC        _set_time_sec_val
  X:007BH         PUBLIC        Gap_protect_std
  D:0098H         PUBLIC        SCON
  D:0089H         PUBLIC        TMOD
  D:0088H         PUBLIC        TCON
  X:007CH         PUBLIC        time_heat
BL51 BANKED LINKER/LOCATER V6.22                                                      08/26/2020  19:34:26  PAGE 27


  D:00B8H         PUBLIC        IE1
  D:00D8H         PUBLIC        IE2
  X:007EH         PUBLIC        heat_step
  X:007FH         PUBLIC        Heat_start_std
  X:0080H         PUBLIC        temp_time
  C:1944H         PUBLIC        TIMER0_Rpt
  D:008CH         PUBLIC        TH0
  X:0082H         PUBLIC        time_sec
  D:008AH         PUBLIC        TL0
  X:0084H         PUBLIC        time_cnt
  X:0086H         PUBLIC        cnt_heat_time
  X:0088H         PUBLIC        On_stay
  C:258BH         SYMBOL        set_heat_val
  C:27B0H         PUBLIC        time0_init
  D:00D0H         PUBLIC        PSW
  C:22F0H         PUBLIC        set_time_sec
  -------         PROC          _SET_TIME_SEC_VAL
  D:0006H         SYMBOL        sec
  C:2721H         LINE#         18
  C:2721H         LINE#         19
  C:2721H         LINE#         20
  C:2729H         LINE#         21
  C:272EH         LINE#         22
  -------         ENDPROC       _SET_TIME_SEC_VAL
  -------         PROC          SET_HEAT_VAL
  C:258BH         LINE#         26
  C:258BH         LINE#         27
  C:258BH         LINE#         28
  C:2592H         LINE#         29
  C:2592H         LINE#         30
  C:25A7H         LINE#         31
  C:25A7H         LINE#         33
  C:25ACH         LINE#         34
  C:25B2H         LINE#         36
  C:25B4H         LINE#         37
  C:25B4H         LINE#         38
  C:25B4H         LINE#         39
  -------         ENDPROC       SET_HEAT_VAL
  -------         PROC          SET_TIME_SEC
  C:22F0H         LINE#         41
  C:22F0H         LINE#         42
  C:22F0H         LINE#         43
  C:22F7H         LINE#         44
  C:22FEH         LINE#         45
  C:22FEH         LINE#         46
  C:2304H         LINE#         47
  C:2304H         LINE#         48
  C:2304H         LINE#         49
  C:2306H         LINE#         50
  C:230AH         LINE#         51
  C:230AH         LINE#         52
  C:2313H         LINE#         53
  C:2314H         LINE#         54
  C:2314H         LINE#         55
  C:2316H         LINE#         56
  C:231AH         LINE#         57
  C:231AH         LINE#         58
BL51 BANKED LINKER/LOCATER V6.22                                                      08/26/2020  19:34:26  PAGE 28


  C:2324H         LINE#         59
  C:2325H         LINE#         60
  C:2325H         LINE#         61
  C:2327H         LINE#         62
  C:232BH         LINE#         63
  C:232BH         LINE#         64
  C:2335H         LINE#         65
  C:2336H         LINE#         66
  C:2336H         LINE#         67
  C:2338H         LINE#         68
  C:233CH         LINE#         69
  C:233CH         LINE#         70
  C:2346H         LINE#         71
  C:2347H         LINE#         72
  C:2347H         LINE#         73
  C:2349H         LINE#         74
  C:234DH         LINE#         75
  C:234DH         LINE#         76
  C:2357H         LINE#         77
  C:235EH         LINE#         78
  C:2364H         LINE#         79
  C:2364H         LINE#         80
  -------         ENDPROC       SET_TIME_SEC
  -------         PROC          TIME0_INIT
  C:27B0H         LINE#         84
  C:27B0H         LINE#         85
  C:27B0H         LINE#         87
  C:27B5H         LINE#         88
  C:27B7H         LINE#         101
  C:27BAH         LINE#         102
  C:27BDH         LINE#         103
  C:27C0H         LINE#         104
  C:27C3H         LINE#         105
  -------         ENDPROC       TIME0_INIT
  -------         PROC          TIMER0_RPT
  C:1944H         LINE#         110
  C:1961H         LINE#         112
  C:196AH         LINE#         113
  C:196AH         LINE#         114
  C:1978H         LINE#         115
  C:198AH         LINE#         116
  C:198AH         LINE#         117
  C:198DH         LINE#         119
  C:1994H         LINE#         120
  C:1994H         LINE#         121
  C:19A2H         LINE#         122
  C:19B1H         LINE#         123
  C:19B1H         LINE#         124
  C:19B6H         LINE#         125
  C:19BCH         LINE#         126
  C:19C1H         LINE#         128
  C:19C1H         LINE#         130
  C:19C1H         LINE#         131
  C:19D0H         LINE#         132
  C:19D0H         LINE#         134
  C:19DCH         LINE#         135
  C:19E4H         LINE#         136
BL51 BANKED LINKER/LOCATER V6.22                                                      08/26/2020  19:34:26  PAGE 29


  C:19E4H         LINE#         138
  C:19F2H         LINE#         141
  C:1A01H         LINE#         142
  C:1A01H         LINE#         143
  C:1A07H         LINE#         144
  C:1A0AH         LINE#         145
  C:1A10H         LINE#         147
  C:1A10H         LINE#         148
  C:1A10H         LINE#         149
  C:1A12H         LINE#         151
  C:1A12H         LINE#         152
  C:1A18H         LINE#         153
  C:1A18H         LINE#         154
  C:1A1DH         LINE#         155
  C:1A24H         LINE#         156
  C:1A2AH         LINE#         157
  C:1A2EH         LINE#         158
  C:1A32H         LINE#         160
  C:1A3BH         LINE#         161
  C:1A3BH         LINE#         162
  C:1A3BH         LINE#         164
  C:1A42H         LINE#         165
  C:1A42H         LINE#         166
  C:1A42H         LINE#         167
  C:1A45H         LINE#         169
  -------         ENDPROC       TIMER0_RPT
  -------         ENDMOD        TIMER

  -------         MODULE        LCDDISPLAY
  C:0000H         SYMBOL        _ICE_DUMMY_
  D:0080H         PUBLIC        P0
  D:0090H         PUBLIC        P1
  D:00A0H         PUBLIC        P2
  D:00B0H         PUBLIC        P3
  D:00A8H         PUBLIC        IE
  C:1D57H         PUBLIC        LCD_Display
  B:0090H.1       PUBLIC        P1_1
  B:0090H.2       PUBLIC        P1_2
  D:00F8H         PUBLIC        RSTFR
  B:0090H.3       PUBLIC        P1_3
  B:00A0H.3       PUBLIC        P2_3
  B:0090H.4       PUBLIC        P1_4
  B:0090H.5       PUBLIC        P1_5
  B:00B0H.4       PUBLIC        P3_4
  B:0090H.6       PUBLIC        P1_6
  B:0090H.7       PUBLIC        P1_7
  X:0099H         PUBLIC        LCD_STD
  C:283AH         PUBLIC        _lcd_display_time
  C:2840H         PUBLIC        _lcd_display_gap
  C:2819H         PUBLIC        lcd_display_On
  D:0098H         PUBLIC        SCON
  D:00D1H         PUBLIC        LCDCON
  D:0088H         PUBLIC        TCON
  C:2810H         PUBLIC        lcd_clear_all
  D:00B8H         PUBLIC        IE1
  D:00D8H         PUBLIC        IE2
  C:267CH         PUBLIC        lcd_error
BL51 BANKED LINKER/LOCATER V6.22                                                      08/26/2020  19:34:26  PAGE 30


  C:25B5H         PUBLIC        LCD_Init
  C:2834H         PUBLIC        _lcd_off
  X:009AH         PUBLIC        guc_DisFreshStep
  C:1503H         PUBLIC        _set_time
  X:009BH         PUBLIC        lcd_set
  C:1248H         PUBLIC        _set_gap
  D:00D0H         PUBLIC        PSW
  -------         PROC          LCD_INIT
  C:25B5H         LINE#         11
  C:25B5H         LINE#         12
  C:25B5H         LINE#         14
  C:25B8H         LINE#         15
  C:25BFH         LINE#         16
  C:25C6H         LINE#         17
  C:25CDH         LINE#         19
  C:25D4H         LINE#         21
  C:25D6H         LINE#         22
  C:25D8H         LINE#         23
  C:25DAH         LINE#         24
  C:25DCH         LINE#         25
  C:25DEH         LINE#         26
  -------         ENDPROC       LCD_INIT
  -------         PROC          _LCD_OFF
  D:0007H         SYMBOL        std
  C:2834H         LINE#         28
  C:2834H         LINE#         29
  C:2834H         LINE#         30
  C:2839H         LINE#         31
  -------         ENDPROC       _LCD_OFF
  -------         PROC          LCD_CLEAR_ALL
  C:2810H         LINE#         33
  C:2810H         LINE#         34
  C:2810H         LINE#         36
  C:2816H         LINE#         37
  C:2818H         LINE#         38
  -------         ENDPROC       LCD_CLEAR_ALL
  -------         PROC          LCD_ERROR
  -------         DO            
  X:0098H         SYMBOL        error_std
  -------         ENDDO         
  C:267CH         LINE#         39
  C:267CH         LINE#         40
  C:267CH         LINE#         42
  C:2683H         LINE#         43
  C:2683H         LINE#         45
  C:2689H         LINE#         46
  C:268BH         LINE#         47
  C:2691H         LINE#         48
  C:2692H         LINE#         49
  C:2696H         LINE#         50
  C:2696H         LINE#         52
  C:269CH         LINE#         53
  C:26A1H         LINE#         54
  C:26A1H         LINE#         56
  -------         ENDPROC       LCD_ERROR
  -------         PROC          _LCD_DISPLAY_TIME
  D:0007H         SYMBOL        time
BL51 BANKED LINKER/LOCATER V6.22                                                      08/26/2020  19:34:26  PAGE 31


  C:283AH         LINE#         57
  C:283AH         LINE#         58
  C:283AH         LINE#         60
  C:283FH         LINE#         61
  -------         ENDPROC       _LCD_DISPLAY_TIME
  -------         PROC          _LCD_DISPLAY_GAP
  D:0007H         SYMBOL        gap
  C:2840H         LINE#         63
  C:2840H         LINE#         64
  C:2840H         LINE#         66
  C:2845H         LINE#         68
  -------         ENDPROC       _LCD_DISPLAY_GAP
  -------         PROC          LCD_DISPLAY_ON
  C:2819H         LINE#         69
  C:2819H         LINE#         70
  C:2819H         LINE#         72
  C:281FH         LINE#         73
  C:2821H         LINE#         74
  -------         ENDPROC       LCD_DISPLAY_ON
  -------         PROC          LCD_DISPLAY
  C:1D57H         LINE#         79
  C:1D57H         LINE#         80
  C:1D57H         LINE#         81
  C:1D64H         LINE#         82
  C:1D64H         LINE#         83
  C:1D67H         LINE#         84
  C:1D92H         LINE#         85
  C:1D92H         LINE#         86
  C:1D92H         LINE#         88
  C:1D95H         LINE#         90
  C:1D95H         LINE#         91
  C:1D95H         LINE#         92
  C:1D95H         LINE#         93
  C:1D95H         LINE#         95
  C:1D98H         LINE#         96
  C:1D9BH         LINE#         97
  C:1DA1H         LINE#         98
  C:1DA2H         LINE#         99
  C:1DA2H         LINE#         100
  C:1DA4H         LINE#         101
  C:1DA6H         LINE#         102
  C:1DA6H         LINE#         103
  C:1DA6H         LINE#         104
  C:1DA9H         LINE#         105
  C:1DACH         LINE#         106
  C:1DB2H         LINE#         107
  C:1DB3H         LINE#         108
  C:1DB3H         LINE#         110
  C:1DB5H         LINE#         111
  C:1DB7H         LINE#         112
  C:1DB9H         LINE#         113
  C:1DB9H         LINE#         115
  C:1DBCH         LINE#         116
  C:1DBFH         LINE#         117
  C:1DC5H         LINE#         118
  C:1DC6H         LINE#         119
  C:1DC6H         LINE#         121
BL51 BANKED LINKER/LOCATER V6.22                                                      08/26/2020  19:34:26  PAGE 32


  C:1DC8H         LINE#         122
  C:1DCAH         LINE#         123
  C:1DCCH         LINE#         124
  C:1DCEH         LINE#         125
  C:1DD1H         LINE#         127
  C:1DD4H         LINE#         128
  C:1DDAH         LINE#         129
  C:1DDBH         LINE#         130
  C:1DDBH         LINE#         131
  C:1DDEH         LINE#         133
  C:1DDEH         LINE#         134
  C:1DDEH         LINE#         135
  C:1DDEH         LINE#         136
  C:1DDEH         LINE#         139
  C:1DE1H         LINE#         141
  C:1DE4H         LINE#         143
  C:1DEAH         LINE#         144
  C:1DEBH         LINE#         145
  C:1DEBH         LINE#         147
  C:1DEDH         LINE#         148
  C:1DEFH         LINE#         149
  C:1DEFH         LINE#         150
  C:1DEFH         LINE#         151
  C:1DF2H         LINE#         153
  C:1DF5H         LINE#         154
  C:1DFBH         LINE#         155
  C:1DFCH         LINE#         156
  C:1DFCH         LINE#         158
  C:1DFEH         LINE#         159
  C:1E00H         LINE#         160
  C:1E02H         LINE#         161
  C:1E02H         LINE#         162
  C:1E05H         LINE#         163
  C:1E08H         LINE#         164
  C:1E0EH         LINE#         165
  C:1E0FH         LINE#         166
  C:1E0FH         LINE#         168
  C:1E11H         LINE#         169
  C:1E13H         LINE#         170
  C:1E15H         LINE#         171
  C:1E17H         LINE#         174
  C:1E1AH         LINE#         176
  C:1E1DH         LINE#         178
  C:1E1DH         LINE#         179
  C:1E1FH         LINE#         180
  C:1E1FH         LINE#         181
  C:1E24H         LINE#         182
  C:1E25H         LINE#         183
  C:1E25H         LINE#         184
  C:1E25H         LINE#         185
  C:1E2CH         LINE#         186
  C:1E2CH         LINE#         187
  C:1E2FH         LINE#         188
  C:1E2FH         LINE#         189
  -------         ENDPROC       LCD_DISPLAY
  C:1243H         SYMBOL        L?0205
  -------         PROC          L?0204
BL51 BANKED LINKER/LOCATER V6.22                                                      08/26/2020  19:34:26  PAGE 33


  -------         ENDPROC       L?0204
  C:1243H         SYMBOL        L?0205
  -------         PROC          _SET_GAP
  D:0007H         SYMBOL        number
  C:1248H         LINE#         367
  C:1248H         LINE#         368
  C:1248H         LINE#         369
  C:1277H         LINE#         370
  C:1277H         LINE#         371
  C:1277H         LINE#         372
  C:1281H         LINE#         373
  C:1281H         LINE#         375
  C:1283H         LINE#         376
  C:1285H         LINE#         377
  C:1285H         LINE#         378
  C:128EH         LINE#         379
  C:128EH         LINE#         380
  C:1290H         LINE#         381
  C:1292H         LINE#         382
  C:1292H         LINE#         383
  C:129BH         LINE#         384
  C:129BH         LINE#         385
  C:129DH         LINE#         386
  C:129FH         LINE#         387
  C:129FH         LINE#         388
  C:12ACH         LINE#         389
  C:12ACH         LINE#         390
  C:12ACH         LINE#         391
  C:12ACH         LINE#         392
  C:12ACH         LINE#         394
  C:12AFH         LINE#         395
[...]
  C:1415H         LINE#         543
  C:1415H         LINE#         544
BL51 BANKED LINKER/LOCATER V6.22                                                      08/26/2020  19:34:26  PAGE 36


  C:1417H         LINE#         545
  C:1419H         LINE#         546
  C:1419H         LINE#         547
  C:1422H         LINE#         548
  C:1422H         LINE#         549
  C:1424H         LINE#         550
  C:1426H         LINE#         551
  C:1426H         LINE#         552
  C:1433H         LINE#         553
  C:1433H         LINE#         554
  C:1435H         LINE#         555
  C:1437H         LINE#         556
  C:1437H         LINE#         557
  C:1438H         LINE#         558
  C:1438H         LINE#         559
  C:1442H         LINE#         560
  C:1442H         LINE#         562
  C:1444H         LINE#         563
  C:1446H         LINE#         564
  C:1446H         LINE#         565
  C:144FH         LINE#         566
  C:144FH         LINE#         567
  C:1451H         LINE#         568
  C:1453H         LINE#         569
  C:1453H         LINE#         570
  C:145CH         LINE#         571
  C:145CH         LINE#         572
  C:145EH         LINE#         573
  C:1460H         LINE#         574
  C:1460H         LINE#         575
  C:146DH         LINE#         576
  C:146DH         LINE#         577
  C:146FH         LINE#         578
  C:1471H         LINE#         579
  C:1471H         LINE#         580
  C:1472H         LINE#         581
  C:1472H         LINE#         582
  C:147CH         LINE#         583
  C:147CH         LINE#         585
  C:147EH         LINE#         586
  C:1480H         LINE#         587
  C:1480H         LINE#         588
  C:1489H         LINE#         589
  C:1489H         LINE#         590
  C:148BH         LINE#         591
  C:148DH         LINE#         592
  C:148DH         LINE#         593
  C:1496H         LINE#         594
  C:1496H         LINE#         595
  C:1498H         LINE#         596
  C:149AH         LINE#         597
  C:149AH         LINE#         598
  C:14A4H         LINE#         599
  C:14A4H         LINE#         600
  C:14A6H         LINE#         601
  C:14A8H         LINE#         602
  C:14A8H         LINE#         603
BL51 BANKED LINKER/LOCATER V6.22                                                      08/26/2020  19:34:26  PAGE 37


  C:14A9H         LINE#         604
  C:14A9H         LINE#         605
  C:14B3H         LINE#         606
  C:14B3H         LINE#         608
  C:14B5H         LINE#         609
  C:14B7H         LINE#         610
  C:14B7H         LINE#         611
  C:14C0H         LINE#         612
  C:14C0H         LINE#         613
  C:14C2H         LINE#         614
  C:14C4H         LINE#         615
  C:14C4H         LINE#         616
  C:14CDH         LINE#         617
  C:14CDH         LINE#         618
  C:14CFH         LINE#         619
  C:14D1H         LINE#         620
  C:14D1H         LINE#         621
  C:14DBH         LINE#         622
  C:14DBH         LINE#         623
  C:14DDH         LINE#         624
  C:14DFH         LINE#         625
  C:14DFH         LINE#         626
  C:14E0H         LINE#         627
  C:14E0H         LINE#         628
  C:14E2H         LINE#         629
  C:14E4H         LINE#         630
  C:14E6H         LINE#         631
  C:14E8H         LINE#         632
  C:14EAH         LINE#         633
  C:14EBH         LINE#         634
  C:14EBH         LINE#         635
  C:14EDH         LINE#         636
  C:14EFH         LINE#         637
  C:14F1H         LINE#         638
  C:14F3H         LINE#         639
  C:14F5H         LINE#         640
  C:14F5H         LINE#         641
  C:14F5H         LINE#         643
  -------         ENDPROC       _SET_GAP
  C:14FAH         SYMBOL        L?0201
  C:14FCH         SYMBOL        L?0202
  C:14FEH         SYMBOL        L?0203
  -------         PROC          L?0200
  -------         ENDPROC       L?0200
  C:14FAH         SYMBOL        L?0201
  C:14FCH         SYMBOL        L?0202
  C:14FEH         SYMBOL        L?0203
  -------         PROC          _SET_TIME
  D:0007H         SYMBOL        number
  C:1503H         LINE#         645
  C:1503H         LINE#         646
  C:1503H         LINE#         647
  C:1526H         LINE#         648
  C:1526H         LINE#         649
  C:1526H         LINE#         650
  C:1530H         LINE#         651
  C:1530H         LINE#         652
BL51 BANKED LINKER/LOCATER V6.22                                                      08/26/2020  19:34:26  PAGE 38


  C:1532H         LINE#         653
  C:1534H         LINE#         654
  C:1536H         LINE#         655
  C:1536H         LINE#         656
  C:153FH         LINE#         657
  C:153FH         LINE#         658
  C:1541H         LINE#         659
  C:1543H         LINE#         660
  C:1545H         LINE#         661
  C:1545H         LINE#         662
  C:154EH         LINE#         663
  C:154EH         LINE#         664
  C:1550H         LINE#         665
  C:1552H         LINE#         666
  C:1554H         LINE#         667
  C:1554H         LINE#         668
  C:1561H         LINE#         669
  C:1561H         LINE#         670
  C:1561H         LINE#         671
  C:1561H         LINE#         672
  C:1561H         LINE#         673
  C:1561H         LINE#         675
  C:1564H         LINE#         676
  C:1564H         LINE#         677
  C:156EH         LINE#         678
  C:156EH         LINE#         679
  C:1570H         LINE#         680
  C:1572H         LINE#         681
  C:1574H         LINE#         682
  C:1574H         LINE#         683
  C:157DH         LINE#         684
  C:157DH         LINE#         685
  C:157FH         LINE#         686
  C:1581H         LINE#         687
  C:1583H         LINE#         688
  C:1583H         LINE#         689
  C:158CH         LINE#         690
  C:158CH         LINE#         691
  C:158EH         LINE#         692
  C:1590H         LINE#         693
  C:1592H         LINE#         694
  C:1592H         LINE#         695
  C:159FH         LINE#         696
  C:159FH         LINE#         697
  C:159FH         LINE#         698
  C:159FH         LINE#         699
  C:159FH         LINE#         700
  C:159FH         LINE#         701
  C:15A2H         LINE#         703
  C:15A2H         LINE#         704
  C:15ACH         LINE#         705
  C:15ACH         LINE#         706
  C:15AEH         LINE#         707
  C:15B0H         LINE#         708
  C:15B2H         LINE#         709
  C:15B2H         LINE#         710
  C:15BBH         LINE#         711
BL51 BANKED LINKER/LOCATER V6.22                                                      08/26/2020  19:34:26  PAGE 39


  C:15BBH         LINE#         712
  C:15BDH         LINE#         713
  C:15BFH         LINE#         714
  C:15C1H         LINE#         715
  C:15C1H         LINE#         716
  C:15CAH         LINE#         717
  C:15CAH         LINE#         718
  C:15CCH         LINE#         719
  C:15CEH         LINE#         720
  C:15D0H         LINE#         721
  C:15D0H         LINE#         722
  C:15DDH         LINE#         723
  C:15DDH         LINE#         724
  C:15DDH         LINE#         725
  C:15DDH         LINE#         726
  C:15DDH         LINE#         727
  C:15DDH         LINE#         728
  C:15E0H         LINE#         730
  C:15E0H         LINE#         731
  C:15EAH         LINE#         732
  C:15EAH         LINE#         733
  C:15ECH         LINE#         734
  C:15EEH         LINE#         735
  C:15F0H         LINE#         736
  C:15F0H         LINE#         737
  C:15F9H         LINE#         738
  C:15F9H         LINE#         739
  C:15FBH         LINE#         740
  C:15FDH         LINE#         741
  C:15FFH         LINE#         742
  C:15FFH         LINE#         743
  C:1608H         LINE#         744
  C:1608H         LINE#         745
  C:160AH         LINE#         746
  C:160CH         LINE#         747
  C:160EH         LINE#         748
  C:160EH         LINE#         749
  C:1618H         LINE#         750
  C:1618H         LINE#         751
  C:1618H         LINE#         752
  C:1618H         LINE#         753
  C:1618H         LINE#         754
  C:1618H         LINE#         755
  C:161AH         LINE#         756
  C:161AH         LINE#         757
  C:1624H         LINE#         758
  C:1624H         LINE#         759
  C:1626H         LINE#         760
  C:1628H         LINE#         761
  C:162AH         LINE#         762
  C:162AH         LINE#         763
  C:1633H         LINE#         764
  C:1633H         LINE#         765
  C:1635H         LINE#         766
  C:1637H         LINE#         767
  C:1639H         LINE#         768
  C:1639H         LINE#         769
BL51 BANKED LINKER/LOCATER V6.22                                                      08/26/2020  19:34:26  PAGE 40


  C:1642H         LINE#         770
  C:1642H         LINE#         771
  C:1644H         LINE#         772
  C:1646H         LINE#         773
  C:1648H         LINE#         774
  C:1648H         LINE#         775
  C:1652H         LINE#         776
  C:1652H         LINE#         777
  C:1652H         LINE#         778
  C:1652H         LINE#         779
  C:1652H         LINE#         780
  C:1652H         LINE#         781
  C:1654H         LINE#         782
  C:1654H         LINE#         783
  C:165EH         LINE#         784
  C:165EH         LINE#         785
  C:1660H         LINE#         786
  C:1662H         LINE#         787
  C:1664H         LINE#         788
  C:1664H         LINE#         789
  C:166DH         LINE#         790
  C:166DH         LINE#         791
  C:166FH         LINE#         792
  C:1671H         LINE#         793
  C:1673H         LINE#         794
  C:1673H         LINE#         795
  C:167CH         LINE#         796
  C:167CH         LINE#         797
  C:167EH         LINE#         798
  C:1680H         LINE#         799
  C:1682H         LINE#         800
  C:1682H         LINE#         801
  C:168BH         LINE#         802
  C:168BH         LINE#         803
  C:168DH         LINE#         804
  C:168FH         LINE#         805
  C:1691H         LINE#         806
  C:1691H         LINE#         807
  C:1691H         LINE#         808
  C:1691H         LINE#         810
  -------         ENDPROC       _SET_TIME
  -------         ENDMOD        LCDDISPLAY

  -------         MODULE        PID
  C:0000H         SYMBOL        _ICE_DUMMY_
  D:0080H         PUBLIC        P0
  D:0090H         PUBLIC        P1
  D:00A0H         PUBLIC        P2
  D:00B0H         PUBLIC        P3
  D:00A8H         PUBLIC        IE
  D:00F8H         PUBLIC        RSTFR
  X:0061H         PUBLIC        spid
  D:0098H         PUBLIC        SCON
  D:0088H         PUBLIC        TCON
  D:00B8H         PUBLIC        IE1
  D:00D8H         PUBLIC        IE2
  C:27FAH         SYMBOL        _?ix1000
BL51 BANKED LINKER/LOCATER V6.22                                                      08/26/2020  19:34:26  PAGE 41


  C:26C4H         PUBLIC        PID_Init
  X:0079H         PUBLIC        PID_RunFlag
  C:0E1BH         PUBLIC        PID_Operation
  D:00D0H         PUBLIC        PSW
  -------         PROC          PID_INIT
  C:26C4H         LINE#         14
  C:26C4H         LINE#         15
  C:26C4H         LINE#         16
  C:26CBH         LINE#         17
  C:26D1H         LINE#         18
  C:26D5H         LINE#         20
  C:26DAH         LINE#         21
  C:26DEH         LINE#         22
  C:26E3H         LINE#         23
  -------         ENDPROC       PID_INIT
  -------         PROC          PID_OPERATION
  -------         DO            
  X:0006H         SYMBOL        temp
  X:0012H         SYMBOL        PostSum
  X:0016H         SYMBOL        NegSum
  -------         ENDDO         
  C:0E1BH         LINE#         33
  C:0E1BH         LINE#         34
  C:0E1BH         LINE#         35
  C:0E2EH         LINE#         36
  C:0E38H         LINE#         37
  C:0E42H         LINE#         38
  C:0E5BH         LINE#         39
  C:0E5BH         LINE#         40
  C:0E6AH         LINE#         41
  C:0E6AH         LINE#         42
  C:0E6AH         LINE#         43
  C:0E6DH         LINE#         45
  C:0E6DH         LINE#         46
  C:0E76H         LINE#         47
  C:0E7BH         LINE#         49
  C:0E8DH         LINE#         50
  C:0E9FH         LINE#         51
  C:0EB3H         LINE#         53
  C:0ED5H         LINE#         54
  C:0ED5H         LINE#         55
  C:0F01H         LINE#         56
  C:0F06H         LINE#         57
  C:0F08H         LINE#         59
  C:0F08H         LINE#         60
  C:0F33H         LINE#         61
  C:0F39H         LINE#         62
  C:0F39H         LINE#         64
  C:0F56H         LINE#         65
  C:0F90H         LINE#         66
  C:0F90H         LINE#         67
  C:0FD4H         LINE#         68
  C:0FD9H         LINE#         69
  C:0FDBH         LINE#         71
  C:0FDBH         LINE#         72
  C:1032H         LINE#         73
  C:1038H         LINE#         74
BL51 BANKED LINKER/LOCATER V6.22                                                      08/26/2020  19:34:26  PAGE 42


  C:1038H         LINE#         76
  C:1058H         LINE#         77
  C:1078H         LINE#         78
  C:1098H         LINE#         81
  C:109EH         LINE#         82
  C:109EH         LINE#         83
  C:10C9H         LINE#         84
  C:10CBH         LINE#         86
  C:10CBH         LINE#         87
  C:10F9H         LINE#         88
  C:10F9H         LINE#         90
  C:10FFH         LINE#         91
  C:10FFH         LINE#         92
  C:112DH         LINE#         93
  C:112DH         LINE#         96
  C:1133H         LINE#         97
  C:1133H         LINE#         98
  C:115CH         LINE#         99
  C:115EH         LINE#         101
  C:115EH         LINE#         102
  C:118CH         LINE#         103
  C:118CH         LINE#         105
  C:11B7H         LINE#         106
  C:11D9H         LINE#         107
  C:11D9H         LINE#         108
  C:1205H         LINE#         109
  C:121FH         LINE#         110
  C:121FH         LINE#         111
  C:1230H         LINE#         112
  C:1231H         LINE#         114
  C:1231H         LINE#         115
  C:123AH         LINE#         116
  C:123AH         LINE#         117
  C:123BH         LINE#         126
  C:123BH         LINE#         127
  C:1242H         LINE#         128
  C:1242H         LINE#         129
  -------         ENDPROC       PID_OPERATION
  -------         ENDMOD        PID

  -------         MODULE        ?C?FPADD
  C:0015H         PUBLIC        ?C?FPADD
  C:0011H         PUBLIC        ?C?FPSUB
  -------         ENDMOD        ?C?FPADD

  -------         MODULE        ?C?FPMUL
  C:0106H         PUBLIC        ?C?FPMUL
  -------         ENDMOD        ?C?FPMUL

  -------         MODULE        ?C?FPDIV
  C:020FH         PUBLIC        ?C?FPDIV
  -------         ENDMOD        ?C?FPDIV

  -------         MODULE        ?C?FPCMP
  C:02AEH         PUBLIC        ?C?FPCMP
  C:02ACH         PUBLIC        ?C?FPCMP3
  -------         ENDMOD        ?C?FPCMP
BL51 BANKED LINKER/LOCATER V6.22                                                      08/26/2020  19:34:26  PAGE 43



  -------         MODULE        ?C?FCAST
  C:032FH         PUBLIC        ?C?FCASTC
  C:032AH         PUBLIC        ?C?FCASTI
  C:0325H         PUBLIC        ?C?FCASTL
  -------         ENDMOD        ?C?FCAST

  -------         MODULE        ?C?CASTF
  C:0363H         PUBLIC        ?C?CASTF
  -------         ENDMOD        ?C?CASTF

  -------         MODULE        PRINTF
  X:0031H         PUBLIC        ?_PRINTF?BYTE
  X:0031H         PUBLIC        ?_SPRINTF?BYTE
  C:0A03H         PUBLIC        _PRINTF
  C:09FDH         PUBLIC        _SPRINTF
  -------         ENDMOD        PRINTF

  -------         MODULE        ?C?FPROUND
  C:03E4H         PUBLIC        ?C?FPROUND
  -------         ENDMOD        ?C?FPROUND

  -------         MODULE        ?C?FPCONVERT
  C:0421H         PUBLIC        ?C?FPCONVERT
  -------         ENDMOD        ?C?FPCONVERT

  -------         MODULE        ?C?FTNPWR
  C:0556H         PUBLIC        ?C?FTNPWR
  -------         ENDMOD        ?C?FTNPWR

  -------         MODULE        ?C?COPY
  C:0666H         PUBLIC        ?C?COPY
  -------         ENDMOD        ?C?COPY

  -------         MODULE        ?C?CLDPTR
  C:068CH         PUBLIC        ?C?CLDPTR
  -------         ENDMOD        ?C?CLDPTR

  -------         MODULE        ?C?CLDOPTR
  C:06A5H         PUBLIC        ?C?CLDOPTR
  -------         ENDMOD        ?C?CLDOPTR

  -------         MODULE        ?C?CSTPTR
  C:06D2H         PUBLIC        ?C?CSTPTR
  -------         ENDMOD        ?C?CSTPTR

  -------         MODULE        ?C?IMUL
  C:06E4H         PUBLIC        ?C?IMUL
  -------         ENDMOD        ?C?IMUL

  -------         MODULE        ?C?UIDIV
  C:06F6H         PUBLIC        ?C?UIDIV
  -------         ENDMOD        ?C?UIDIV

  -------         MODULE        ?C?IILDX
  C:074BH         PUBLIC        ?C?IILDX
  -------         ENDMOD        ?C?IILDX
BL51 BANKED LINKER/LOCATER V6.22                                                      08/26/2020  19:34:26  PAGE 44



  -------         MODULE        ?C?ILDIX
  C:0761H         PUBLIC        ?C?ILDIX
  -------         ENDMOD        ?C?ILDIX

  -------         MODULE        ?C?ISTPTR
  C:0777H         PUBLIC        ?C?ISTPTR
  -------         ENDMOD        ?C?ISTPTR

  -------         MODULE        ?C?LMUL
  C:0796H         PUBLIC        ?C?LMUL
  -------         ENDMOD        ?C?LMUL

  -------         MODULE        ?C?ULDIV
  C:0821H         PUBLIC        ?C?ULDIV
  -------         ENDMOD        ?C?ULDIV

  -------         MODULE        ?C?LNEG
  C:08B3H         PUBLIC        ?C?LNEG
  -------         ENDMOD        ?C?LNEG

  -------         MODULE        ?C?SLCMP
  C:08C1H         PUBLIC        ?C?SLCMP
  -------         ENDMOD        ?C?SLCMP

  -------         MODULE        ?C?ULCMP
  C:08D7H         PUBLIC        ?C?ULCMP
  -------         ENDMOD        ?C?ULCMP

  -------         MODULE        ?C?LSTXDATA
  C:08E8H         PUBLIC        ?C?LSTXDATA
  -------         ENDMOD        ?C?LSTXDATA

  -------         MODULE        ?C?LSTKXDATA
  C:08F4H         PUBLIC        ?C?LSTKXDATA
  -------         ENDMOD        ?C?LSTKXDATA

  -------         MODULE        ?C?PLDIXDATA
  C:0925H         PUBLIC        ?C?PLDIXDATA
  -------         ENDMOD        ?C?PLDIXDATA

  -------         MODULE        ?C?PSTXDATA
  C:093CH         PUBLIC        ?C?PSTXDATA
  -------         ENDMOD        ?C?PSTXDATA

  -------         MODULE        ?C?CCASE
  C:0945H         PUBLIC        ?C?CCASE
  -------         ENDMOD        ?C?CCASE

  -------         MODULE        ?C?LIMUL
  C:096BH         PUBLIC        ?C?LIMUL
  -------         ENDMOD        ?C?LIMUL

*** WARNING L16: UNCALLED SEGMENT, IGNORED FOR OVERLAY PROCESS
    SEGMENT: ?PR?_SET_TIME_SEC_VAL?TIMER

*** WARNING L15: MULTIPLE CALL TO SEGMENT
BL51 BANKED LINKER/LOCATER V6.22                                                      08/26/2020  19:34:26  PAGE 45


    SEGMENT: ?PR?PRINTF?PRINTF
    CALLER1: ?C_C51STARTUP
    CALLER2: ?PR?TIMER0_RPT?TIMER

Program Size: data=21.2 xdata=279 code=10314
LINK/LOCATE RUN COMPLETE.  2 WARNING(S),  0 ERROR(S)
