BL51 BANKED LINKER/LOCATER V6.22                                                        08/31/2020  16:44:34  PAGE 1


BL51 BANKED LINKER/LOCATER V6.22, INVOKED BY:
C:\PROGRAM_LIST\KEIL\C51\BIN\BL51.EXE .\Objects\STARTUP.obj, .\Objects\main.obj, .\Objects\delay.obj, .\Objects\adc.obj,
>>  .\Objects\flash.obj, .\Objects\uart.obj, .\Objects\key.obj, .\Objects\pwm.obj, .\Objects\wdt.obj, .\Objects\timer.ob
>> j, .\Objects\lcddisplay.obj, .\Objects\PID.obj TO .\Objects\K8104_hex PRINT (.\Listings\K8104_hex.m51) RAMSIZE (256)


MEMORY MODEL: LARGE WITH FLOATING POINT ARITHMETIC


INPUT MODULES INCLUDED:
  .\Objects\STARTUP.obj (?C_STARTUP)
  .\Objects\main.obj (MAIN)
  .\Objects\delay.obj (DELAY)
  .\Objects\adc.obj (ADC)
  .\Objects\flash.obj (FLASH)
  .\Objects\uart.obj (UART)
  .\Objects\key.obj (KEY)
  .\Objects\pwm.obj (PWM)
  .\Objects\wdt.obj (WDT)
  .\Objects\timer.obj (TIMER)
  .\Objects\lcddisplay.obj (LCDDISPLAY)
  .\Objects\PID.obj (PID)
  C:\PROGRAM_LIST\KEIL\C51\LIB\C51FPL.LIB (?C?FPADD)
  C:\PROGRAM_LIST\KEIL\C51\LIB\C51FPL.LIB (?C?FPMUL)
  C:\PROGRAM_LIST\KEIL\C51\LIB\C51FPL.LIB (?C?FPDIV)
  C:\PROGRAM_LIST\KEIL\C51\LIB\C51FPL.LIB (?C?FPCMP)
  C:\PROGRAM_LIST\KEIL\C51\LIB\C51FPL.LIB (?C?FCAST)
  C:\PROGRAM_LIST\KEIL\C51\LIB\C51FPL.LIB (?C?CASTF)
  C:\PROGRAM_LIST\KEIL\C51\LIB\C51FPL.LIB (PRINTF)
  C:\PROGRAM_LIST\KEIL\C51\LIB\C51FPL.LIB (?C?FPGETOPN)
  C:\PROGRAM_LIST\KEIL\C51\LIB\C51FPL.LIB (?C?FPROUND)
  C:\PROGRAM_LIST\KEIL\C51\LIB\C51FPL.LIB (?C?FPCONVERT)
  C:\PROGRAM_LIST\KEIL\C51\LIB\C51FPL.LIB (?C?FTNPWR)
  C:\PROGRAM_LIST\KEIL\C51\LIB\C51L.LIB (?C_INIT)
  C:\PROGRAM_LIST\KEIL\C51\LIB\C51L.LIB (?C?COPY)
  C:\PROGRAM_LIST\KEIL\C51\LIB\C51L.LIB (?C?CLDPTR)
  C:\PROGRAM_LIST\KEIL\C51\LIB\C51L.LIB (?C?CLDOPTR)
  C:\PROGRAM_LIST\KEIL\C51\LIB\C51L.LIB (?C?CSTPTR)
  C:\PROGRAM_LIST\KEIL\C51\LIB\C51L.LIB (?C?IMUL)
  C:\PROGRAM_LIST\KEIL\C51\LIB\C51L.LIB (?C?UIDIV)
  C:\PROGRAM_LIST\KEIL\C51\LIB\C51L.LIB (?C?IILDX)
  C:\PROGRAM_LIST\KEIL\C51\LIB\C51L.LIB (?C?ILDIX)
  C:\PROGRAM_LIST\KEIL\C51\LIB\C51L.LIB (?C?ISTPTR)
  C:\PROGRAM_LIST\KEIL\C51\LIB\C51L.LIB (?C?LMUL)
  C:\PROGRAM_LIST\KEIL\C51\LIB\C51L.LIB (?C?ULDIV)
  C:\PROGRAM_LIST\KEIL\C51\LIB\C51L.LIB (?C?LNEG)
  C:\PROGRAM_LIST\KEIL\C51\LIB\C51L.LIB (?C?SLCMP)
  C:\PROGRAM_LIST\KEIL\C51\LIB\C51L.LIB (?C?ULCMP)
  C:\PROGRAM_LIST\KEIL\C51\LIB\C51L.LIB (?C?LSTXDATA)
  C:\PROGRAM_LIST\KEIL\C51\LIB\C51L.LIB (?C?LSTKXDATA)
  C:\PROGRAM_LIST\KEIL\C51\LIB\C51L.LIB (?C?PLDIXDATA)
  C:\PROGRAM_LIST\KEIL\C51\LIB\C51L.LIB (?C?PSTXDATA)
  C:\PROGRAM_LIST\KEIL\C51\LIB\C51L.LIB (?C?CCASE)
  C:\PROGRAM_LIST\KEIL\C51\LIB\C51L.LIB (?C?LIMUL)


LINK MAP OF MODULE:  .\Objects\K8104_hex (?C_STARTUP)

BL51 BANKED LINKER/LOCATER V6.22                                                      08/31/2020  16:44:34  PAGE 2



            TYPE    BASE      LENGTH    RELOCATION   SEGMENT NAME
            -----------------------------------------------------

            * * * * * * *   D A T A   M E M O R Y   * * * * * * *
            REG     0000H     0008H     ABSOLUTE     "REG BANK 0"
            DATA    0008H     000AH     UNIT         _DATA_GROUP_
                    0012H     000EH                  *** GAP ***
            BIT     0020H.0   0002H.2   UNIT         _BIT_GROUP_
                    0022H.2   0000H.6                *** GAP ***
            IDATA   0023H     0001H     UNIT         ?STACK

            * * * * * * *  X D A T A   M E M O R Y  * * * * * * *
            XDATA   0000H     0066H     UNIT         _XDATA_GROUP_
            XDATA   0066H     0019H     UNIT         ?XD?PID
            XDATA   007FH     000FH     UNIT         ?XD?TIMER
            XDATA   008EH     0009H     UNIT         ?XD?FLASH
            XDATA   0097H     0006H     UNIT         ?XD?KEY
            XDATA   009DH     0005H     UNIT         ?XD?LCDDISPLAY
            XDATA   00A2H     0004H     UNIT         ?XD?MAIN
            XDATA   00A6H     0001H     UNIT         ?XD?PWM
                    00A7H     FDCDH                  *** GAP ***
            XDATA   FE74H     0001H     ABSOLUTE     
            XDATA   FE75H     0001H     ABSOLUTE     
            XDATA   FE76H     0001H     ABSOLUTE     
            XDATA   FE77H     0001H     ABSOLUTE     
                    FE78H     0008H                  *** GAP ***
            XDATA   FE80H     0001H     ABSOLUTE     
                    FE81H     0004H                  *** GAP ***
            XDATA   FE85H     0001H     ABSOLUTE     
                    FE86H     0002H                  *** GAP ***
            XDATA   FE88H     0001H     ABSOLUTE     
            XDATA   FE89H     0001H     ABSOLUTE     
            XDATA   FE8AH     0001H     ABSOLUTE     
                    FE8BH     0006H                  *** GAP ***
            XDATA   FE91H     0001H     ABSOLUTE     
            XDATA   FE92H     0001H     ABSOLUTE     
            XDATA   FE93H     0001H     ABSOLUTE     
            XDATA   FE94H     0001H     ABSOLUTE     
            XDATA   FE95H     0001H     ABSOLUTE     
                    FE96H     0005H                  *** GAP ***
            XDATA   FE9BH     0001H     ABSOLUTE     
                    FE9CH     0004H                  *** GAP ***
            XDATA   FEA0H     0001H     ABSOLUTE     
                    FEA1H     0001H                  *** GAP ***
            XDATA   FEA2H     0001H     ABSOLUTE     
                    FEA3H     0001H                  *** GAP ***
            XDATA   FEA4H     0001H     ABSOLUTE     
            XDATA   FEA5H     0001H     ABSOLUTE     
                    FEA6H     0001H                  *** GAP ***
            XDATA   FEA7H     0001H     ABSOLUTE     
                    FEA8H     0002H                  *** GAP ***
            XDATA   FEAAH     0001H     ABSOLUTE     
                    FEABH     0005H                  *** GAP ***
            XDATA   FEB0H     0001H     ABSOLUTE     
            XDATA   FEB1H     0001H     ABSOLUTE     
            XDATA   FEB2H     0001H     ABSOLUTE     
BL51 BANKED LINKER/LOCATER V6.22                                                      08/31/2020  16:44:34  PAGE 3


            XDATA   FEB3H     0001H     ABSOLUTE     
            XDATA   FEB4H     0001H     ABSOLUTE     
                    FEB5H     0003H                  *** GAP ***
            XDATA   FEB8H     0001H     ABSOLUTE     
            XDATA   FEB9H     0001H     ABSOLUTE     
            XDATA   FEBAH     0001H     ABSOLUTE     
                    FEBBH     0001H                  *** GAP ***
            XDATA   FEBCH     0001H     ABSOLUTE     
            XDATA   FEBDH     0001H     ABSOLUTE     
            XDATA   FEBEH     0001H     ABSOLUTE     
                    FEBFH     0001H                  *** GAP ***
            XDATA   FEC0H     0001H     ABSOLUTE     
                    FEC1H     000FH                  *** GAP ***
            XDATA   FED0H     0001H     ABSOLUTE     
            XDATA   FED1H     0001H     ABSOLUTE     
            XDATA   FED2H     0001H     ABSOLUTE     
            XDATA   FED3H     0001H     ABSOLUTE     
                    FED4H     000CH                  *** GAP ***
            XDATA   FEE0H     0002H     ABSOLUTE     
            XDATA   FEE2H     0002H     ABSOLUTE     
            XDATA   FEE4H     0002H     ABSOLUTE     
            XDATA   FEE6H     0002H     ABSOLUTE     
            XDATA   FEE8H     0002H     ABSOLUTE     
            XDATA   FEEAH     0002H     ABSOLUTE     
            XDATA   FEECH     0002H     ABSOLUTE     
            XDATA   FEEEH     0002H     ABSOLUTE     
                    FEF0H     0010H                  *** GAP ***
            XDATA   FF00H     0001H     ABSOLUTE     
            XDATA   FF01H     0001H     ABSOLUTE     
            XDATA   FF02H     0001H     ABSOLUTE     
            XDATA   FF03H     0001H     ABSOLUTE     
            XDATA   FF04H     0001H     ABSOLUTE     
            XDATA   FF05H     0001H     ABSOLUTE     
            XDATA   FF06H     0001H     ABSOLUTE     
            XDATA   FF07H     0001H     ABSOLUTE     
            XDATA   FF08H     0001H     ABSOLUTE     
            XDATA   FF09H     0001H     ABSOLUTE     
            XDATA   FF0AH     0001H     ABSOLUTE     
            XDATA   FF0BH     0001H     ABSOLUTE     
            XDATA   FF0CH     0001H     ABSOLUTE     
            XDATA   FF0DH     0001H     ABSOLUTE     
            XDATA   FF0EH     0001H     ABSOLUTE     
            XDATA   FF0FH     0001H     ABSOLUTE     
            XDATA   FF10H     0001H     ABSOLUTE     
            XDATA   FF11H     0001H     ABSOLUTE     
            XDATA   FF12H     0001H     ABSOLUTE     
            XDATA   FF13H     0001H     ABSOLUTE     
            XDATA   FF14H     0001H     ABSOLUTE     
            XDATA   FF15H     0001H     ABSOLUTE     
            XDATA   FF16H     0001H     ABSOLUTE     
            XDATA   FF17H     0001H     ABSOLUTE     
            XDATA   FF18H     0001H     ABSOLUTE     
            XDATA   FF19H     0001H     ABSOLUTE     
            XDATA   FF1AH     0001H     ABSOLUTE     
            XDATA   FF1BH     0001H     ABSOLUTE     
            XDATA   FF1CH     0001H     ABSOLUTE     
            XDATA   FF1DH     0001H     ABSOLUTE     
BL51 BANKED LINKER/LOCATER V6.22                                                      08/31/2020  16:44:34  PAGE 4


                    FF1EH     0022H                  *** GAP ***
            XDATA   FF40H     0001H     ABSOLUTE     
            XDATA   FF41H     0001H     ABSOLUTE     
            XDATA   FF42H     0001H     ABSOLUTE     
                    FF43H     001DH                  *** GAP ***
            XDATA   FF60H     0001H     ABSOLUTE     
            XDATA   FF61H     0001H     ABSOLUTE     
            XDATA   FF62H     0001H     ABSOLUTE     
            XDATA   FF63H     0001H     ABSOLUTE     
                    FF64H     0004H                  *** GAP ***
            XDATA   FF68H     0001H     ABSOLUTE     
            XDATA   FF69H     0001H     ABSOLUTE     
            XDATA   FF6AH     0001H     ABSOLUTE     
            XDATA   FF6BH     0001H     ABSOLUTE     
                    FF6CH     0014H                  *** GAP ***
            XDATA   FF80H     0001H     ABSOLUTE     
            XDATA   FF81H     0001H     ABSOLUTE     
                    FF82H     0001H                  *** GAP ***
            XDATA   FF83H     0001H     ABSOLUTE     
            XDATA   FF84H     0001H     ABSOLUTE     
            XDATA   FF85H     0001H     ABSOLUTE     
                    FF86H     0009H                  *** GAP ***
            XDATA   FF8FH     0001H     ABSOLUTE     
            XDATA   FF90H     0001H     ABSOLUTE     
            XDATA   FF91H     0001H     ABSOLUTE     
                    FF92H     0002H                  *** GAP ***
            XDATA   FF94H     0001H     ABSOLUTE     
            XDATA   FF95H     0001H     ABSOLUTE     
                    FF96H     0002H                  *** GAP ***
            XDATA   FF98H     0001H     ABSOLUTE     
            XDATA   FF99H     0001H     ABSOLUTE     
                    FF9AH     0002H                  *** GAP ***
            XDATA   FF9CH     0001H     ABSOLUTE     
                    FF9DH     0003H                  *** GAP ***
            XDATA   FFA0H     0001H     ABSOLUTE     
            XDATA   FFA1H     0001H     ABSOLUTE     
            XDATA   FFA2H     0001H     ABSOLUTE     
            XDATA   FFA3H     0001H     ABSOLUTE     
            XDATA   FFA4H     0001H     ABSOLUTE     
            XDATA   FFA5H     0001H     ABSOLUTE     
            XDATA   FFA6H     0001H     ABSOLUTE     
            XDATA   FFA7H     0001H     ABSOLUTE     
            XDATA   FFA8H     0001H     ABSOLUTE     
            XDATA   FFA9H     0001H     ABSOLUTE     

            * * * * * * *   C O D E   M E M O R Y   * * * * * * *
            CODE    0000H     0003H     ABSOLUTE     
            CODE    0003H     0008H     UNIT         ?PR?_FLASH_READ_ADDR?FLASH
            CODE    000BH     0003H     ABSOLUTE     
            CODE    000EH     098AH     UNIT         ?C?LIB_CODE
            CODE    0998H     0483H     UNIT         ?PR?PRINTF?PRINTF
            CODE    0E1BH     0428H     UNIT         ?PR?PID_OPERATION?PID
            CODE    1243H     02B3H     UNIT         ?PR?_SET_GAP?LCDDISPLAY
            CODE    14F6H     019CH     UNIT         ?PR?_SET_TIME?LCDDISPLAY
            CODE    1692H     017DH     UNIT         ?PR?_TEMP_CALC?MAIN
            CODE    180FH     0135H     UNIT         ?PR?_GET_VOLTAGE?ADC
            CODE    1944H     011CH     UNIT         ?PR?TIMER0_RPT?TIMER
BL51 BANKED LINKER/LOCATER V6.22                                                      08/31/2020  16:44:34  PAGE 5


            CODE    1A60H     0116H     UNIT         ?PR?FLASH_INIT?FLASH
            CODE    1B76H     0110H     UNIT         ?PR?TEMPERATURE_HANDLE?MAIN
            CODE    1C86H     00E2H     UNIT         ?CO?FLASH
            CODE    1D68H     00D9H     UNIT         ?PR?LCD_DISPLAY?LCDDISPLAY
            CODE    1E41H     00D7H     UNIT         ?PR?KEY_HANDLE?MAIN
            CODE    1F18H     00C1H     UNIT         ?PR?MAIN?MAIN
            CODE    1FD9H     00C1H     UNIT         ?CO?MAIN
            CODE    209AH     00B7H     UNIT         ?PR?KEY_DRIVER?KEY
            CODE    2151H     0091H     UNIT         ?PR?DETECTION_INPUT_VOLTAGE?ADC
            CODE    21E2H     008EH     UNIT         ?PR?SET_TEMP?MAIN
            CODE    2270H     008CH     UNIT         ?C_C51STARTUP
            CODE    22FCH     008CH     UNIT         ?PR?SET_TIME_SEC?TIMER
            CODE    2388H     0076H     UNIT         ?C_INITSEG
            CODE    23FEH     006DH     UNIT         ?PR?_FLASH_WRITEARR?FLASH
            CODE    246BH     0052H     UNIT         ?PR?KEY_SCAN?KEY
            CODE    24BDH     0040H     UNIT         ?PR?_FLASH_READARR?FLASH
            CODE    24FDH     0034H     UNIT         ?PR?CONTROLL_HEAT?MAIN
            CODE    2531H     0033H     UNIT         ?PR?CHECK_FLASH?FLASH
            CODE    2564H     0033H     UNIT         ?CO?TIMER
            CODE    2597H     002AH     UNIT         ?PR?SET_HEAT_VAL?TIMER
            CODE    25C1H     002AH     UNIT         ?PR?LCD_INIT?LCDDISPLAY
            CODE    25EBH     0029H     UNIT         ?PR?UART_INIT?UART
            CODE    2614H     0028H     UNIT         ?PR?_FLASH_WRITEDATA?FLASH
            CODE    263CH     0026H     UNIT         ?PR?FLAH_SAVE_DATA?FLASH
            CODE    2662H     0026H     UNIT         ?PR?_PWM_INIT?PWM
            CODE    2688H     0026H     UNIT         ?PR?LCD_ERROR?LCDDISPLAY
            CODE    26AEH     0022H     UNIT         ?PR?_FLASH_ERASEBLOCK?FLASH
            CODE    26D0H     0020H     UNIT         ?PR?PID_INIT?PID
            CODE    26F0H     001FH     UNIT         ?PR?ADC_INIT?ADC
            CODE    270FH     001EH     UNIT         ?PR?DETECTION_INPUT?MAIN
            CODE    272DH     001EH     UNIT         ?PR?_SET_TIME_SEC_VAL?TIMER
            CODE    274BH     0018H     UNIT         ?PR?_SET_PWM?PWM
            CODE    2763H     0017H     UNIT         ?PR?_DELAY_MS?DELAY
            CODE    277AH     0016H     UNIT         ?PR?GET_ADC_VAL_P07?ADC
            CODE    2790H     0016H     UNIT         ?PR?GET_ADC_VAL_P03?ADC
            CODE    27A6H     0016H     UNIT         ?PR?GET_ADC_VAL_P02?ADC
            CODE    27BCH     0014H     UNIT         ?PR?TIME0_INIT?TIMER
            CODE    27D0H     000FH     UNIT         ?PR?KEY_INIT?KEY
            CODE    27DFH     000EH     UNIT         ?PR?_DELAY_US?DELAY
            CODE    27EDH     000DH     UNIT         ?PR?_WDT_INIT?WDT
            CODE    27FAH     000CH     UNIT         ?PR?_HAL_UART_PUTCHAR?UART
            CODE    2806H     000CH     UNIT         ?CO?PID
            CODE    2812H     000AH     UNIT         ?PR?CLOCK?MAIN
            CODE    281CH     0009H     UNIT         ?PR?LCD_CLEAR_ALL?LCDDISPLAY
            CODE    2825H     0009H     UNIT         ?PR?LCD_DISPLAY_ON?LCDDISPLAY
            CODE    282EH     0006H     UNIT         ?PR?GET_DEVICE_STATE?FLASH
            CODE    2834H     0006H     UNIT         ?PR?_SET_DEVICE_STATE?FLASH
            CODE    283AH     0006H     UNIT         ?PR?_PUTCHAR?UART
            CODE    2840H     0006H     UNIT         ?PR?_LCD_OFF?LCDDISPLAY
            CODE    2846H     0006H     UNIT         ?PR?_LCD_DISPLAY_TIME?LCDDISPLAY
            CODE    284CH     0006H     UNIT         ?PR?_LCD_DISPLAY_GAP?LCDDISPLAY
            CODE    2852H     0004H     UNIT         ?PR?CLEAR_WDT?WDT



OVERLAY MAP OF MODULE:   .\Objects\K8104_hex (?C_STARTUP)

BL51 BANKED LINKER/LOCATER V6.22                                                      08/31/2020  16:44:34  PAGE 6



SEGMENT                                     BIT_GROUP          DATA_GROUP          XDATA_GROUP
  +--> CALLED SEGMENT                    START    LENGTH     START    LENGTH     START    LENGTH
------------------------------------------------------------------------------------------------
?C_C51STARTUP                            -----    -----      -----    -----      -----    -----
  +--> ?PR?MAIN?MAIN
  +--> ?C_INITSEG

?PR?MAIN?MAIN                            -----    -----      -----    -----      -----    -----
  +--> ?PR?CLOCK?MAIN
  +--> ?PR?UART_INIT?UART
  +--> ?PR?ADC_INIT?ADC
  +--> ?PR?TIME0_INIT?TIMER
  +--> ?PR?KEY_INIT?KEY
  +--> ?PR?FLASH_INIT?FLASH
  +--> ?PR?PID_INIT?PID
  +--> ?PR?_PWM_INIT?PWM
  +--> ?PR?_WDT_INIT?WDT
  +--> ?PR?LCD_INIT?LCDDISPLAY
  +--> ?PR?LCD_DISPLAY_ON?LCDDISPLAY
  +--> ?PR?_DELAY_MS?DELAY
  +--> ?PR?LCD_CLEAR_ALL?LCDDISPLAY
  +--> ?PR?DETECTION_INPUT?MAIN
  +--> ?CO?MAIN
  +--> ?PR?PRINTF?PRINTF
  +--> ?PR?TEMPERATURE_HANDLE?MAIN
  +--> ?PR?KEY_HANDLE?MAIN
  +--> ?PR?CLEAR_WDT?WDT

?PR?ADC_INIT?ADC                         -----    -----      -----    -----      -----    -----
  +--> ?PR?_DELAY_US?DELAY

?PR?FLASH_INIT?FLASH                     -----    -----      -----    -----      0000H    0001H
  +--> ?PR?CHECK_FLASH?FLASH
  +--> ?CO?FLASH
  +--> ?PR?PRINTF?PRINTF
  +--> ?PR?_FLASH_READARR?FLASH
  +--> ?PR?_FLASH_ERASEBLOCK?FLASH
  +--> ?PR?_FLASH_WRITEARR?FLASH

?PR?CHECK_FLASH?FLASH                    -----    -----      -----    -----      -----    -----
  +--> ?PR?_FLASH_READ_ADDR?FLASH

?PR?PRINTF?PRINTF                        0021H.1  0001H.1    000DH    0005H      0036H    0030H
  +--> ?PR?_PUTCHAR?UART

?PR?_PUTCHAR?UART                        -----    -----      -----    -----      -----    -----
  +--> ?PR?_HAL_UART_PUTCHAR?UART

?PR?_FLASH_READARR?FLASH                 -----    -----      -----    -----      0001H    0005H

?PR?_FLASH_WRITEARR?FLASH                -----    -----      -----    -----      0001H    0007H
  +--> ?PR?_FLASH_WRITEDATA?FLASH

?PR?DETECTION_INPUT?MAIN                 -----    -----      -----    -----      -----    -----
  +--> ?PR?DETECTION_INPUT_VOLTAGE?ADC

BL51 BANKED LINKER/LOCATER V6.22                                                      08/31/2020  16:44:34  PAGE 7


?PR?DETECTION_INPUT_VOLTAGE?ADC          -----    -----      -----    -----      0000H    0005H
  +--> ?PR?GET_ADC_VAL_P02?ADC

?PR?TEMPERATURE_HANDLE?MAIN              -----    -----      -----    -----      0000H    0006H
  +--> ?PR?_GET_VOLTAGE?ADC
  +--> ?PR?_TEMP_CALC?MAIN
  +--> ?CO?MAIN
  +--> ?PR?PRINTF?PRINTF
  +--> ?PR?GET_DEVICE_STATE?FLASH
  +--> ?PR?_LCD_OFF?LCDDISPLAY
  +--> ?PR?PID_OPERATION?PID
  +--> ?PR?_LCD_DISPLAY_TIME?LCDDISPLAY
  +--> ?PR?_LCD_DISPLAY_GAP?LCDDISPLAY
  +--> ?PR?CONTROLL_HEAT?MAIN
  +--> ?PR?_SET_PWM?PWM
  +--> ?PR?LCD_CLEAR_ALL?LCDDISPLAY
  +--> ?PR?LCD_ERROR?LCDDISPLAY

?PR?_GET_VOLTAGE?ADC                     -----    -----      -----    -----      0006H    000BH
  +--> ?PR?GET_ADC_VAL_P03?ADC
  +--> ?PR?_DELAY_US?DELAY
  +--> ?PR?GET_ADC_VAL_P07?ADC

?PR?_TEMP_CALC?MAIN                      -----    -----      -----    -----      0006H    000EH

?PR?PID_OPERATION?PID                    -----    -----      -----    -----      0006H    0014H
  +--> ?CO?PID

?PR?CONTROLL_HEAT?MAIN                   -----    -----      -----    -----      -----    -----
  +--> ?PR?_SET_PWM?PWM

?PR?KEY_HANDLE?MAIN                      -----    -----      -----    -----      0000H    0001H
  +--> ?PR?KEY_SCAN?KEY
  +--> ?CO?MAIN
  +--> ?PR?PRINTF?PRINTF
  +--> ?PR?GET_DEVICE_STATE?FLASH
  +--> ?PR?_SET_DEVICE_STATE?FLASH
  +--> ?PR?_SET_PWM?PWM
  +--> ?PR?SET_TIME_SEC?TIMER
  +--> ?PR?SET_TEMP?MAIN
  +--> ?PR?_LCD_DISPLAY_GAP?LCDDISPLAY
  +--> ?PR?_LCD_DISPLAY_TIME?LCDDISPLAY
  +--> ?PR?FLAH_SAVE_DATA?FLASH

?PR?KEY_SCAN?KEY                         -----    -----      -----    -----      -----    -----
  +--> ?PR?KEY_DRIVER?KEY
  +--> ?PR?_DELAY_MS?DELAY

?PR?KEY_DRIVER?KEY                       -----    -----      -----    -----      0001H    0002H
  +--> ?PR?_DELAY_MS?DELAY

?PR?SET_TIME_SEC?TIMER                   -----    -----      -----    -----      -----    -----
  +--> ?CO?TIMER
  +--> ?PR?PRINTF?PRINTF

?PR?FLAH_SAVE_DATA?FLASH                 -----    -----      -----    -----      -----    -----
  +--> ?PR?_FLASH_ERASEBLOCK?FLASH
BL51 BANKED LINKER/LOCATER V6.22                                                      08/31/2020  16:44:34  PAGE 8


  +--> ?PR?_FLASH_WRITEARR?FLASH
  +--> ?PR?_FLASH_READARR?FLASH

*** NEW ROOT ***************************************************

?PR?TIMER0_RPT?TIMER                     -----    -----      -----    -----      -----    -----
  +--> ?PR?GET_DEVICE_STATE?FLASH
  +--> ?PR?SET_HEAT_VAL?TIMER
  +--> ?PR?_SET_DEVICE_STATE?FLASH
  +--> ?CO?TIMER
  +--> ?PR?PRINTF?PRINTF
  +--> ?PR?LCD_DISPLAY?LCDDISPLAY

?PR?LCD_DISPLAY?LCDDISPLAY               -----    -----      -----    -----      -----    -----
  +--> ?PR?_SET_TIME?LCDDISPLAY
  +--> ?PR?_SET_GAP?LCDDISPLAY



SYMBOL TABLE OF MODULE:  .\Objects\K8104_hex (?C_STARTUP)

  VALUE           TYPE          NAME
  ----------------------------------

  -------         MODULE        ?C_STARTUP
  C:2270H         SEGMENT       ?C_C51STARTUP
  I:0023H         SEGMENT       ?STACK
  C:0000H         PUBLIC        ?C_STARTUP
  D:00E0H         SYMBOL        ACC
  D:00F0H         SYMBOL        B
  D:0083H         SYMBOL        DPH
  D:0082H         SYMBOL        DPL
  N:0000H         SYMBOL        IBPSTACK
  N:0100H         SYMBOL        IBPSTACKTOP
  N:0080H         SYMBOL        IDATALEN
  C:2273H         SYMBOL        IDATALOOP
  N:0000H         SYMBOL        PBPSTACK
  N:0100H         SYMBOL        PBPSTACKTOP
  N:0000H         SYMBOL        PDATALEN
  N:0000H         SYMBOL        PDATASTART
  N:0000H         SYMBOL        PPAGE
  N:0000H         SYMBOL        PPAGEENABLE
  D:00A0H         SYMBOL        PPAGE_SFR
  D:0081H         SYMBOL        SP
  C:2270H         SYMBOL        STARTUP1
  N:0000H         SYMBOL        XBPSTACK
  N:0000H         SYMBOL        XBPSTACKTOP
  N:0000H         SYMBOL        XDATALEN
  N:0000H         SYMBOL        XDATASTART
  C:0000H         LINE#         126
  C:2270H         LINE#         133
  C:2272H         LINE#         134
  C:2273H         LINE#         135
  C:2274H         LINE#         136
  C:2276H         LINE#         185
  C:2279H         LINE#         196
  -------         ENDMOD        ?C_STARTUP
BL51 BANKED LINKER/LOCATER V6.22                                                      08/31/2020  16:44:34  PAGE 9



  -------         MODULE        MAIN
  C:0000H         SYMBOL        _ICE_DUMMY_
  X:FF08H         PUBLIC        P1M0
  X:FF01H         PUBLIC        P0M1
  X:FF10H         PUBLIC        P2M0
  X:FF09H         PUBLIC        P1M1
  X:FF02H         PUBLIC        P0M2
  D:0080H         PUBLIC        P0
  X:FF18H         PUBLIC        P3M0
  X:FF11H         PUBLIC        P2M1
  X:FF0AH         PUBLIC        P1M2
  X:FF03H         PUBLIC        P0M3
  D:0090H         PUBLIC        P1
  X:FF19H         PUBLIC        P3M1
  X:FF12H         PUBLIC        P2M2
  X:FF0BH         PUBLIC        P1M3
  X:FF04H         PUBLIC        P0M4
  D:00A0H         PUBLIC        P2
  X:FF1AH         PUBLIC        P3M2
  X:FF13H         PUBLIC        P2M3
  X:FF0CH         PUBLIC        P1M4
  X:FF05H         PUBLIC        P0M5
  D:00B0H         PUBLIC        P3
  X:FF1BH         PUBLIC        P3M3
  X:FF14H         PUBLIC        P2M4
  X:FF0DH         PUBLIC        P1M5
  X:FF06H         PUBLIC        P0M6
  X:FF1CH         PUBLIC        P3M4
  X:FF15H         PUBLIC        P2M5
  X:FF0EH         PUBLIC        P1M6
  X:FF07H         PUBLIC        P0M7
  X:FF1DH         PUBLIC        P3M5
  X:FF16H         PUBLIC        P2M6
  X:FF0FH         PUBLIC        P1M7
  B:00A8H.7       PUBLIC        EA
  C:1B76H         PUBLIC        temperature_handle
  X:FF17H         PUBLIC        P2M7
  X:FEC0H         PUBLIC        SCANCON
  X:FEBDH         PUBLIC        TRMEN
  X:FE94H         PUBLIC        XTALCFG
  X:FE75H         PUBLIC        CTKVS
  D:00A8H         PUBLIC        IE
  D:00F8H         PUBLIC        RSTFR
  X:FF91H         PUBLIC        PWM01_MAP
  X:FF95H         PUBLIC        PWM11_MAP
  X:FFA3H         PUBLIC        SDA_MAP
  X:FF99H         PUBLIC        PWM21_MAP
  C:270FH         PUBLIC        Detection_Input
  X:FEE0H         PUBLIC        SCR0
  X:FE89H         PUBLIC        S2CON2
  X:FEE2H         PUBLIC        SCR1
  C:1E41H         SYMBOL        key_handle
  X:FEE4H         PUBLIC        SCR2
  X:FEE6H         PUBLIC        SCR3
  X:FEA2H         PUBLIC        CRCC
  X:FE85H         PUBLIC        T5CON1
BL51 BANKED LINKER/LOCATER V6.22                                                      08/31/2020  16:44:34  PAGE 10


  X:FEE8H         PUBLIC        SCR4
  X:FEEAH         PUBLIC        SCR5
  X:FEECH         PUBLIC        SCR6
  X:FEEEH         PUBLIC        SCR7
  X:FFA5H         PUBLIC        SCK_MAP
  X:FFA2H         PUBLIC        SCL_MAP
  C:21E2H         PUBLIC        Set_Temp
  C:1F18H         PUBLIC        main
  X:FEA4H         PUBLIC        BORC
  X:FE77H         PUBLIC        DSCR
  C:1692H         PUBLIC        _temp_calc
  X:FFA1H         PUBLIC        RXD_MAP
  X:FEA5H         PUBLIC        BORDBC
  X:FFA0H         PUBLIC        TXD_MAP
  X:FEA7H         PUBLIC        LVDDBC
  X:FEB8H         PUBLIC        PINTE0
  X:FEB9H         PUBLIC        PINTE1
  X:FEBCH         PUBLIC        P2INTE
  X:FEBAH         PUBLIC        PINTE2
  D:0098H         PUBLIC        SCON
  D:0088H         PUBLIC        TCON
  C:24FDH         PUBLIC        Controll_Heat
  X:FE95H         PUBLIC        SPOV_RSTEN
  X:FE74H         PUBLIC        RBCSEL
  X:FE9BH         PUBLIC        ADCC2
  X:FE76H         PUBLIC        CTKCLK
  X:FE91H         PUBLIC        CLKDIV
  D:00B8H         PUBLIC        IE1
  D:00D8H         PUBLIC        IE2
  X:FF80H         PUBLIC        T0_MAP
  X:FF81H         PUBLIC        T1_MAP
  X:FEAAH         PUBLIC        RSTDBC
  X:FF83H         PUBLIC        T3_MAP
  X:FF84H         PUBLIC        T4_MAP
  X:FF85H         PUBLIC        T5_MAP
  X:FEA0H         PUBLIC        WDTCCR
  X:FEBEH         PUBLIC        TRMV
  X:00A2H         PUBLIC        adc_cnt
  X:FED0H         PUBLIC        SCCH0
  X:FED1H         PUBLIC        SCCH1
  X:FED2H         PUBLIC        SCCH2
  X:FE93H         PUBLIC        CLKOUT
  X:FED3H         PUBLIC        SCCH3
  D:008EH         PUBLIC        CLKSWR
  X:00A4H         PUBLIC        error_std
  X:00A5H         PUBLIC        first_heat_std
  X:FFA9H         PUBLIC        RXD2_MAP
  X:FFA8H         PUBLIC        TXD2_MAP
  X:FE8AH         PUBLIC        S2BUF
  X:FF90H         PUBLIC        PWM0_MAP
  X:FFA4H         PUBLIC        SS_MAP
  X:FF94H         PUBLIC        PWM1_MAP
  X:FF98H         PUBLIC        PWM2_MAP
  X:FE88H         PUBLIC        S2CON
  X:FE80H         PUBLIC        TCON1
  X:FF9CH         PUBLIC        PWM3_MAP
  X:FF8FH         PUBLIC        CLKO_MAP
BL51 BANKED LINKER/LOCATER V6.22                                                      08/31/2020  16:44:34  PAGE 11


  X:FE92H         PUBLIC        FREQ_CLK
  C:2812H         PUBLIC        Clock
  X:FEB0H         PUBLIC        PITS0
  X:FEB1H         PUBLIC        PITS1
  X:FEB2H         PUBLIC        PITS2
  X:FF6BH         PUBLIC        SEGP0EN
  X:FF63H         PUBLIC        COMP0EN
  X:FEB3H         PUBLIC        PITS3
  X:FF6AH         PUBLIC        SEGP1EN
  X:FF62H         PUBLIC        COMP1EN
  X:FEB4H         PUBLIC        PITS4
  X:FF69H         PUBLIC        SEGP2EN
  X:FF61H         PUBLIC        COMP2EN
  X:FF68H         PUBLIC        SEGP3EN
  X:FF60H         PUBLIC        COMP3EN
  X:FFA7H         PUBLIC        MISO_MAP
  X:FFA6H         PUBLIC        MOSI_MAP
  X:FF40H         PUBLIC        P00DBC
  D:00D0H         PUBLIC        PSW
  X:FF41H         PUBLIC        P01DBC
  X:FF42H         PUBLIC        P02DBC
  X:FF00H         PUBLIC        P0M0
  -------         PROC          KEY_HANDLE
  -------         DO            
  X:0000H         SYMBOL        key_val
  -------         ENDDO         
  C:1E41H         LINE#         49
  C:1E41H         LINE#         50
  C:1E41H         LINE#         51
  C:1E46H         LINE#         53
  C:1E4CH         LINE#         55
  C:1E4CH         LINE#         56
  C:1E54H         LINE#         57
  C:1E56H         LINE#         59
  C:1E56H         LINE#         60
  C:1E5BH         LINE#         61
  C:1E5BH         LINE#         62
  C:1E63H         LINE#         63
  C:1E63H         LINE#         64
  C:1E6CH         LINE#         65
  C:1E72H         LINE#         66
  C:1E72H         LINE#         67
  C:1E77H         LINE#         68
  C:1E7CH         LINE#         69
  C:1E7CH         LINE#         71
  C:1E7CH         LINE#         72
  C:1E81H         LINE#         73
  C:1E84H         LINE#         74
  C:1E87H         LINE#         76
  C:1E8DH         LINE#         78
  C:1E8DH         LINE#         79
  C:1E8EH         LINE#         80
  C:1E97H         LINE#         81
  C:1E97H         LINE#         85
  C:1E9FH         LINE#         86
  C:1E9FH         LINE#         88
  C:1EA8H         LINE#         89
BL51 BANKED LINKER/LOCATER V6.22                                                      08/31/2020  16:44:34  PAGE 12


  C:1EB1H         LINE#         90
  C:1EB1H         LINE#         91
  C:1EB4H         LINE#         93
  C:1EB6H         LINE#         95
  C:1EB6H         LINE#         96
  C:1EBCH         LINE#         97
  C:1EBCH         LINE#         100
  C:1EC2H         LINE#         101
  C:1EC5H         LINE#         103
  C:1ECDH         LINE#         105
  C:1ECDH         LINE#         106
  C:1ECFH         LINE#         107
  C:1ED7H         LINE#         108
  C:1ED7H         LINE#         110
  C:1EE0H         LINE#         111
  C:1EE0H         LINE#         112
  C:1EE3H         LINE#         113
  C:1EE5H         LINE#         115
  C:1EE5H         LINE#         116
  C:1EEAH         LINE#         117
  C:1EEAH         LINE#         118
  C:1EF3H         LINE#         119
  C:1EF3H         LINE#         120
  C:1EF8H         LINE#         121
  C:1EF8H         LINE#         122
  C:1EFBH         LINE#         123
  C:1EFDH         LINE#         124
  C:1F03H         LINE#         125
  C:1F03H         LINE#         126
  C:1F09H         LINE#         127
  C:1F09H         LINE#         128
  C:1F09H         LINE#         130
  C:1F11H         LINE#         131
  C:1F14H         LINE#         132
  C:1F17H         LINE#         133
  C:1F17H         LINE#         134
  C:1F17H         LINE#         135
  -------         ENDPROC       KEY_HANDLE
  -------         PROC          _TEMP_CALC
  D:0002H         SYMBOL        uRt
  X:0006H         SYMBOL        uRw
  -------         DO            
  X:0008H         SYMBOL        i
  X:000AH         SYMBOL        basi_tmp
  X:000CH         SYMBOL        u1
  X:0010H         SYMBOL        u3
  -------         ENDDO         
  C:1692H         LINE#         147
  C:169EH         LINE#         148
  C:169EH         LINE#         149
  C:16A3H         LINE#         150
  C:16A9H         LINE#         152
  C:16B1H         LINE#         153
  C:16BBH         LINE#         154
  C:16C4H         LINE#         155
  C:16C4H         LINE#         156
  C:16C7H         LINE#         157
BL51 BANKED LINKER/LOCATER V6.22                                                      08/31/2020  16:44:34  PAGE 13


  C:16C7H         LINE#         159
  C:16E3H         LINE#         160
  C:16FFH         LINE#         161
  C:173EH         LINE#         162
  C:1756H         LINE#         163
  C:1756H         LINE#         164
  C:175BH         LINE#         165
  C:175BH         LINE#         169
  C:1778H         LINE#         170
  C:1778H         LINE#         171
  C:17A7H         LINE#         173
  C:17B3H         LINE#         174
  C:17B5H         LINE#         177
  C:17B5H         LINE#         178
  C:17E4H         LINE#         180
  C:17F1H         LINE#         181
  C:17F1H         LINE#         184
  C:17F8H         LINE#         185
  C:17F8H         LINE#         186
  C:1806H         LINE#         187
  C:1806H         LINE#         189
  C:180EH         LINE#         190
  -------         ENDPROC       _TEMP_CALC
  -------         PROC          TEMPERATURE_HANDLE
  -------         DO            
  X:0000H         SYMBOL        temp
  X:0002H         SYMBOL        adc_val1
  X:0004H         SYMBOL        adc_val2
  -------         ENDDO         
  C:1B76H         LINE#         203
  C:1B76H         LINE#         204
  C:1B76H         LINE#         205
  C:1B7DH         LINE#         206
  C:1B85H         LINE#         208
  C:1B93H         LINE#         210
  C:1BADH         LINE#         211
  C:1BADH         LINE#         212
  C:1BB4H         LINE#         213
  C:1BCAH         LINE#         216
  C:1BE3H         LINE#         218
  C:1BF4H         LINE#         220
  C:1C03H         LINE#         221
  C:1C03H         LINE#         222
  C:1C09H         LINE#         223
  C:1C09H         LINE#         224
  C:1C0DH         LINE#         225
  C:1C14H         LINE#         226
  C:1C14H         LINE#         227
  C:1C16H         LINE#         228
  C:1C25H         LINE#         229
  C:1C25H         LINE#         230
  C:1C29H         LINE#         231
  C:1C29H         LINE#         233
  C:1C2BH         LINE#         235
  C:1C2BH         LINE#         236
  C:1C31H         LINE#         237
  C:1C35H         LINE#         239
BL51 BANKED LINKER/LOCATER V6.22                                                      08/31/2020  16:44:34  PAGE 14


  C:1C35H         LINE#         240
  C:1C35H         LINE#         242
  C:1C4CH         LINE#         243
  C:1C4FH         LINE#         244
  C:1C57H         LINE#         245
  C:1C5FH         LINE#         246
  C:1C62H         LINE#         247
  C:1C64H         LINE#         249
  C:1C64H         LINE#         250
  C:1C69H         LINE#         251
  C:1C6EH         LINE#         252
  C:1C71H         LINE#         253
  C:1C71H         LINE#         254
  C:1C76H         LINE#         255
  C:1C77H         LINE#         257
  C:1C77H         LINE#         259
  C:1C7CH         LINE#         260
  C:1C7FH         LINE#         261
  C:1C85H         LINE#         262
  C:1C85H         LINE#         265
  C:1C85H         LINE#         268
  -------         ENDPROC       TEMPERATURE_HANDLE
  -------         PROC          MAIN
  C:1F18H         LINE#         277
  C:1F18H         LINE#         278
  C:1F18H         LINE#         279
  C:1F1BH         LINE#         280
  C:1F1EH         LINE#         281
  C:1F21H         LINE#         282
  C:1F23H         LINE#         283
  C:1F26H         LINE#         284
  C:1F29H         LINE#         285
  C:1F2CH         LINE#         286
  C:1F2FH         LINE#         287
  C:1F36H         LINE#         288
  C:1F3BH         LINE#         289
  C:1F3EH         LINE#         290
  C:1F41H         LINE#         291
  C:1F48H         LINE#         292
  C:1F4BH         LINE#         293
  C:1F4EH         LINE#         295
  C:1F57H         LINE#         296
  C:1F6AH         LINE#         297
  C:1F81H         LINE#         298
  C:1F97H         LINE#         299
  C:1FADH         LINE#         300
  C:1FC5H         LINE#         301
  C:1FCEH         LINE#         303
  C:1FCEH         LINE#         304
  C:1FCEH         LINE#         307
  C:1FD1H         LINE#         308
  C:1FD4H         LINE#         310
  C:1FD7H         LINE#         312
  -------         ENDPROC       MAIN
  -------         PROC          CLOCK
  C:2812H         LINE#         317
  C:2812H         LINE#         318
BL51 BANKED LINKER/LOCATER V6.22                                                      08/31/2020  16:44:34  PAGE 15


  C:2812H         LINE#         320
  C:2815H         LINE#         321
  C:281BH         LINE#         322
  -------         ENDPROC       CLOCK
  -------         PROC          CONTROLL_HEAT
  -------         DO            
  D:0007H         SYMBOL        heat_step_val
  -------         ENDDO         
  C:24FDH         LINE#         335
  C:24FDH         LINE#         336
  C:24FDH         LINE#         338
  C:24FFH         LINE#         339
  C:250BH         LINE#         340
  C:250BH         LINE#         341
  C:2516H         LINE#         342
  C:2518H         LINE#         343
  C:2518H         LINE#         344
  C:251FH         LINE#         345
  C:251FH         LINE#         346
  C:251FH         LINE#         347
  C:2521H         LINE#         348
  C:2527H         LINE#         350
  C:2527H         LINE#         351
  C:2530H         LINE#         352
  C:2530H         LINE#         353
  -------         ENDPROC       CONTROLL_HEAT
  -------         PROC          SET_TEMP
  C:21E2H         LINE#         365
  C:21E2H         LINE#         366
  C:21E2H         LINE#         369
  C:2218H         LINE#         370
  C:2218H         LINE#         371
  C:2218H         LINE#         373
  C:2218H         LINE#         374
  C:2218H         LINE#         375
  C:2222H         LINE#         376
  C:2223H         LINE#         377
  C:2223H         LINE#         378
  C:222DH         LINE#         379
  C:222EH         LINE#         380
  C:222EH         LINE#         381
  C:2238H         LINE#         382
  C:2239H         LINE#         383
  C:2239H         LINE#         384
  C:2243H         LINE#         385
  C:2244H         LINE#         386
  C:2244H         LINE#         387
  C:224EH         LINE#         388
  C:224FH         LINE#         389
  C:224FH         LINE#         390
  C:2259H         LINE#         391
  C:225AH         LINE#         392
  C:225AH         LINE#         393
  C:225AH         LINE#         394
  C:225AH         LINE#         395
  C:2264H         LINE#         397
  C:2265H         LINE#         398
BL51 BANKED LINKER/LOCATER V6.22                                                      08/31/2020  16:44:34  PAGE 16


  C:2265H         LINE#         399
  C:226FH         LINE#         400
  C:226FH         LINE#         401
  C:226FH         LINE#         402
  -------         ENDPROC       SET_TEMP
  -------         PROC          DETECTION_INPUT
  -------         DO            
  D:0006H         SYMBOL        input
  -------         ENDDO         
  C:270FH         LINE#         428
  C:270FH         LINE#         429
  C:270FH         LINE#         430
  C:2712H         LINE#         431
  C:2715H         LINE#         432
  C:2722H         LINE#         433
  C:2722H         LINE#         435
  C:2727H         LINE#         436
  C:2728H         LINE#         438
  C:2728H         LINE#         440
  C:272CH         LINE#         441
  C:272CH         LINE#         442
  -------         ENDPROC       DETECTION_INPUT
  -------         ENDMOD        MAIN

  -------         MODULE        DELAY
  C:0000H         SYMBOL        _ICE_DUMMY_
  D:0080H         PUBLIC        P0
  D:0090H         PUBLIC        P1
  D:00A0H         PUBLIC        P2
  D:00B0H         PUBLIC        P3
  D:00A8H         PUBLIC        IE
  D:00F8H         PUBLIC        RSTFR
  D:0098H         PUBLIC        SCON
  D:0088H         PUBLIC        TCON
  D:00B8H         PUBLIC        IE1
  D:00D8H         PUBLIC        IE2
  C:2763H         PUBLIC        _delay_ms
  C:27DFH         PUBLIC        _delay_us
  D:00D0H         PUBLIC        PSW
  -------         PROC          _DELAY_US
  D:0006H         SYMBOL        us
  C:27DFH         LINE#         4
  C:27DFH         LINE#         5
  C:27DFH         LINE#         6
  C:27E8H         LINE#         7
  C:27E8H         LINE#         8
  C:27EAH         LINE#         9
  C:27ECH         LINE#         10
  -------         ENDPROC       _DELAY_US
  -------         PROC          _DELAY_MS
  D:0006H         SYMBOL        ms
  -------         DO            
  D:0004H         SYMBOL        i
  -------         ENDDO         
  C:2763H         LINE#         12
  C:2763H         LINE#         13
  C:2763H         LINE#         15
BL51 BANKED LINKER/LOCATER V6.22                                                      08/31/2020  16:44:34  PAGE 17


  C:2763H         LINE#         16
  C:2767H         LINE#         17
  C:2770H         LINE#         18
  C:2779H         LINE#         19
  -------         ENDPROC       _DELAY_MS
  -------         ENDMOD        DELAY

  -------         MODULE        ADC
  C:0000H         SYMBOL        _ICE_DUMMY_
  D:0080H         PUBLIC        P0
  D:0090H         PUBLIC        P1
  D:00A0H         PUBLIC        P2
  D:00B0H         PUBLIC        P3
  C:27A6H         PUBLIC        get_adc_val_P02
  C:2790H         PUBLIC        get_adc_val_P03
  C:277AH         PUBLIC        get_adc_val_P07
  D:00A8H         PUBLIC        IE
  D:00F8H         PUBLIC        RSTFR
  C:180FH         PUBLIC        _get_voltage
  D:00B6H         PUBLIC        ADCR
  D:0098H         PUBLIC        SCON
  D:0088H         PUBLIC        TCON
  D:00B4H         PUBLIC        ADCC0
  D:00B5H         PUBLIC        ADCC1
  D:00B8H         PUBLIC        IE1
  C:26F0H         PUBLIC        adc_init
  D:00D8H         PUBLIC        IE2
  C:2151H         PUBLIC        Detection_Input_Voltage
  D:00D0H         PUBLIC        PSW
  -------         PROC          ADC_INIT
  C:26F0H         LINE#         5
  C:26F0H         LINE#         6
  C:26F0H         LINE#         7
  C:26F6H         LINE#         8
  C:26FAH         LINE#         9
  C:26FEH         LINE#         10
  C:2701H         LINE#         19
  C:2708H         LINE#         22
  C:270EH         LINE#         23
  -------         ENDPROC       ADC_INIT
  -------         PROC          GET_ADC_VAL_P07
  -------         DO            
  D:0006H         SYMBOL        adc_val
  -------         ENDDO         
  C:277AH         LINE#         25
  C:277AH         LINE#         26
  C:277AH         LINE#         27
  C:277DH         LINE#         28
  C:2780H         LINE#         29
  C:2783H         LINE#         30
  C:2788H         LINE#         31
  C:278BH         LINE#         32
  C:278FH         LINE#         34
  C:278FH         LINE#         35
  -------         ENDPROC       GET_ADC_VAL_P07
  -------         PROC          GET_ADC_VAL_P03
  -------         DO            
BL51 BANKED LINKER/LOCATER V6.22                                                      08/31/2020  16:44:34  PAGE 18


  D:0006H         SYMBOL        adc_val
  -------         ENDDO         
  C:2790H         LINE#         37
  C:2790H         LINE#         38
  C:2790H         LINE#         39
  C:2793H         LINE#         40
  C:2796H         LINE#         41
  C:2799H         LINE#         42
  C:279EH         LINE#         43
  C:27A1H         LINE#         44
  C:27A5H         LINE#         46
  C:27A5H         LINE#         47
  -------         ENDPROC       GET_ADC_VAL_P03
  -------         PROC          GET_ADC_VAL_P02
  -------         DO            
  D:0006H         SYMBOL        adc_val
  -------         ENDDO         
  C:27A6H         LINE#         49
  C:27A6H         LINE#         50
  C:27A6H         LINE#         51
  C:27A9H         LINE#         52
  C:27ACH         LINE#         53
  C:27AFH         LINE#         54
  C:27B4H         LINE#         55
  C:27B7H         LINE#         56
  C:27BBH         LINE#         58
  C:27BBH         LINE#         59
  -------         ENDPROC       GET_ADC_VAL_P02
  -------         PROC          _GET_VOLTAGE
  X:0006H         SYMBOL        u1_voltage
  X:0009H         SYMBOL        u3_voltage
  -------         DO            
  X:000CH         SYMBOL        temp
  X:0010H         SYMBOL        i
  -------         ENDDO         
  C:180FH         LINE#         61
  C:181AH         LINE#         62
  C:181AH         LINE#         63
  C:1824H         LINE#         64
  C:1829H         LINE#         66
  C:182AH         LINE#         67
  C:182AH         LINE#         68
  C:1850H         LINE#         69
  C:185CH         LINE#         70
  C:1879H         LINE#         71
  C:18ACH         LINE#         73
  C:18B3H         LINE#         74
  C:18BDH         LINE#         75
  C:18C2H         LINE#         76
  C:18C2H         LINE#         77
  C:18E8H         LINE#         78
  C:18F4H         LINE#         79
  C:1911H         LINE#         80
  -------         ENDPROC       _GET_VOLTAGE
  -------         PROC          DETECTION_INPUT_VOLTAGE
  -------         DO            
  X:0000H         SYMBOL        tep
BL51 BANKED LINKER/LOCATER V6.22                                                      08/31/2020  16:44:34  PAGE 19


  X:0004H         SYMBOL        i
  -------         ENDDO         
  C:2151H         LINE#         84
  C:2151H         LINE#         85
  C:2151H         LINE#         87
  C:215BH         LINE#         88
  C:2160H         LINE#         90
  C:2161H         LINE#         91
  C:2161H         LINE#         92
  C:2187H         LINE#         93
  C:2193H         LINE#         94
  C:21B0H         LINE#         95
  C:21D7H         LINE#         97
  C:21E1H         LINE#         98
  -------         ENDPROC       DETECTION_INPUT_VOLTAGE
  -------         ENDMOD        ADC

  -------         MODULE        FLASH
  C:0000H         SYMBOL        _ICE_DUMMY_
  D:0080H         PUBLIC        P0
  D:0090H         PUBLIC        P1
  D:00A0H         PUBLIC        P2
  D:00B0H         PUBLIC        P3
  B:00A8H.7       PUBLIC        EA
  C:240AH         PUBLIC        _Flash_WriteArr
  C:0003H         PUBLIC        _flash_read_addr
  D:00A8H         PUBLIC        IE
  D:00FCH         PUBLIC        IAP_CMD
  D:00F8H         PUBLIC        RSTFR
  C:282EH         PUBLIC        get_device_state
  X:008EH         PUBLIC        flash_info
  C:2834H         PUBLIC        _set_device_state
  C:1A60H         PUBLIC        flash_init
  C:263CH         PUBLIC        flah_save_data
  C:26AEH         PUBLIC        _Flash_EraseBlock
  D:0098H         PUBLIC        SCON
  D:0088H         PUBLIC        TCON
  D:00B8H         PUBLIC        IE1
  D:00D8H         PUBLIC        IE2
  D:00FBH         PUBLIC        IAP_DATA
  D:00F9H         PUBLIC        IAP_ADDR
  C:2614H         PUBLIC        _FLASH_WriteData
  C:2531H         SYMBOL        check_flash
  X:0090H         PUBLIC        flash_check
  C:24BDH         PUBLIC        _Flash_ReadArr
  X:0094H         PUBLIC        Input_Voltage_std
  X:0096H         PUBLIC        device_state
  D:00D0H         PUBLIC        PSW
  -------         PROC          GET_DEVICE_STATE
  C:282EH         LINE#         10
  C:282EH         LINE#         11
  C:282EH         LINE#         12
  C:2833H         LINE#         13
  -------         ENDPROC       GET_DEVICE_STATE
  -------         PROC          _SET_DEVICE_STATE
  D:0007H         SYMBOL        state
  C:2834H         LINE#         15
BL51 BANKED LINKER/LOCATER V6.22                                                      08/31/2020  16:44:34  PAGE 20


  C:2834H         LINE#         16
  C:2834H         LINE#         17
  C:2839H         LINE#         18
  -------         ENDPROC       _SET_DEVICE_STATE
  -------         PROC          _FLASH_ERASEBLOCK
  D:0006H         SYMBOL        addr
  C:26AEH         LINE#         28
  C:26B5H         LINE#         29
  C:26B5H         LINE#         30
  C:26BBH         LINE#         31
  C:26BFH         LINE#         32
  C:26C5H         LINE#         33
  C:26CBH         LINE#         34
  -------         ENDPROC       _FLASH_ERASEBLOCK
  -------         PROC          _FLASH_WRITEDATA
  D:0007H         SYMBOL        fuc_SaveData
  D:0004H         SYMBOL        addr
  C:2614H         LINE#         44
  C:261BH         LINE#         45
  C:261BH         LINE#         46
  C:261DH         LINE#         47
  C:2623H         LINE#         48
  C:262BH         LINE#         49
  C:2631H         LINE#         50
  C:2637H         LINE#         51
  -------         ENDPROC       _FLASH_WRITEDATA
  -------         PROC          L?0030
  -------         ENDPROC       L?0030
  -------         PROC          _FLASH_WRITEARR
  X:0001H         SYMBOL        fui_Address
  X:0003H         SYMBOL        len
  X:0004H         SYMBOL        fucp_SaveArr
  -------         DO            
  X:0007H         SYMBOL        i
  -------         ENDDO         
  C:240AH         LINE#         63
  C:2425H         LINE#         64
  C:2425H         LINE#         65
  C:2428H         LINE#         67
  C:242AH         LINE#         68
  C:2438H         LINE#         69
  C:2438H         LINE#         70
  C:245CH         LINE#         71
  C:2464H         LINE#         72
  C:2466H         LINE#         73
  -------         ENDPROC       _FLASH_WRITEARR
  -------         PROC          _FLASH_READ_ADDR
  D:0082H         SYMBOL        address
  -------         DO            
  D:0007H         SYMBOL        val
  -------         ENDDO         
  C:0003H         LINE#         75
  C:0007H         LINE#         76
  C:0007H         LINE#         77
  C:0008H         LINE#         78
  C:000AH         LINE#         79
  C:000AH         LINE#         80
BL51 BANKED LINKER/LOCATER V6.22                                                      08/31/2020  16:44:34  PAGE 21


  -------         ENDPROC       _FLASH_READ_ADDR
  -------         PROC          _FLASH_READARR
  X:0001H         SYMBOL        fui_Address
  D:0005H         SYMBOL        fuc_Length
  X:0003H         SYMBOL        fucp_SaveArr
  C:24BDH         LINE#         92
  C:24CEH         LINE#         93
  C:24CEH         LINE#         94
  C:24D4H         LINE#         95
  C:24FCH         LINE#         96
  -------         ENDPROC       _FLASH_READARR
  -------         PROC          CHECK_FLASH
  -------         DO            
  D:0005H         SYMBOL        i
  D:0004H         SYMBOL        cnt
  -------         ENDDO         
  C:2531H         LINE#         98
  C:2531H         LINE#         99
  C:2531H         LINE#         100
  C:2534H         LINE#         102
  C:2534H         LINE#         103
  C:2534H         LINE#         104
  C:254DH         LINE#         105
  C:254DH         LINE#         106
  C:254EH         LINE#         107
  C:2550H         LINE#         108
  C:2553H         LINE#         109
  C:2558H         LINE#         110
  C:255EH         LINE#         111
  C:2561H         LINE#         112
  C:2563H         LINE#         113
  -------         ENDPROC       CHECK_FLASH
  -------         PROC          FLASH_INIT
  -------         DO            
  X:0000H         SYMBOL        init_flag
  -------         ENDDO         
  C:1A60H         LINE#         116
  C:1A60H         LINE#         117
  C:1A60H         LINE#         118
  C:1A65H         LINE#         121
  C:1A6BH         LINE#         123
  C:1A71H         LINE#         124
  C:1A71H         LINE#         125
  C:1A76H         LINE#         126
  C:1A78H         LINE#         128
  C:1A78H         LINE#         129
  C:1A81H         LINE#         130
  C:1A90H         LINE#         131
  C:1AB3H         LINE#         132
  C:1ABCH         LINE#         133
  C:1ACBH         LINE#         134
  C:1AD1H         LINE#         135
  C:1AD1H         LINE#         136
  C:1AD9H         LINE#         137
  C:1AD9H         LINE#         138
  C:1AE2H         LINE#         139
  C:1AE8H         LINE#         140
BL51 BANKED LINKER/LOCATER V6.22                                                      08/31/2020  16:44:34  PAGE 22


  C:1AEAH         LINE#         141
  C:1AF1H         LINE#         142
  C:1AFBH         LINE#         143
  C:1AFEH         LINE#         144
  C:1B0DH         LINE#         145
  C:1B4AH         LINE#         146
  C:1B53H         LINE#         147
  C:1B53H         LINE#         148
  -------         ENDPROC       FLASH_INIT
  -------         PROC          FLAH_SAVE_DATA
  C:263CH         LINE#         152
  C:263CH         LINE#         153
  C:263CH         LINE#         155
  C:2643H         LINE#         156
  C:2650H         LINE#         157
  C:2653H         LINE#         158
  -------         ENDPROC       FLAH_SAVE_DATA
  -------         ENDMOD        FLASH

  -------         MODULE        UART
  C:0000H         SYMBOL        _ICE_DUMMY_
  D:0080H         PUBLIC        P0
  D:0090H         PUBLIC        P1
  D:00A0H         PUBLIC        P2
  D:00B0H         PUBLIC        P3
  D:00A8H         PUBLIC        IE
  D:00F8H         PUBLIC        RSTFR
  B:0098H.1       PUBLIC        TI
  D:0099H         PUBLIC        SBUF
  C:27FAH         SYMBOL        _hal_uart_putchar
  D:0098H         PUBLIC        SCON
  D:0088H         PUBLIC        TCON
  D:00B8H         PUBLIC        IE1
  D:00D8H         PUBLIC        IE2
  B:00A8H.4       PUBLIC        ES1
  D:00CEH         PUBLIC        TH4
  D:00CDH         PUBLIC        TL4
  C:25EBH         PUBLIC        uart_init
  D:009EH         PUBLIC        SCON2
  D:00CCH         PUBLIC        T4CON
  D:00D0H         PUBLIC        PSW
  C:283AH         PUBLIC        _putchar
  -------         PROC          UART_INIT
  C:25EBH         LINE#         4
  C:25EBH         LINE#         5
  C:25EBH         LINE#         7
  C:25F1H         LINE#         8
  C:25F7H         LINE#         9
  C:25FDH         LINE#         10
  C:2602H         LINE#         24
  C:2605H         LINE#         25
  C:2608H         LINE#         26
  C:260BH         LINE#         27
  C:260EH         LINE#         28
  C:2611H         LINE#         29
  C:2613H         LINE#         31
  -------         ENDPROC       UART_INIT
BL51 BANKED LINKER/LOCATER V6.22                                                      08/31/2020  16:44:34  PAGE 23


  -------         PROC          _HAL_UART_PUTCHAR
  D:0007H         SYMBOL        Char
  C:27FAH         LINE#         35
  C:27FAH         LINE#         36
  C:27FAH         LINE#         37
  C:27FCH         LINE#         38
  C:27FEH         LINE#         39
  C:2801H         LINE#         40
  C:2803H         LINE#         41
  C:2805H         LINE#         42
  -------         ENDPROC       _HAL_UART_PUTCHAR
  -------         PROC          _PUTCHAR
  D:0006H         SYMBOL        c
  C:283AH         LINE#         45
  C:283CH         LINE#         46
  C:283CH         LINE#         47
  C:283FH         LINE#         48
  C:283FH         LINE#         49
  -------         ENDPROC       _PUTCHAR
  -------         ENDMOD        UART

  -------         MODULE        KEY
  C:0000H         SYMBOL        _ICE_DUMMY_
  D:0080H         PUBLIC        P0
  D:0090H         PUBLIC        P1
  D:00A0H         PUBLIC        P2
  D:00B0H         PUBLIC        P3
  D:00A8H         PUBLIC        IE
  B:0080H.0       PUBLIC        P0_0
  B:0080H.1       PUBLIC        P0_1
  D:00F8H         PUBLIC        RSTFR
  B:00A0H.7       PUBLIC        P2_7
  D:0098H         PUBLIC        SCON
  D:0088H         PUBLIC        TCON
  C:209AH         SYMBOL        key_driver
  D:00B8H         PUBLIC        IE1
  D:00D8H         PUBLIC        IE2
  C:246BH         PUBLIC        key_scan
  C:27D0H         PUBLIC        key_init
  D:00D0H         PUBLIC        PSW
  -------         PROC          KEY_INIT
  C:27D0H         LINE#         6
  C:27D0H         LINE#         7
  C:27D0H         LINE#         8
  C:27D6H         LINE#         9
  C:27DAH         LINE#         10
  C:27DEH         LINE#         12
  -------         ENDPROC       KEY_INIT
  -------         PROC          KEY_DRIVER
  -------         DO            
  X:0097H         SYMBOL        key_state
  X:0098H         SYMBOL        key_time
  X:0001H         SYMBOL        key_press
  X:0002H         SYMBOL        key_return
  -------         ENDDO         
  C:209AH         LINE#         15
  C:209AH         LINE#         16
BL51 BANKED LINKER/LOCATER V6.22                                                      08/31/2020  16:44:34  PAGE 24


  C:209AH         LINE#         21
  C:209FH         LINE#         23
  C:20A6H         LINE#         24
  C:20BDH         LINE#         25
  C:20BDH         LINE#         26
  C:20BDH         LINE#         27
  C:20C6H         LINE#         28
  C:20C6H         LINE#         29
  C:20CCH         LINE#         30
  C:20D1H         LINE#         31
  C:20D1H         LINE#         32
  C:20D3H         LINE#         34
  C:20D3H         LINE#         35
  C:20D9H         LINE#         36
  C:20D9H         LINE#         37
  C:20E7H         LINE#         38
  C:20F6H         LINE#         39
  C:20F6H         LINE#         40
  C:20FCH         LINE#         41
  C:20FCH         LINE#         42
  C:20FCH         LINE#         43
  C:20FEH         LINE#         47
  C:20FEH         LINE#         48
  C:2105H         LINE#         49
  C:2105H         LINE#         50
  C:2109H         LINE#         51
  C:2109H         LINE#         52
  C:210BH         LINE#         54
  C:210BH         LINE#         55
  C:2119H         LINE#         57
  C:2128H         LINE#         58
  C:2128H         LINE#         59
  C:212EH         LINE#         60
  C:2134H         LINE#         61
  C:2134H         LINE#         62
  C:213BH         LINE#         63
  C:213BH         LINE#         64
  C:213DH         LINE#         66
  C:213DH         LINE#         67
  C:2144H         LINE#         68
  C:2144H         LINE#         69
  C:2144H         LINE#         70
  C:2144H         LINE#         71
  C:2146H         LINE#         73
  C:2146H         LINE#         74
  C:214BH         LINE#         75
  C:214BH         LINE#         76
  C:214BH         LINE#         78
  C:2150H         LINE#         80
  -------         ENDPROC       KEY_DRIVER
  -------         PROC          KEY_SCAN
  -------         DO            
  X:009AH         SYMBOL        key_up
  X:009BH         SYMBOL        key_pres_time
  -------         ENDDO         
  C:246BH         LINE#         81
  C:246BH         LINE#         82
BL51 BANKED LINKER/LOCATER V6.22                                                      08/31/2020  16:44:34  PAGE 25


  C:246BH         LINE#         87
  C:2471H         LINE#         88
  C:2471H         LINE#         90
  C:2474H         LINE#         91
  C:2474H         LINE#         92
  C:2480H         LINE#         93
  C:2480H         LINE#         94
  C:2487H         LINE#         95
  C:248CH         LINE#         96
  C:248FH         LINE#         97
  C:248FH         LINE#         99
  C:2492H         LINE#         100
  C:2492H         LINE#         101
  C:2495H         LINE#         102
  C:2495H         LINE#         104
  C:2498H         LINE#         105
  C:2498H         LINE#         106
  C:249EH         LINE#         107
  C:24A4H         LINE#         109
  C:24B6H         LINE#         110
  C:24BAH         LINE#         111
  C:24BCH         LINE#         112
  -------         ENDPROC       KEY_SCAN
  -------         ENDMOD        KEY

  -------         MODULE        PWM
  C:0000H         SYMBOL        _ICE_DUMMY_
  D:0080H         PUBLIC        P0
  D:0090H         PUBLIC        P1
  D:00A0H         PUBLIC        P2
  D:00B0H         PUBLIC        P3
  C:274BH         PUBLIC        _set_pwm
  D:00A8H         PUBLIC        IE
  D:00F8H         PUBLIC        RSTFR
  D:0098H         PUBLIC        SCON
  D:0088H         PUBLIC        TCON
  X:00A6H         PUBLIC        pwm_period
  D:00B8H         PUBLIC        IE1
  D:00D8H         PUBLIC        IE2
  D:00DDH         PUBLIC        PWM3C
  C:2662H         PUBLIC        _pwm_init
  D:00DFH         PUBLIC        PWM3D
  D:00DEH         PUBLIC        PWM3P
  D:00D0H         PUBLIC        PSW
  -------         PROC          _SET_PWM
  D:0007H         SYMBOL        duty
  -------         DO            
  D:0004H         SYMBOL        tep
  -------         ENDDO         
  C:274BH         LINE#         4
  C:274BH         LINE#         5
  C:274BH         LINE#         6
  C:2760H         LINE#         7
  C:2762H         LINE#         8
  -------         ENDPROC       _SET_PWM
  -------         PROC          _PWM_INIT
  D:0006H         SYMBOL        hz
BL51 BANKED LINKER/LOCATER V6.22                                                      08/31/2020  16:44:34  PAGE 26


  C:2662H         LINE#         10
  C:2662H         LINE#         11
  C:2662H         LINE#         12
  C:2668H         LINE#         13
  C:266EH         LINE#         21
  C:267FH         LINE#         22
  C:2682H         LINE#         23
  C:2684H         LINE#         25
  C:2687H         LINE#         26
  -------         ENDPROC       _PWM_INIT
  -------         ENDMOD        PWM

  -------         MODULE        WDT
  C:0000H         SYMBOL        _ICE_DUMMY_
  D:0080H         PUBLIC        P0
  D:0090H         PUBLIC        P1
  D:00A0H         PUBLIC        P2
  D:00B0H         PUBLIC        P3
  D:00A8H         PUBLIC        IE
  D:00F8H         PUBLIC        RSTFR
  D:00BDH         PUBLIC        WDTC
  D:0098H         PUBLIC        SCON
  D:0088H         PUBLIC        TCON
  C:2852H         PUBLIC        clear_wdt
  D:00B8H         PUBLIC        IE1
  D:00D8H         PUBLIC        IE2
  C:27EDH         PUBLIC        _wdt_init
  D:00D0H         PUBLIC        PSW
  -------         PROC          _WDT_INIT
  D:0007H         SYMBOL        time
  C:27EDH         LINE#         4
  C:27EDH         LINE#         5
  C:27EDH         LINE#         6
  C:27F0H         LINE#         12
  C:27F9H         LINE#         14
  -------         ENDPROC       _WDT_INIT
  -------         PROC          CLEAR_WDT
  C:2852H         LINE#         16
  C:2852H         LINE#         17
  C:2852H         LINE#         18
  C:2855H         LINE#         19
  -------         ENDPROC       CLEAR_WDT
  -------         ENDMOD        WDT

  -------         MODULE        TIMER
  C:0000H         SYMBOL        _ICE_DUMMY_
  D:0080H         PUBLIC        P0
  D:0090H         PUBLIC        P1
  D:00A0H         PUBLIC        P2
  D:00B0H         PUBLIC        P3
  X:007FH         PUBLIC        over_rang_time_std
  D:00A8H         PUBLIC        IE
  D:00F8H         PUBLIC        RSTFR
  C:272DH         PUBLIC        _set_time_sec_val
  X:0080H         PUBLIC        Gap_protect_std
  D:0098H         PUBLIC        SCON
  D:0089H         PUBLIC        TMOD
BL51 BANKED LINKER/LOCATER V6.22                                                      08/31/2020  16:44:34  PAGE 27


  D:0088H         PUBLIC        TCON
  X:0081H         PUBLIC        time_heat
  D:00B8H         PUBLIC        IE1
  D:00D8H         PUBLIC        IE2
  X:0083H         PUBLIC        heat_step
  X:0084H         PUBLIC        Heat_start_std
  X:0085H         PUBLIC        temp_time
  C:1944H         PUBLIC        TIMER0_Rpt
  D:008CH         PUBLIC        TH0
  X:0087H         PUBLIC        time_sec
  D:008AH         PUBLIC        TL0
  X:0089H         PUBLIC        time_cnt
  X:008BH         PUBLIC        cnt_heat_time
  X:008DH         PUBLIC        On_stay
  C:2597H         SYMBOL        set_heat_val
  C:27BCH         PUBLIC        time0_init
  D:00D0H         PUBLIC        PSW
  C:22FCH         PUBLIC        set_time_sec
  -------         PROC          _SET_TIME_SEC_VAL
  D:0006H         SYMBOL        sec
  C:272DH         LINE#         18
  C:272DH         LINE#         19
  C:272DH         LINE#         20
  C:2735H         LINE#         21
  C:273AH         LINE#         22
  -------         ENDPROC       _SET_TIME_SEC_VAL
  -------         PROC          SET_HEAT_VAL
  C:2597H         LINE#         26
  C:2597H         LINE#         27
  C:2597H         LINE#         28
  C:259EH         LINE#         29
  C:259EH         LINE#         30
  C:25B3H         LINE#         31
  C:25B3H         LINE#         33
  C:25B8H         LINE#         34
  C:25BEH         LINE#         36
  C:25C0H         LINE#         37
  C:25C0H         LINE#         38
  C:25C0H         LINE#         39
  -------         ENDPROC       SET_HEAT_VAL
  -------         PROC          SET_TIME_SEC
  C:22FCH         LINE#         41
  C:22FCH         LINE#         42
  C:22FCH         LINE#         43
  C:2303H         LINE#         44
  C:230AH         LINE#         45
  C:230AH         LINE#         46
  C:2310H         LINE#         47
  C:2310H         LINE#         48
  C:2310H         LINE#         49
  C:2312H         LINE#         50
  C:2316H         LINE#         51
  C:2316H         LINE#         52
  C:231FH         LINE#         53
  C:2320H         LINE#         54
  C:2320H         LINE#         55
  C:2322H         LINE#         56
BL51 BANKED LINKER/LOCATER V6.22                                                      08/31/2020  16:44:34  PAGE 28


  C:2326H         LINE#         57
  C:2326H         LINE#         58
  C:2330H         LINE#         59
  C:2331H         LINE#         60
  C:2331H         LINE#         61
  C:2333H         LINE#         62
  C:2337H         LINE#         63
  C:2337H         LINE#         64
  C:2341H         LINE#         65
  C:2342H         LINE#         66
  C:2342H         LINE#         67
  C:2344H         LINE#         68
  C:2348H         LINE#         69
  C:2348H         LINE#         70
  C:2352H         LINE#         71
  C:2353H         LINE#         72
  C:2353H         LINE#         73
  C:2355H         LINE#         74
  C:2359H         LINE#         75
  C:2359H         LINE#         76
  C:2363H         LINE#         77
  C:236AH         LINE#         78
  C:2370H         LINE#         79
  C:2370H         LINE#         80
  -------         ENDPROC       SET_TIME_SEC
  -------         PROC          TIME0_INIT
  C:27BCH         LINE#         84
  C:27BCH         LINE#         85
  C:27BCH         LINE#         87
  C:27C1H         LINE#         88
  C:27C3H         LINE#         101
  C:27C6H         LINE#         102
  C:27C9H         LINE#         103
  C:27CCH         LINE#         104
  C:27CFH         LINE#         105
  -------         ENDPROC       TIME0_INIT
  -------         PROC          TIMER0_RPT
  C:1944H         LINE#         110
  C:1961H         LINE#         112
  C:196AH         LINE#         113
  C:196AH         LINE#         114
  C:1978H         LINE#         115
  C:198AH         LINE#         116
  C:198AH         LINE#         117
  C:198DH         LINE#         119
  C:1994H         LINE#         120
  C:1994H         LINE#         121
  C:19A2H         LINE#         122
  C:19B1H         LINE#         123
  C:19B1H         LINE#         124
  C:19B6H         LINE#         125
  C:19BCH         LINE#         126
  C:19C1H         LINE#         128
  C:19C1H         LINE#         130
  C:19C1H         LINE#         131
  C:19D0H         LINE#         132
  C:19D0H         LINE#         134
BL51 BANKED LINKER/LOCATER V6.22                                                      08/31/2020  16:44:34  PAGE 29


  C:19DCH         LINE#         135
  C:19E4H         LINE#         136
  C:19E4H         LINE#         138
  C:19F2H         LINE#         141
  C:1A01H         LINE#         142
  C:1A01H         LINE#         143
  C:1A07H         LINE#         144
  C:1A0AH         LINE#         145
  C:1A10H         LINE#         147
  C:1A10H         LINE#         148
  C:1A10H         LINE#         149
  C:1A12H         LINE#         151
  C:1A12H         LINE#         152
  C:1A18H         LINE#         153
  C:1A18H         LINE#         154
  C:1A1DH         LINE#         155
  C:1A24H         LINE#         156
  C:1A2AH         LINE#         157
  C:1A2EH         LINE#         158
  C:1A32H         LINE#         160
  C:1A3BH         LINE#         161
  C:1A3BH         LINE#         162
  C:1A3BH         LINE#         164
  C:1A42H         LINE#         165
  C:1A42H         LINE#         166
  C:1A42H         LINE#         167
  C:1A45H         LINE#         169
  -------         ENDPROC       TIMER0_RPT
  -------         ENDMOD        TIMER

  -------         MODULE        LCDDISPLAY
  C:0000H         SYMBOL        _ICE_DUMMY_
  D:0080H         PUBLIC        P0
  D:0090H         PUBLIC        P1
  D:00A0H         PUBLIC        P2
  D:00B0H         PUBLIC        P3
  D:00A8H         PUBLIC        IE
  C:1D68H         PUBLIC        LCD_Display
  B:0090H.1       PUBLIC        P1_1
  B:0090H.2       PUBLIC        P1_2
  D:00F8H         PUBLIC        RSTFR
  B:0090H.3       PUBLIC        P1_3
  B:00A0H.3       PUBLIC        P2_3
  B:0090H.4       PUBLIC        P1_4
  B:0090H.5       PUBLIC        P1_5
  B:00B0H.4       PUBLIC        P3_4
  B:0090H.6       PUBLIC        P1_6
  B:0090H.7       PUBLIC        P1_7
  X:009EH         PUBLIC        LCD_STD
  C:2846H         PUBLIC        _lcd_display_time
  C:284CH         PUBLIC        _lcd_display_gap
  C:2825H         PUBLIC        lcd_display_On
  D:0098H         PUBLIC        SCON
  D:00D1H         PUBLIC        LCDCON
  D:0088H         PUBLIC        TCON
  C:281CH         PUBLIC        lcd_clear_all
  D:00B8H         PUBLIC        IE1
BL51 BANKED LINKER/LOCATER V6.22                                                      08/31/2020  16:44:34  PAGE 30


  D:00D8H         PUBLIC        IE2
  C:2688H         PUBLIC        lcd_error
  C:25C1H         PUBLIC        LCD_Init
  C:2840H         PUBLIC        _lcd_off
  X:009FH         PUBLIC        guc_DisFreshStep
  C:1503H         PUBLIC        _set_time
  X:00A0H         PUBLIC        lcd_set
  C:1248H         PUBLIC        _set_gap
  D:00D0H         PUBLIC        PSW
  -------         PROC          LCD_INIT
  C:25C1H         LINE#         11
  C:25C1H         LINE#         12
  C:25C1H         LINE#         14
  C:25C4H         LINE#         15
  C:25CBH         LINE#         16
  C:25D2H         LINE#         17
  C:25D9H         LINE#         19
  C:25E0H         LINE#         21
  C:25E2H         LINE#         22
  C:25E4H         LINE#         23
  C:25E6H         LINE#         24
  C:25E8H         LINE#         25
  C:25EAH         LINE#         26
  -------         ENDPROC       LCD_INIT
  -------         PROC          _LCD_OFF
  D:0007H         SYMBOL        std
  C:2840H         LINE#         28
  C:2840H         LINE#         29
  C:2840H         LINE#         30
  C:2845H         LINE#         31
  -------         ENDPROC       _LCD_OFF
  -------         PROC          LCD_CLEAR_ALL
  C:281CH         LINE#         33
  C:281CH         LINE#         34
  C:281CH         LINE#         36
  C:2822H         LINE#         37
  C:2824H         LINE#         38
  -------         ENDPROC       LCD_CLEAR_ALL
  -------         PROC          LCD_ERROR
  -------         DO            
  X:009DH         SYMBOL        error_std
  -------         ENDDO         
  C:2688H         LINE#         39
  C:2688H         LINE#         40
  C:2688H         LINE#         42
  C:268FH         LINE#         43
  C:268FH         LINE#         45
  C:2695H         LINE#         46
  C:2697H         LINE#         47
  C:269DH         LINE#         48
  C:269EH         LINE#         49
  C:26A2H         LINE#         50
  C:26A2H         LINE#         52
  C:26A8H         LINE#         53
  C:26ADH         LINE#         54
  C:26ADH         LINE#         56
  -------         ENDPROC       LCD_ERROR
BL51 BANKED LINKER/LOCATER V6.22                                                      08/31/2020  16:44:34  PAGE 31


  -------         PROC          _LCD_DISPLAY_TIME
  D:0007H         SYMBOL        time
  C:2846H         LINE#         57
  C:2846H         LINE#         58
  C:2846H         LINE#         60
  C:284BH         LINE#         61
  -------         ENDPROC       _LCD_DISPLAY_TIME
  -------         PROC          _LCD_DISPLAY_GAP
  D:0007H         SYMBOL        gap
  C:284CH         LINE#         63
  C:284CH         LINE#         64
  C:284CH         LINE#         66
  C:2851H         LINE#         68
  -------         ENDPROC       _LCD_DISPLAY_GAP
  -------         PROC          LCD_DISPLAY_ON
  C:2825H         LINE#         69
  C:2825H         LINE#         70
  C:2825H         LINE#         72
  C:282BH         LINE#         73
  C:282DH         LINE#         74
  -------         ENDPROC       LCD_DISPLAY_ON
  -------         PROC          LCD_DISPLAY
  C:1D68H         LINE#         79
  C:1D68H         LINE#         80
  C:1D68H         LINE#         81
  C:1D75H         LINE#         82
  C:1D75H         LINE#         83
  C:1D78H         LINE#         84
  C:1DA3H         LINE#         85
  C:1DA3H         LINE#         86
  C:1DA3H         LINE#         88
  C:1DA6H         LINE#         90
  C:1DA6H         LINE#         91
  C:1DA6H         LINE#         92
  C:1DA6H         LINE#         93
  C:1DA6H         LINE#         95
  C:1DA9H         LINE#         96
  C:1DACH         LINE#         97
  C:1DB2H         LINE#         98
  C:1DB3H         LINE#         99
  C:1DB3H         LINE#         100
  C:1DB5H         LINE#         101
  C:1DB7H         LINE#         102
  C:1DB7H         LINE#         103
  C:1DB7H         LINE#         104
  C:1DBAH         LINE#         105
  C:1DBDH         LINE#         106
  C:1DC3H         LINE#         107
  C:1DC4H         LINE#         108
  C:1DC4H         LINE#         110
  C:1DC6H         LINE#         111
  C:1DC8H         LINE#         112
  C:1DCAH         LINE#         113
  C:1DCAH         LINE#         115
  C:1DCDH         LINE#         116
  C:1DD0H         LINE#         117
  C:1DD6H         LINE#         118
BL51 BANKED LINKER/LOCATER V6.22                                                      08/31/2020  16:44:34  PAGE 32


  C:1DD7H         LINE#         119
  C:1DD7H         LINE#         121
  C:1DD9H         LINE#         122
  C:1DDBH         LINE#         123
  C:1DDDH         LINE#         124
  C:1DDFH         LINE#         125
  C:1DE2H         LINE#         127
  C:1DE5H         LINE#         128
  C:1DEBH         LINE#         129
  C:1DECH         LINE#         130
  C:1DECH         LINE#         131
  C:1DEFH         LINE#         133
  C:1DEFH         LINE#         134
  C:1DEFH         LINE#         135
  C:1DEFH         LINE#         136
  C:1DEFH         LINE#         139
  C:1DF2H         LINE#         141
  C:1DF5H         LINE#         143
  C:1DFBH         LINE#         144
  C:1DFCH         LINE#         145
  C:1DFCH         LINE#         147
  C:1DFEH         LINE#         148
  C:1E00H         LINE#         149
  C:1E00H         LINE#         150
  C:1E00H         LINE#         151
  C:1E03H         LINE#         153
  C:1E06H         LINE#         154
  C:1E0CH         LINE#         155
  C:1E0DH         LINE#         156
  C:1E0DH         LINE#         158
  C:1E0FH         LINE#         159
  C:1E11H         LINE#         160
  C:1E13H         LINE#         161
  C:1E13H         LINE#         162
  C:1E16H         LINE#         163
  C:1E19H         LINE#         164
  C:1E1FH         LINE#         165
  C:1E20H         LINE#         166
  C:1E20H         LINE#         168
  C:1E22H         LINE#         169
  C:1E24H         LINE#         170
  C:1E26H         LINE#         171
  C:1E28H         LINE#         174
  C:1E2BH         LINE#         176
  C:1E2EH         LINE#         178
  C:1E2EH         LINE#         179
  C:1E30H         LINE#         180
  C:1E30H         LINE#         181
  C:1E35H         LINE#         182
  C:1E36H         LINE#         183
  C:1E36H         LINE#         184
  C:1E36H         LINE#         185
  C:1E3DH         LINE#         186
  C:1E3DH         LINE#         187
  C:1E40H         LINE#         188
  C:1E40H         LINE#         189
  -------         ENDPROC       LCD_DISPLAY
BL51 BANKED LINKER/LOCATER V6.22                                                      08/31/2020  16:44:34  PAGE 33


  C:1243H         SYMBOL        L?0205
  -------         PROC          L?0204
  -------         ENDPROC       L?0204
  C:1243H         SYMBOL        L?0205
  -------         PROC          _SET_GAP
  D:0007H         SYMBOL        number
  C:1248H         LINE#         367
  C:1248H         LINE#         368
  C:1248H         LINE#         369
  C:1277H         LINE#         370
  C:1277H         LINE#         371
  C:1277H         LINE#         372
  C:1281H         LINE#         373
  C:1281H         LINE#         375
  C:1283H         LINE#         376
  C:1285H         LINE#         377
  C:1285H         LINE#         378
  C:128EH         LINE#         379
  C:128EH         LINE#         380
  C:1290H         LINE#         381
  C:1292H         LINE#         382
  C:1292H         LINE#         383
  C:129BH         LINE#         384
  C:129BH         LINE#         385
  C:129DH         LINE#         386
  C:129FH         LINE#         387
  C:129FH         LINE#         388
  C:12ACH         LINE#         389
  C:12ACH         LINE#         390
  C:12ACH         LINE#         391
  C:12ACH         LINE#         392
  C:12ACH         LINE#         394
[...]
BL51 BANKED LINKER/LOCATER V6.22                                                      08/31/2020  16:44:34  PAGE 36


  C:1415H         LINE#         543
  C:1415H         LINE#         544
  C:1417H         LINE#         545
  C:1419H         LINE#         546
  C:1419H         LINE#         547
  C:1422H         LINE#         548
  C:1422H         LINE#         549
  C:1424H         LINE#         550
  C:1426H         LINE#         551
  C:1426H         LINE#         552
  C:1433H         LINE#         553
  C:1433H         LINE#         554
  C:1435H         LINE#         555
  C:1437H         LINE#         556
  C:1437H         LINE#         557
  C:1438H         LINE#         558
  C:1438H         LINE#         559
  C:1442H         LINE#         560
  C:1442H         LINE#         562
  C:1444H         LINE#         563
  C:1446H         LINE#         564
  C:1446H         LINE#         565
  C:144FH         LINE#         566
  C:144FH         LINE#         567
  C:1451H         LINE#         568
  C:1453H         LINE#         569
  C:1453H         LINE#         570
  C:145CH         LINE#         571
  C:145CH         LINE#         572
  C:145EH         LINE#         573
  C:1460H         LINE#         574
  C:1460H         LINE#         575
  C:146DH         LINE#         576
  C:146DH         LINE#         577
  C:146FH         LINE#         578
  C:1471H         LINE#         579
  C:1471H         LINE#         580
  C:1472H         LINE#         581
  C:1472H         LINE#         582
  C:147CH         LINE#         583
  C:147CH         LINE#         585
  C:147EH         LINE#         586
  C:1480H         LINE#         587
  C:1480H         LINE#         588
  C:1489H         LINE#         589
  C:1489H         LINE#         590
  C:148BH         LINE#         591
  C:148DH         LINE#         592
  C:148DH         LINE#         593
  C:1496H         LINE#         594
  C:1496H         LINE#         595
  C:1498H         LINE#         596
  C:149AH         LINE#         597
  C:149AH         LINE#         598
  C:14A4H         LINE#         599
  C:14A4H         LINE#         600
  C:14A6H         LINE#         601
BL51 BANKED LINKER/LOCATER V6.22                                                      08/31/2020  16:44:34  PAGE 37


  C:14A8H         LINE#         602
  C:14A8H         LINE#         603
  C:14A9H         LINE#         604
  C:14A9H         LINE#         605
  C:14B3H         LINE#         606
  C:14B3H         LINE#         608
  C:14B5H         LINE#         609
  C:14B7H         LINE#         610
  C:14B7H         LINE#         611
  C:14C0H         LINE#         612
  C:14C0H         LINE#         613
  C:14C2H         LINE#         614
  C:14C4H         LINE#         615
  C:14C4H         LINE#         616
  C:14CDH         LINE#         617
  C:14CDH         LINE#         618
  C:14CFH         LINE#         619
  C:14D1H         LINE#         620
  C:14D1H         LINE#         621
  C:14DBH         LINE#         622
  C:14DBH         LINE#         623
  C:14DDH         LINE#         624
  C:14DFH         LINE#         625
  C:14DFH         LINE#         626
  C:14E0H         LINE#         627
  C:14E0H         LINE#         628
  C:14E2H         LINE#         629
  C:14E4H         LINE#         630
  C:14E6H         LINE#         631
  C:14E8H         LINE#         632
  C:14EAH         LINE#         633
  C:14EBH         LINE#         634
  C:14EBH         LINE#         635
  C:14EDH         LINE#         636
  C:14EFH         LINE#         637
  C:14F1H         LINE#         638
  C:14F3H         LINE#         639
  C:14F5H         LINE#         640
  C:14F5H         LINE#         641
  C:14F5H         LINE#         643
  -------         ENDPROC       _SET_GAP
  C:14FAH         SYMBOL        L?0201
  C:14FCH         SYMBOL        L?0202
  C:14FEH         SYMBOL        L?0203
  -------         PROC          L?0200
  -------         ENDPROC       L?0200
  C:14FAH         SYMBOL        L?0201
  C:14FCH         SYMBOL        L?0202
  C:14FEH         SYMBOL        L?0203
  -------         PROC          _SET_TIME
  D:0007H         SYMBOL        number
  C:1503H         LINE#         645
  C:1503H         LINE#         646
  C:1503H         LINE#         647
  C:1526H         LINE#         648
  C:1526H         LINE#         649
  C:1526H         LINE#         650
BL51 BANKED LINKER/LOCATER V6.22                                                      08/31/2020  16:44:34  PAGE 38


  C:1530H         LINE#         651
  C:1530H         LINE#         652
  C:1532H         LINE#         653
  C:1534H         LINE#         654
  C:1536H         LINE#         655
  C:1536H         LINE#         656
  C:153FH         LINE#         657
  C:153FH         LINE#         658
  C:1541H         LINE#         659
  C:1543H         LINE#         660
  C:1545H         LINE#         661
  C:1545H         LINE#         662
  C:154EH         LINE#         663
  C:154EH         LINE#         664
  C:1550H         LINE#         665
  C:1552H         LINE#         666
  C:1554H         LINE#         667
  C:1554H         LINE#         668
  C:1561H         LINE#         669
  C:1561H         LINE#         670
  C:1561H         LINE#         671
  C:1561H         LINE#         672
  C:1561H         LINE#         673
  C:1561H         LINE#         675
  C:1564H         LINE#         676
  C:1564H         LINE#         677
  C:156EH         LINE#         678
  C:156EH         LINE#         679
  C:1570H         LINE#         680
  C:1572H         LINE#         681
  C:1574H         LINE#         682
  C:1574H         LINE#         683
  C:157DH         LINE#         684
  C:157DH         LINE#         685
  C:157FH         LINE#         686
  C:1581H         LINE#         687
  C:1583H         LINE#         688
  C:1583H         LINE#         689
  C:158CH         LINE#         690
  C:158CH         LINE#         691
  C:158EH         LINE#         692
  C:1590H         LINE#         693
  C:1592H         LINE#         694
  C:1592H         LINE#         695
  C:159FH         LINE#         696
  C:159FH         LINE#         697
  C:159FH         LINE#         698
  C:159FH         LINE#         699
  C:159FH         LINE#         700
  C:159FH         LINE#         701
  C:15A2H         LINE#         703
  C:15A2H         LINE#         704
  C:15ACH         LINE#         705
  C:15ACH         LINE#         706
  C:15AEH         LINE#         707
  C:15B0H         LINE#         708
  C:15B2H         LINE#         709
BL51 BANKED LINKER/LOCATER V6.22                                                      08/31/2020  16:44:34  PAGE 39


  C:15B2H         LINE#         710
  C:15BBH         LINE#         711
  C:15BBH         LINE#         712
  C:15BDH         LINE#         713
  C:15BFH         LINE#         714
  C:15C1H         LINE#         715
  C:15C1H         LINE#         716
  C:15CAH         LINE#         717
  C:15CAH         LINE#         718
  C:15CCH         LINE#         719
  C:15CEH         LINE#         720
  C:15D0H         LINE#         721
  C:15D0H         LINE#         722
  C:15DDH         LINE#         723
  C:15DDH         LINE#         724
  C:15DDH         LINE#         725
  C:15DDH         LINE#         726
  C:15DDH         LINE#         727
  C:15DDH         LINE#         728
  C:15E0H         LINE#         730
  C:15E0H         LINE#         731
  C:15EAH         LINE#         732
  C:15EAH         LINE#         733
  C:15ECH         LINE#         734
  C:15EEH         LINE#         735
  C:15F0H         LINE#         736
  C:15F0H         LINE#         737
  C:15F9H         LINE#         738
  C:15F9H         LINE#         739
  C:15FBH         LINE#         740
  C:15FDH         LINE#         741
  C:15FFH         LINE#         742
  C:15FFH         LINE#         743
  C:1608H         LINE#         744
  C:1608H         LINE#         745
  C:160AH         LINE#         746
  C:160CH         LINE#         747
  C:160EH         LINE#         748
  C:160EH         LINE#         749
  C:1618H         LINE#         750
  C:1618H         LINE#         751
  C:1618H         LINE#         752
  C:1618H         LINE#         753
  C:1618H         LINE#         754
  C:1618H         LINE#         755
  C:161AH         LINE#         756
  C:161AH         LINE#         757
  C:1624H         LINE#         758
  C:1624H         LINE#         759
  C:1626H         LINE#         760
  C:1628H         LINE#         761
  C:162AH         LINE#         762
  C:162AH         LINE#         763
  C:1633H         LINE#         764
  C:1633H         LINE#         765
  C:1635H         LINE#         766
  C:1637H         LINE#         767
BL51 BANKED LINKER/LOCATER V6.22                                                      08/31/2020  16:44:34  PAGE 40


  C:1639H         LINE#         768
  C:1639H         LINE#         769
  C:1642H         LINE#         770
  C:1642H         LINE#         771
  C:1644H         LINE#         772
  C:1646H         LINE#         773
  C:1648H         LINE#         774
  C:1648H         LINE#         775
  C:1652H         LINE#         776
  C:1652H         LINE#         777
  C:1652H         LINE#         778
  C:1652H         LINE#         779
  C:1652H         LINE#         780
  C:1652H         LINE#         781
  C:1654H         LINE#         782
  C:1654H         LINE#         783
  C:165EH         LINE#         784
  C:165EH         LINE#         785
  C:1660H         LINE#         786
  C:1662H         LINE#         787
  C:1664H         LINE#         788
  C:1664H         LINE#         789
  C:166DH         LINE#         790
  C:166DH         LINE#         791
  C:166FH         LINE#         792
  C:1671H         LINE#         793
  C:1673H         LINE#         794
  C:1673H         LINE#         795
  C:167CH         LINE#         796
  C:167CH         LINE#         797
  C:167EH         LINE#         798
  C:1680H         LINE#         799
  C:1682H         LINE#         800
  C:1682H         LINE#         801
  C:168BH         LINE#         802
  C:168BH         LINE#         803
  C:168DH         LINE#         804
  C:168FH         LINE#         805
  C:1691H         LINE#         806
  C:1691H         LINE#         807
  C:1691H         LINE#         808
  C:1691H         LINE#         810
  -------         ENDPROC       _SET_TIME
  -------         ENDMOD        LCDDISPLAY

  -------         MODULE        PID
  C:0000H         SYMBOL        _ICE_DUMMY_
  D:0080H         PUBLIC        P0
  D:0090H         PUBLIC        P1
  D:00A0H         PUBLIC        P2
  D:00B0H         PUBLIC        P3
  D:00A8H         PUBLIC        IE
  D:00F8H         PUBLIC        RSTFR
  X:0066H         PUBLIC        spid
  D:0098H         PUBLIC        SCON
  D:0088H         PUBLIC        TCON
  D:00B8H         PUBLIC        IE1
BL51 BANKED LINKER/LOCATER V6.22                                                      08/31/2020  16:44:34  PAGE 41


  D:00D8H         PUBLIC        IE2
  C:2806H         SYMBOL        _?ix1000
  C:26D0H         PUBLIC        PID_Init
  X:007EH         PUBLIC        PID_RunFlag
  C:0E1BH         PUBLIC        PID_Operation
  D:00D0H         PUBLIC        PSW
  -------         PROC          PID_INIT
  C:26D0H         LINE#         14
  C:26D0H         LINE#         15
  C:26D0H         LINE#         16
  C:26D7H         LINE#         17
  C:26DDH         LINE#         18
  C:26E1H         LINE#         20
  C:26E6H         LINE#         21
  C:26EAH         LINE#         22
  C:26EFH         LINE#         23
  -------         ENDPROC       PID_INIT
  -------         PROC          PID_OPERATION
  -------         DO            
  X:0006H         SYMBOL        temp
  X:0012H         SYMBOL        PostSum
  X:0016H         SYMBOL        NegSum
  -------         ENDDO         
  C:0E1BH         LINE#         33
  C:0E1BH         LINE#         34
  C:0E1BH         LINE#         35
  C:0E2EH         LINE#         36
  C:0E38H         LINE#         37
  C:0E42H         LINE#         38
  C:0E5BH         LINE#         39
  C:0E5BH         LINE#         40
  C:0E6AH         LINE#         41
  C:0E6AH         LINE#         42
  C:0E6AH         LINE#         43
  C:0E6DH         LINE#         45
  C:0E6DH         LINE#         46
  C:0E76H         LINE#         47
  C:0E7BH         LINE#         49
  C:0E8DH         LINE#         50
  C:0E9FH         LINE#         51
  C:0EB3H         LINE#         53
  C:0ED5H         LINE#         54
  C:0ED5H         LINE#         55
  C:0F01H         LINE#         56
  C:0F06H         LINE#         57
  C:0F08H         LINE#         59
  C:0F08H         LINE#         60
  C:0F33H         LINE#         61
  C:0F39H         LINE#         62
  C:0F39H         LINE#         64
  C:0F56H         LINE#         65
  C:0F90H         LINE#         66
  C:0F90H         LINE#         67
  C:0FD4H         LINE#         68
  C:0FD9H         LINE#         69
  C:0FDBH         LINE#         71
  C:0FDBH         LINE#         72
BL51 BANKED LINKER/LOCATER V6.22                                                      08/31/2020  16:44:34  PAGE 42


  C:1032H         LINE#         73
  C:1038H         LINE#         74
  C:1038H         LINE#         76
  C:1058H         LINE#         77
  C:1078H         LINE#         78
  C:1098H         LINE#         81
  C:109EH         LINE#         82
  C:109EH         LINE#         83
  C:10C9H         LINE#         84
  C:10CBH         LINE#         86
  C:10CBH         LINE#         87
  C:10F9H         LINE#         88
  C:10F9H         LINE#         90
  C:10FFH         LINE#         91
  C:10FFH         LINE#         92
  C:112DH         LINE#         93
  C:112DH         LINE#         96
  C:1133H         LINE#         97
  C:1133H         LINE#         98
  C:115CH         LINE#         99
  C:115EH         LINE#         101
  C:115EH         LINE#         102
  C:118CH         LINE#         103
  C:118CH         LINE#         105
  C:11B7H         LINE#         106
  C:11D9H         LINE#         107
  C:11D9H         LINE#         108
  C:1205H         LINE#         109
  C:121FH         LINE#         110
  C:121FH         LINE#         111
  C:1230H         LINE#         112
  C:1231H         LINE#         114
  C:1231H         LINE#         115
  C:123AH         LINE#         116
  C:123AH         LINE#         117
  C:123BH         LINE#         126
  C:123BH         LINE#         127
  C:1242H         LINE#         128
  C:1242H         LINE#         129
  -------         ENDPROC       PID_OPERATION
  -------         ENDMOD        PID

  -------         MODULE        ?C?FPADD
  C:0015H         PUBLIC        ?C?FPADD
  C:0011H         PUBLIC        ?C?FPSUB
  -------         ENDMOD        ?C?FPADD

  -------         MODULE        ?C?FPMUL
  C:0106H         PUBLIC        ?C?FPMUL
  -------         ENDMOD        ?C?FPMUL

  -------         MODULE        ?C?FPDIV
  C:020FH         PUBLIC        ?C?FPDIV
  -------         ENDMOD        ?C?FPDIV

  -------         MODULE        ?C?FPCMP
  C:02AEH         PUBLIC        ?C?FPCMP
BL51 BANKED LINKER/LOCATER V6.22                                                      08/31/2020  16:44:34  PAGE 43


  C:02ACH         PUBLIC        ?C?FPCMP3
  -------         ENDMOD        ?C?FPCMP

  -------         MODULE        ?C?FCAST
  C:032FH         PUBLIC        ?C?FCASTC
  C:032AH         PUBLIC        ?C?FCASTI
  C:0325H         PUBLIC        ?C?FCASTL
  -------         ENDMOD        ?C?FCAST

  -------         MODULE        ?C?CASTF
  C:0363H         PUBLIC        ?C?CASTF
  -------         ENDMOD        ?C?CASTF

  -------         MODULE        PRINTF
  X:0036H         PUBLIC        ?_PRINTF?BYTE
  X:0036H         PUBLIC        ?_SPRINTF?BYTE
  C:0A03H         PUBLIC        _PRINTF
  C:09FDH         PUBLIC        _SPRINTF
  -------         ENDMOD        PRINTF

  -------         MODULE        ?C?FPROUND
  C:03E4H         PUBLIC        ?C?FPROUND
  -------         ENDMOD        ?C?FPROUND

  -------         MODULE        ?C?FPCONVERT
  C:0421H         PUBLIC        ?C?FPCONVERT
  -------         ENDMOD        ?C?FPCONVERT

  -------         MODULE        ?C?FTNPWR
  C:0556H         PUBLIC        ?C?FTNPWR
  -------         ENDMOD        ?C?FTNPWR

  -------         MODULE        ?C?COPY
  C:0666H         PUBLIC        ?C?COPY
  -------         ENDMOD        ?C?COPY

  -------         MODULE        ?C?CLDPTR
  C:068CH         PUBLIC        ?C?CLDPTR
  -------         ENDMOD        ?C?CLDPTR

  -------         MODULE        ?C?CLDOPTR
  C:06A5H         PUBLIC        ?C?CLDOPTR
  -------         ENDMOD        ?C?CLDOPTR

  -------         MODULE        ?C?CSTPTR
  C:06D2H         PUBLIC        ?C?CSTPTR
  -------         ENDMOD        ?C?CSTPTR

  -------         MODULE        ?C?IMUL
  C:06E4H         PUBLIC        ?C?IMUL
  -------         ENDMOD        ?C?IMUL

  -------         MODULE        ?C?UIDIV
  C:06F6H         PUBLIC        ?C?UIDIV
  -------         ENDMOD        ?C?UIDIV

  -------         MODULE        ?C?IILDX
BL51 BANKED LINKER/LOCATER V6.22                                                      08/31/2020  16:44:34  PAGE 44


  C:074BH         PUBLIC        ?C?IILDX
  -------         ENDMOD        ?C?IILDX

  -------         MODULE        ?C?ILDIX
  C:0761H         PUBLIC        ?C?ILDIX
  -------         ENDMOD        ?C?ILDIX

  -------         MODULE        ?C?ISTPTR
  C:0777H         PUBLIC        ?C?ISTPTR
  -------         ENDMOD        ?C?ISTPTR

  -------         MODULE        ?C?LMUL
  C:0796H         PUBLIC        ?C?LMUL
  -------         ENDMOD        ?C?LMUL

  -------         MODULE        ?C?ULDIV
  C:0821H         PUBLIC        ?C?ULDIV
  -------         ENDMOD        ?C?ULDIV

  -------         MODULE        ?C?LNEG
  C:08B3H         PUBLIC        ?C?LNEG
  -------         ENDMOD        ?C?LNEG

  -------         MODULE        ?C?SLCMP
  C:08C1H         PUBLIC        ?C?SLCMP
  -------         ENDMOD        ?C?SLCMP

  -------         MODULE        ?C?ULCMP
  C:08D7H         PUBLIC        ?C?ULCMP
  -------         ENDMOD        ?C?ULCMP

  -------         MODULE        ?C?LSTXDATA
  C:08E8H         PUBLIC        ?C?LSTXDATA
  -------         ENDMOD        ?C?LSTXDATA

  -------         MODULE        ?C?LSTKXDATA
  C:08F4H         PUBLIC        ?C?LSTKXDATA
  -------         ENDMOD        ?C?LSTKXDATA

  -------         MODULE        ?C?PLDIXDATA
  C:0925H         PUBLIC        ?C?PLDIXDATA
  -------         ENDMOD        ?C?PLDIXDATA

  -------         MODULE        ?C?PSTXDATA
  C:093CH         PUBLIC        ?C?PSTXDATA
  -------         ENDMOD        ?C?PSTXDATA

  -------         MODULE        ?C?CCASE
  C:0945H         PUBLIC        ?C?CCASE
  -------         ENDMOD        ?C?CCASE

  -------         MODULE        ?C?LIMUL
  C:096BH         PUBLIC        ?C?LIMUL
  -------         ENDMOD        ?C?LIMUL

*** WARNING L16: UNCALLED SEGMENT, IGNORED FOR OVERLAY PROCESS
    SEGMENT: ?PR?_SET_TIME_SEC_VAL?TIMER
BL51 BANKED LINKER/LOCATER V6.22                                                      08/31/2020  16:44:34  PAGE 45



*** WARNING L15: MULTIPLE CALL TO SEGMENT
    SEGMENT: ?PR?PRINTF?PRINTF
    CALLER1: ?C_C51STARTUP
    CALLER2: ?PR?TIMER0_RPT?TIMER

Program Size: data=21.2 xdata=284 code=10326
LINK/LOCATE RUN COMPLETE.  2 WARNING(S),  0 ERROR(S)
