C51 COMPILER V9.56.0.0   UART                                                              08/25/2020 17:22:27 PAGE 1   


C51 COMPILER V9.56.0.0, COMPILATION OF MODULE UART
OBJECT MODULE PLACED IN .\Objects\uart.obj
COMPILER INVOKED BY: C:\program_list\keil\C51\BIN\C51.EXE ..\hardware\Uart\uart.c LARGE OPTIMIZE(8,SPEED) BROWSE INCDIR(
                    -..\hardware\DELAY;..\hardware\ADC;..\hardware\Flash;..\hardware\Uart;..\hardware\Key;..\hardware\Pwm;..\hardware\WDT;..\
                    -hardware\Timer;..\hardware\LCDdisplay;..\hardware\PID) DEBUG OBJECTEXTEND PRINT(.\Listings\uart.lst) TABS(2) OBJECT(.\Ob
                    -jects\uart.obj)

line level    source

   1          #include "uart.h"
   2          
   3          //初始化串口9600
   4          void uart_init(void)
   5          {
   6   1        #if _DEBUG_PRINTF_
   7   1        P2M6 =  0xC1;   //P26设置为推挽输出   0xC1
   8   1        P2M5 = 0x60;    //P25设置为上拉输入 0x60
   9   1        TXD_MAP = 0x26;   //TXD映射P26
  10   1        RXD_MAP = 0x25;   //RXD映射P25  
  11   1        
  12   1        //波特率计算
  13   1        //波特率 = 1/16 * (T4时钟源频率 / 定时器4预分频比) / (65536 - 0xFF98)
  14   1        //       = 1/16 * ((16000000 / 1) / 104)
  15   1        //     = 9615.38(误差0.16%)
  16   1      
  17   1        //波特率9600
  18   1        //反推初值 = (65536 - ((T4时钟源频率 / 定时器4预分频比) * (1 / 16)) / 波特率)
  19   1        //       = (65536 - (16000000 * (1 / 16) / 9600))
  20   1        //       = (65536 - 104.167)
  21   1        //         = FF98
  22   1        // TH4 = 0xFF;
  23   1        // TL4 = 0x98;      //波特率9600
  24   1        TH4 = 0xFF;//9600  4M 波特率9600
  25   1        TL4 = 0x98; 
  26   1        T4CON = 0x06;   //T4工作模式：UART1波特率发生器
  27   1        SCON2 = 0x02;   //8位UART，波特率可变 方式一
  28   1        SCON = 0x10;    //允许串行接收
  29   1        ES1 = 1;      //使能串口中断
  30   1        #endif
  31   1      }
  32          
  33          
  34          //串口发送一个字符
  35          static void hal_uart_putchar(char Char)
  36          {
  37   1        ES1= 0;       //失能UART1中断
  38   1        SBUF = Char;
  39   1        while(!TI);
  40   1        TI = 0;
  41   1        ES1= 1;       //UART1接收使能
  42   1      }
  43          
  44          //重写stdio 中的putchar函数  实现printf
  45          char putchar(char c)
  46          {
  47   1        hal_uart_putchar(c);
  48   1        return c;
  49   1      }


MODULE INFORMATION:   STATIC OVERLAYABLE
C51 COMPILER V9.56.0.0   UART                                                              08/25/2020 17:22:27 PAGE 2   

   CODE SIZE        =     59    ----
   CONSTANT SIZE    =   ----    ----
   XDATA SIZE       =   ----    ----
   PDATA SIZE       =   ----    ----
   DATA SIZE        =   ----    ----
   IDATA SIZE       =   ----    ----
   BIT SIZE         =   ----    ----
END OF MODULE INFORMATION.


C51 COMPILATION COMPLETE.  0 WARNING(S),  0 ERROR(S)
